Archive member included to satisfy reference by file (symbol)

C:/ST/STM32CubeIDE_1.14.1/STM32CubeIDE/plugins/com.st.stm32cube.ide.mcu.externaltools.gnu-tools-for-stm32.11.3.rel1.win32_1.1.100.202309141235/tools/bin/../lib/gcc/arm-none-eabi/11.3.1/../../../../arm-none-eabi/lib/thumb/v7e-m+fp/hard\libc_nano.a(libc_a-exit.o)
                              C:/ST/STM32CubeIDE_1.14.1/STM32CubeIDE/plugins/com.st.stm32cube.ide.mcu.externaltools.gnu-tools-for-stm32.11.3.rel1.win32_1.1.100.202309141235/tools/bin/../lib/gcc/arm-none-eabi/11.3.1/../../../../arm-none-eabi/lib/thumb/v7e-m+fp/hard/crt0.o (exit)
C:/ST/STM32CubeIDE_1.14.1/STM32CubeIDE/plugins/com.st.stm32cube.ide.mcu.externaltools.gnu-tools-for-stm32.11.3.rel1.win32_1.1.100.202309141235/tools/bin/../lib/gcc/arm-none-eabi/11.3.1/../../../../arm-none-eabi/lib/thumb/v7e-m+fp/hard\libc_nano.a(libc_a-findfp.o)
                              C:/ST/STM32CubeIDE_1.14.1/STM32CubeIDE/plugins/com.st.stm32cube.ide.mcu.externaltools.gnu-tools-for-stm32.11.3.rel1.win32_1.1.100.202309141235/tools/bin/../lib/gcc/arm-none-eabi/11.3.1/../../../../arm-none-eabi/lib/thumb/v7e-m+fp/hard\libc_nano.a(libc_a-exit.o) (__stdio_exit_handler)
C:/ST/STM32CubeIDE_1.14.1/STM32CubeIDE/plugins/com.st.stm32cube.ide.mcu.externaltools.gnu-tools-for-stm32.11.3.rel1.win32_1.1.100.202309141235/tools/bin/../lib/gcc/arm-none-eabi/11.3.1/../../../../arm-none-eabi/lib/thumb/v7e-m+fp/hard\libc_nano.a(libc_a-fwalk.o)
                              C:/ST/STM32CubeIDE_1.14.1/STM32CubeIDE/plugins/com.st.stm32cube.ide.mcu.externaltools.gnu-tools-for-stm32.11.3.rel1.win32_1.1.100.202309141235/tools/bin/../lib/gcc/arm-none-eabi/11.3.1/../../../../arm-none-eabi/lib/thumb/v7e-m+fp/hard\libc_nano.a(libc_a-findfp.o) (_fwalk_sglue)
C:/ST/STM32CubeIDE_1.14.1/STM32CubeIDE/plugins/com.st.stm32cube.ide.mcu.externaltools.gnu-tools-for-stm32.11.3.rel1.win32_1.1.100.202309141235/tools/bin/../lib/gcc/arm-none-eabi/11.3.1/../../../../arm-none-eabi/lib/thumb/v7e-m+fp/hard\libc_nano.a(libc_a-printf.o)
                              ./Application/User/Core/main.o (printf)
C:/ST/STM32CubeIDE_1.14.1/STM32CubeIDE/plugins/com.st.stm32cube.ide.mcu.externaltools.gnu-tools-for-stm32.11.3.rel1.win32_1.1.100.202309141235/tools/bin/../lib/gcc/arm-none-eabi/11.3.1/../../../../arm-none-eabi/lib/thumb/v7e-m+fp/hard\libc_nano.a(libc_a-puts.o)
                              ./Application/User/Core/main.o (puts)
C:/ST/STM32CubeIDE_1.14.1/STM32CubeIDE/plugins/com.st.stm32cube.ide.mcu.externaltools.gnu-tools-for-stm32.11.3.rel1.win32_1.1.100.202309141235/tools/bin/../lib/gcc/arm-none-eabi/11.3.1/../../../../arm-none-eabi/lib/thumb/v7e-m+fp/hard\libc_nano.a(libc_a-stdio.o)
                              C:/ST/STM32CubeIDE_1.14.1/STM32CubeIDE/plugins/com.st.stm32cube.ide.mcu.externaltools.gnu-tools-for-stm32.11.3.rel1.win32_1.1.100.202309141235/tools/bin/../lib/gcc/arm-none-eabi/11.3.1/../../../../arm-none-eabi/lib/thumb/v7e-m+fp/hard\libc_nano.a(libc_a-findfp.o) (__sread)
C:/ST/STM32CubeIDE_1.14.1/STM32CubeIDE/plugins/com.st.stm32cube.ide.mcu.externaltools.gnu-tools-for-stm32.11.3.rel1.win32_1.1.100.202309141235/tools/bin/../lib/gcc/arm-none-eabi/11.3.1/../../../../arm-none-eabi/lib/thumb/v7e-m+fp/hard\libc_nano.a(libc_a-wbuf.o)
                              C:/ST/STM32CubeIDE_1.14.1/STM32CubeIDE/plugins/com.st.stm32cube.ide.mcu.externaltools.gnu-tools-for-stm32.11.3.rel1.win32_1.1.100.202309141235/tools/bin/../lib/gcc/arm-none-eabi/11.3.1/../../../../arm-none-eabi/lib/thumb/v7e-m+fp/hard\libc_nano.a(libc_a-puts.o) (__swbuf_r)
C:/ST/STM32CubeIDE_1.14.1/STM32CubeIDE/plugins/com.st.stm32cube.ide.mcu.externaltools.gnu-tools-for-stm32.11.3.rel1.win32_1.1.100.202309141235/tools/bin/../lib/gcc/arm-none-eabi/11.3.1/../../../../arm-none-eabi/lib/thumb/v7e-m+fp/hard\libc_nano.a(libc_a-wsetup.o)
                              C:/ST/STM32CubeIDE_1.14.1/STM32CubeIDE/plugins/com.st.stm32cube.ide.mcu.externaltools.gnu-tools-for-stm32.11.3.rel1.win32_1.1.100.202309141235/tools/bin/../lib/gcc/arm-none-eabi/11.3.1/../../../../arm-none-eabi/lib/thumb/v7e-m+fp/hard\libc_nano.a(libc_a-puts.o) (__swsetup_r)
C:/ST/STM32CubeIDE_1.14.1/STM32CubeIDE/plugins/com.st.stm32cube.ide.mcu.externaltools.gnu-tools-for-stm32.11.3.rel1.win32_1.1.100.202309141235/tools/bin/../lib/gcc/arm-none-eabi/11.3.1/../../../../arm-none-eabi/lib/thumb/v7e-m+fp/hard\libc_nano.a(libc_a-memset.o)
                              C:/ST/STM32CubeIDE_1.14.1/STM32CubeIDE/plugins/com.st.stm32cube.ide.mcu.externaltools.gnu-tools-for-stm32.11.3.rel1.win32_1.1.100.202309141235/tools/bin/../lib/gcc/arm-none-eabi/11.3.1/../../../../arm-none-eabi/lib/thumb/v7e-m+fp/hard/crt0.o (memset)
C:/ST/STM32CubeIDE_1.14.1/STM32CubeIDE/plugins/com.st.stm32cube.ide.mcu.externaltools.gnu-tools-for-stm32.11.3.rel1.win32_1.1.100.202309141235/tools/bin/../lib/gcc/arm-none-eabi/11.3.1/../../../../arm-none-eabi/lib/thumb/v7e-m+fp/hard\libc_nano.a(libc_a-closer.o)
[...]
Memory Configuration

Name             Origin             Length             Attributes
CCMRAM           0x0000000010000000 0x0000000000010000 xrw
RAM              0x0000000020000000 0x0000000000020000 xrw
FLASH            0x0000000008000000 0x0000000000100000 xr
*default*        0x0000000000000000 0xffffffffffffffff

Linker script and memory map

LOAD C:/ST/STM32CubeIDE_1.14.1/STM32CubeIDE/plugins/com.st.stm32cube.ide.mcu.externaltools.gnu-tools-for-stm32.11.3.rel1.win32_1.1.100.202309141235/tools/bin/../lib/gcc/arm-none-eabi/11.3.1/thumb/v7e-m+fp/hard/crti.o
LOAD C:/ST/STM32CubeIDE_1.14.1/STM32CubeIDE/plugins/com.st.stm32cube.ide.mcu.externaltools.gnu-tools-for-stm32.11.3.rel1.win32_1.1.100.202309141235/tools/bin/../lib/gcc/arm-none-eabi/11.3.1/thumb/v7e-m+fp/hard/crtbegin.o
LOAD C:/ST/STM32CubeIDE_1.14.1/STM32CubeIDE/plugins/com.st.stm32cube.ide.mcu.externaltools.gnu-tools-for-stm32.11.3.rel1.win32_1.1.100.202309141235/tools/bin/../lib/gcc/arm-none-eabi/11.3.1/../../../../arm-none-eabi/lib/thumb/v7e-m+fp/hard/crt0.o
LOAD ./Application/User/Core/delay.o
LOAD ./Application/User/Core/gpio.o
LOAD ./Application/User/Core/main.o
LOAD ./Application/User/Core/rtc.o
LOAD ./Application/User/Core/stm32f4xx_hal_msp.o
LOAD ./Application/User/Core/stm32f4xx_it.o
LOAD ./Application/User/Core/syscalls.o
LOAD ./Application/User/Core/sysmem.o
LOAD ./Application/User/Core/tim.o
LOAD ./Application/User/Core/usart.o
LOAD ./Application/User/Core/wit_c_sdk.o
LOAD ./Application/User/Startup/startup_stm32f407vgtx.o
LOAD ./Drivers/CMSIS/system_stm32f4xx.o
LOAD ./Drivers/STM32F4xx_HAL_Driver/stm32f4xx_hal.o
LOAD ./Drivers/STM32F4xx_HAL_Driver/stm32f4xx_hal_cortex.o
LOAD ./Drivers/STM32F4xx_HAL_Driver/stm32f4xx_hal_dma.o
LOAD ./Drivers/STM32F4xx_HAL_Driver/stm32f4xx_hal_dma_ex.o
LOAD ./Drivers/STM32F4xx_HAL_Driver/stm32f4xx_hal_exti.o
LOAD ./Drivers/STM32F4xx_HAL_Driver/stm32f4xx_hal_flash.o
LOAD ./Drivers/STM32F4xx_HAL_Driver/stm32f4xx_hal_flash_ex.o
LOAD ./Drivers/STM32F4xx_HAL_Driver/stm32f4xx_hal_flash_ramfunc.o
LOAD ./Drivers/STM32F4xx_HAL_Driver/stm32f4xx_hal_gpio.o
LOAD ./Drivers/STM32F4xx_HAL_Driver/stm32f4xx_hal_pwr.o
LOAD ./Drivers/STM32F4xx_HAL_Driver/stm32f4xx_hal_pwr_ex.o
LOAD ./Drivers/STM32F4xx_HAL_Driver/stm32f4xx_hal_rcc.o
LOAD ./Drivers/STM32F4xx_HAL_Driver/stm32f4xx_hal_rcc_ex.o
LOAD ./Drivers/STM32F4xx_HAL_Driver/stm32f4xx_hal_rtc.o
LOAD ./Drivers/STM32F4xx_HAL_Driver/stm32f4xx_hal_rtc_ex.o
LOAD ./Drivers/STM32F4xx_HAL_Driver/stm32f4xx_hal_tim.o
LOAD ./Drivers/STM32F4xx_HAL_Driver/stm32f4xx_hal_tim_ex.o
LOAD ./Drivers/STM32F4xx_HAL_Driver/stm32f4xx_hal_uart.o
START GROUP
LOAD C:/ST/STM32CubeIDE_1.14.1/STM32CubeIDE/plugins/com.st.stm32cube.ide.mcu.externaltools.gnu-tools-for-stm32.11.3.rel1.win32_1.1.100.202309141235/tools/bin/../lib/gcc/arm-none-eabi/11.3.1/../../../../arm-none-eabi/lib/thumb/v7e-m+fp/hard\libc_nano.a
LOAD C:/ST/STM32CubeIDE_1.14.1/STM32CubeIDE/plugins/com.st.stm32cube.ide.mcu.externaltools.gnu-tools-for-stm32.11.3.rel1.win32_1.1.100.202309141235/tools/bin/../lib/gcc/arm-none-eabi/11.3.1/../../../../arm-none-eabi/lib/thumb/v7e-m+fp/hard\libm.a
END GROUP
START GROUP
LOAD C:/ST/STM32CubeIDE_1.14.1/STM32CubeIDE/plugins/com.st.stm32cube.ide.mcu.externaltools.gnu-tools-for-stm32.11.3.rel1.win32_1.1.100.202309141235/tools/bin/../lib/gcc/arm-none-eabi/11.3.1/thumb/v7e-m+fp/hard\libgcc.a
LOAD C:/ST/STM32CubeIDE_1.14.1/STM32CubeIDE/plugins/com.st.stm32cube.ide.mcu.externaltools.gnu-tools-for-stm32.11.3.rel1.win32_1.1.100.202309141235/tools/bin/../lib/gcc/arm-none-eabi/11.3.1/../../../../arm-none-eabi/lib/thumb/v7e-m+fp/hard\libc_nano.a
END GROUP
START GROUP
LOAD C:/ST/STM32CubeIDE_1.14.1/STM32CubeIDE/plugins/com.st.stm32cube.ide.mcu.externaltools.gnu-tools-for-stm32.11.3.rel1.win32_1.1.100.202309141235/tools/bin/../lib/gcc/arm-none-eabi/11.3.1/thumb/v7e-m+fp/hard\libgcc.a
LOAD C:/ST/STM32CubeIDE_1.14.1/STM32CubeIDE/plugins/com.st.stm32cube.ide.mcu.externaltools.gnu-tools-for-stm32.11.3.rel1.win32_1.1.100.202309141235/tools/bin/../lib/gcc/arm-none-eabi/11.3.1/../../../../arm-none-eabi/lib/thumb/v7e-m+fp/hard\libc_nano.a
LOAD C:/ST/STM32CubeIDE_1.14.1/STM32CubeIDE/plugins/com.st.stm32cube.ide.mcu.externaltools.gnu-tools-for-stm32.11.3.rel1.win32_1.1.100.202309141235/tools/bin/../lib/gcc/arm-none-eabi/11.3.1/../../../../arm-none-eabi/lib/thumb/v7e-m+fp/hard\libnosys.a
END GROUP
START GROUP
LOAD C:/ST/STM32CubeIDE_1.14.1/STM32CubeIDE/plugins/com.st.stm32cube.ide.mcu.externaltools.gnu-tools-for-stm32.11.3.rel1.win32_1.1.100.202309141235/tools/bin/../lib/gcc/arm-none-eabi/11.3.1/thumb/v7e-m+fp/hard\libgcc.a
LOAD C:/ST/STM32CubeIDE_1.14.1/STM32CubeIDE/plugins/com.st.stm32cube.ide.mcu.externaltools.gnu-tools-for-stm32.11.3.rel1.win32_1.1.100.202309141235/tools/bin/../lib/gcc/arm-none-eabi/11.3.1/../../../../arm-none-eabi/lib/thumb/v7e-m+fp/hard\libc_nano.a
LOAD C:/ST/STM32CubeIDE_1.14.1/STM32CubeIDE/plugins/com.st.stm32cube.ide.mcu.externaltools.gnu-tools-for-stm32.11.3.rel1.win32_1.1.100.202309141235/tools/bin/../lib/gcc/arm-none-eabi/11.3.1/../../../../arm-none-eabi/lib/thumb/v7e-m+fp/hard\libnosys.a
END GROUP
LOAD C:/ST/STM32CubeIDE_1.14.1/STM32CubeIDE/plugins/com.st.stm32cube.ide.mcu.externaltools.gnu-tools-for-stm32.11.3.rel1.win32_1.1.100.202309141235/tools/bin/../lib/gcc/arm-none-eabi/11.3.1/thumb/v7e-m+fp/hard/crtend.o
LOAD C:/ST/STM32CubeIDE_1.14.1/STM32CubeIDE/plugins/com.st.stm32cube.ide.mcu.externaltools.gnu-tools-for-stm32.11.3.rel1.win32_1.1.100.202309141235/tools/bin/../lib/gcc/arm-none-eabi/11.3.1/thumb/v7e-m+fp/hard/crtn.o
                0x0000000020020000                _estack = (ORIGIN (RAM) + LENGTH (RAM))
                0x0000000000002000                _Min_Heap_Size = 0x2000
                0x0000000000004000                _Min_Stack_Size = 0x4000

.isr_vector     0x0000000008000000      0x188
                0x0000000008000000                . = ALIGN (0x4)
 *(.isr_vector)
 .isr_vector    0x0000000008000000      0x188 ./Application/User/Startup/startup_stm32f407vgtx.o
                0x0000000008000000                g_pfnVectors
                0x0000000008000188                . = ALIGN (0x4)

.text           0x0000000008000190     0x5938
                0x0000000008000190                . = ALIGN (0x4)
 *(.text)
 .text          0x0000000008000190       0x40 C:/ST/STM32CubeIDE_1.14.1/STM32CubeIDE/plugins/com.st.stm32cube.ide.mcu.externaltools.gnu-tools-for-stm32.11.3.rel1.win32_1.1.100.202309141235/tools/bin/../lib/gcc/arm-none-eabi/11.3.1/thumb/v7e-m+fp/hard/crtbegin.o
 .text          0x00000000080001d0       0xa0 C:/ST/STM32CubeIDE_1.14.1/STM32CubeIDE/plugins/com.st.stm32cube.ide.mcu.externaltools.gnu-tools-for-stm32.11.3.rel1.win32_1.1.100.202309141235/tools/bin/../lib/gcc/arm-none-eabi/11.3.1/../../../../arm-none-eabi/lib/thumb/v7e-m+fp/hard\libc_nano.a(libc_a-memchr.o)
                0x00000000080001d0                memchr
 .text          0x0000000008000270       0x30 C:/ST/STM32CubeIDE_1.14.1/STM32CubeIDE/plugins/com.st.stm32cube.ide.mcu.externaltools.gnu-tools-for-stm32.11.3.rel1.win32_1.1.100.202309141235/tools/bin/../lib/gcc/arm-none-eabi/11.3.1/thumb/v7e-m+fp/hard\libgcc.a(_aeabi_uldivmod.o)
                0x0000000008000270                __aeabi_uldivmod
 .text          0x00000000080002a0      0x2c8 C:/ST/STM32CubeIDE_1.14.1/STM32CubeIDE/plugins/com.st.stm32cube.ide.mcu.externaltools.gnu-tools-for-stm32.11.3.rel1.win32_1.1.100.202309141235/tools/bin/../lib/gcc/arm-none-eabi/11.3.1/thumb/v7e-m+fp/hard\libgcc.a(_udivmoddi4.o)
                0x00000000080002a0                __udivmoddi4
 .text          0x0000000008000568        0x4 C:/ST/STM32CubeIDE_1.14.1/STM32CubeIDE/plugins/com.st.stm32cube.ide.mcu.externaltools.gnu-tools-for-stm32.11.3.rel1.win32_1.1.100.202309141235/tools/bin/../lib/gcc/arm-none-eabi/11.3.1/thumb/v7e-m+fp/hard\libgcc.a(_dvmd_tls.o)
                0x0000000008000568                __aeabi_idiv0
                0x0000000008000568                __aeabi_ldiv0
 *(.text*)
 .text.SysTick_Init
                0x000000000800056c       0x38 ./Application/User/Core/delay.o
                0x000000000800056c                SysTick_Init
 .text.MX_GPIO_Init
                0x00000000080005a4       0x6c ./Application/User/Core/gpio.o
                0x00000000080005a4                MX_GPIO_Init
 .text.delay_ms
                0x0000000008000610       0x34 ./Application/User/Core/main.o
                0x0000000008000610                delay_ms
 .text.main     0x0000000008000644       0x6c ./Application/User/Core/main.o
                0x0000000008000644                main
 .text.SystemClock_Config
                0x00000000080006b0       0xd8 ./Application/User/Core/main.o
                0x00000000080006b0                SystemClock_Config
 .text.CopeCmdData
                0x0000000008000788       0x94 ./Application/User/Core/main.o
                0x0000000008000788                CopeCmdData
 .text.ShowHelp
                0x000000000800081c       0x94 ./Application/User/Core/main.o
 .text.SensorUartSend
                0x00000000080008b0       0x1a ./Application/User/Core/main.o
 .text.Delayms  0x00000000080008ca       0x1a ./Application/User/Core/main.o
 .text.SensorDataUpdata
                0x00000000080008e4       0xc4 ./Application/User/Core/main.o
 .text.AutoScanSensor
                0x00000000080009a8       0x90 ./Application/User/Core/main.o
 .text.SysTick_Handler
                0x0000000008000a38       0x1c ./Application/User/Core/main.o
                0x0000000008000a38                SysTick_Handler
 .text.Error_Handler
                0x0000000008000a54        0xa ./Application/User/Core/main.o
                0x0000000008000a54                Error_Handler
 *fill*         0x0000000008000a5e        0x2 
 .text.MX_RTC_Init
                0x0000000008000a60      0x12c ./Application/User/Core/rtc.o
                0x0000000008000a60                MX_RTC_Init
 .text.HAL_RTC_MspInit
                0x0000000008000b8c       0x64 ./Application/User/Core/rtc.o
                0x0000000008000b8c                HAL_RTC_MspInit
 .text.HAL_MspInit
                0x0000000008000bf0       0x50 ./Application/User/Core/stm32f4xx_hal_msp.o
                0x0000000008000bf0                HAL_MspInit
 .text.NMI_Handler
                0x0000000008000c40        0x6 ./Application/User/Core/stm32f4xx_it.o
                0x0000000008000c40                NMI_Handler
 .text.HardFault_Handler
                0x0000000008000c46        0x6 ./Application/User/Core/stm32f4xx_it.o
                0x0000000008000c46                HardFault_Handler
 .text.MemManage_Handler
                0x0000000008000c4c        0x6 ./Application/User/Core/stm32f4xx_it.o
                0x0000000008000c4c                MemManage_Handler
 .text.BusFault_Handler
                0x0000000008000c52        0x6 ./Application/User/Core/stm32f4xx_it.o
                0x0000000008000c52                BusFault_Handler
 .text.UsageFault_Handler
                0x0000000008000c58        0x6 ./Application/User/Core/stm32f4xx_it.o
                0x0000000008000c58                UsageFault_Handler
 .text.SVC_Handler
                0x0000000008000c5e        0xe ./Application/User/Core/stm32f4xx_it.o
                0x0000000008000c5e                SVC_Handler
 .text.DebugMon_Handler
                0x0000000008000c6c        0xe ./Application/User/Core/stm32f4xx_it.o
                0x0000000008000c6c                DebugMon_Handler
 .text.PendSV_Handler
                0x0000000008000c7a        0xe ./Application/User/Core/stm32f4xx_it.o
                0x0000000008000c7a                PendSV_Handler
 .text.TIM1_BRK_TIM9_IRQHandler
                0x0000000008000c88       0x14 ./Application/User/Core/stm32f4xx_it.o
                0x0000000008000c88                TIM1_BRK_TIM9_IRQHandler
 .text.USART3_IRQHandler
                0x0000000008000c9c       0x14 ./Application/User/Core/stm32f4xx_it.o
                0x0000000008000c9c                USART3_IRQHandler
 .text.RTC_Alarm_IRQHandler
                0x0000000008000cb0       0x14 ./Application/User/Core/stm32f4xx_it.o
                0x0000000008000cb0                RTC_Alarm_IRQHandler
 .text._read    0x0000000008000cc4       0x3a ./Application/User/Core/syscalls.o
                0x0000000008000cc4                _read
 .text._write   0x0000000008000cfe       0x38 ./Application/User/Core/syscalls.o
                0x0000000008000cfe                _write
 .text._close   0x0000000008000d36       0x18 ./Application/User/Core/syscalls.o
                0x0000000008000d36                _close
 .text._fstat   0x0000000008000d4e       0x20 ./Application/User/Core/syscalls.o
                0x0000000008000d4e                _fstat
 .text._isatty  0x0000000008000d6e       0x16 ./Application/User/Core/syscalls.o
                0x0000000008000d6e                _isatty
 .text._lseek   0x0000000008000d84       0x1a ./Application/User/Core/syscalls.o
                0x0000000008000d84                _lseek
 *fill*         0x0000000008000d9e        0x2 
 .text._sbrk    0x0000000008000da0       0x6c ./Application/User/Core/sysmem.o
                0x0000000008000da0                _sbrk
 .text.MX_TIM2_Init
                0x0000000008000e0c       0x9c ./Application/User/Core/tim.o
                0x0000000008000e0c                MX_TIM2_Init
 .text.MX_TIM9_Init
                0x0000000008000ea8       0x74 ./Application/User/Core/tim.o
                0x0000000008000ea8                MX_TIM9_Init
 .text.HAL_TIM_Base_MspInit
                0x0000000008000f1c       0x78 ./Application/User/Core/tim.o
                0x0000000008000f1c                HAL_TIM_Base_MspInit
 .text.Usart1Init
                0x0000000008000f94       0x58 ./Application/User/Core/usart.o
                0x0000000008000f94                Usart1Init
 .text.Usart၂Init
                0x0000000008000fec       0x58 ./Application/User/Core/usart.o
                0x0000000008000fec                Usart၂Init
 .text.MX_USART3_UART_Init
                0x0000000008001044       0x54 ./Application/User/Core/usart.o
                0x0000000008001044                MX_USART3_UART_Init
 .text.HAL_UART_MspInit
                0x0000000008001098      0x198 ./Application/User/Core/usart.o
                0x0000000008001098                HAL_UART_MspInit
 .text.USART_ReceiveData
                0x0000000008001230       0x20 ./Application/User/Core/usart.o
                0x0000000008001230                USART_ReceiveData
 .text.USART1_IRQHandler
                0x0000000008001250       0x60 ./Application/User/Core/usart.o
                0x0000000008001250                USART1_IRQHandler
 .text.USART_SendData
                0x00000000080012b0       0x22 ./Application/User/Core/usart.o
                0x00000000080012b0                USART_SendData
 *fill*         0x00000000080012d2        0x2 
 .text.USART2_IRQHandler
                0x00000000080012d4       0x4c ./Application/User/Core/usart.o
                0x00000000080012d4                USART2_IRQHandler
 .text.Uart2Send
                0x0000000008001320       0x64 ./Application/User/Core/usart.o
                0x0000000008001320                Uart2Send
 .text.__CRC16  0x0000000008001384       0x78 ./Application/User/Core/wit_c_sdk.o
 .text.__CaliSum
                0x00000000080013fc       0x3e ./Application/User/Core/wit_c_sdk.o
 *fill*         0x000000000800143a        0x2 
 .text.WitSerialWriteRegister
                0x000000000800143c       0x2c ./Application/User/Core/wit_c_sdk.o
                0x000000000800143c                WitSerialWriteRegister
 .text.WitSerialDataIn
                0x0000000008001468      0x260 ./Application/User/Core/wit_c_sdk.o
                0x0000000008001468                WitSerialDataIn
 .text.WitRegisterCallBack
                0x00000000080016c8       0x2c ./Application/User/Core/wit_c_sdk.o
                0x00000000080016c8                WitRegisterCallBack
 .text.WitReadReg
                0x00000000080016f4      0x210 ./Application/User/Core/wit_c_sdk.o
                0x00000000080016f4                WitReadReg
 .text.WitInit  0x0000000008001904       0x44 ./Application/User/Core/wit_c_sdk.o
                0x0000000008001904                WitInit
 .text.WitDelayMsRegister
                0x0000000008001948       0x2c ./Application/User/Core/wit_c_sdk.o
                0x0000000008001948                WitDelayMsRegister
 .text.Reset_Handler
                0x0000000008001974       0x50 ./Application/User/Startup/startup_stm32f407vgtx.o
                0x0000000008001974                Reset_Handler
 .text.Default_Handler
                0x00000000080019c4        0x2 ./Application/User/Startup/startup_stm32f407vgtx.o
                0x00000000080019c4                HASH_RNG_IRQHandler
                0x00000000080019c4                EXTI2_IRQHandler
                0x00000000080019c4                TIM8_CC_IRQHandler
                0x00000000080019c4                TIM1_CC_IRQHandler
                0x00000000080019c4                DMA2_Stream5_IRQHandler
                0x00000000080019c4                DMA1_Stream5_IRQHandler
                0x00000000080019c4                PVD_IRQHandler
                0x00000000080019c4                SDIO_IRQHandler
                0x00000000080019c4                TAMP_STAMP_IRQHandler
                0x00000000080019c4                CAN2_RX1_IRQHandler
                0x00000000080019c4                EXTI3_IRQHandler
                0x00000000080019c4                TIM8_TRG_COM_TIM14_IRQHandler
                0x00000000080019c4                TIM1_UP_TIM10_IRQHandler
                0x00000000080019c4                TIM8_UP_TIM13_IRQHandler
                0x00000000080019c4                I2C3_ER_IRQHandler
                0x00000000080019c4                EXTI0_IRQHandler
                0x00000000080019c4                I2C2_EV_IRQHandler
                0x00000000080019c4                DMA1_Stream2_IRQHandler
                0x00000000080019c4                CAN1_RX0_IRQHandler
                0x00000000080019c4                FPU_IRQHandler
                0x00000000080019c4                OTG_HS_WKUP_IRQHandler
                0x00000000080019c4                CAN2_SCE_IRQHandler
                0x00000000080019c4                DMA2_Stream2_IRQHandler
                0x00000000080019c4                SPI1_IRQHandler
                0x00000000080019c4                TIM6_DAC_IRQHandler
                0x00000000080019c4                DCMI_IRQHandler
                0x00000000080019c4                CAN2_RX0_IRQHandler
                0x00000000080019c4                DMA2_Stream3_IRQHandler
                0x00000000080019c4                USART6_IRQHandler
                0x00000000080019c4                CAN1_RX1_IRQHandler
                0x00000000080019c4                UART5_IRQHandler
                0x00000000080019c4                DMA2_Stream0_IRQHandler
                0x00000000080019c4                TIM4_IRQHandler
                0x00000000080019c4                I2C1_EV_IRQHandler
                0x00000000080019c4                DMA1_Stream6_IRQHandler
                0x00000000080019c4                DMA1_Stream1_IRQHandler
                0x00000000080019c4                UART4_IRQHandler
                0x00000000080019c4                TIM3_IRQHandler
                0x00000000080019c4                RCC_IRQHandler
                0x00000000080019c4                TIM8_BRK_TIM12_IRQHandler
                0x00000000080019c4                Default_Handler
                0x00000000080019c4                EXTI15_10_IRQHandler
                0x00000000080019c4                ADC_IRQHandler
                0x00000000080019c4                DMA1_Stream7_IRQHandler
                0x00000000080019c4                TIM7_IRQHandler
                0x00000000080019c4                CAN2_TX_IRQHandler
                0x00000000080019c4                TIM5_IRQHandler
                0x00000000080019c4                DMA2_Stream7_IRQHandler
                0x00000000080019c4                I2C3_EV_IRQHandler
                0x00000000080019c4                EXTI9_5_IRQHandler
                0x00000000080019c4                RTC_WKUP_IRQHandler
                0x00000000080019c4                ETH_WKUP_IRQHandler
                0x00000000080019c4                SPI2_IRQHandler
                0x00000000080019c4                OTG_HS_EP1_IN_IRQHandler
                0x00000000080019c4                DMA1_Stream0_IRQHandler
                0x00000000080019c4                CAN1_TX_IRQHandler
                0x00000000080019c4                EXTI4_IRQHandler
                0x00000000080019c4                FSMC_IRQHandler
                0x00000000080019c4                ETH_IRQHandler
                0x00000000080019c4                OTG_HS_EP1_OUT_IRQHandler
                0x00000000080019c4                WWDG_IRQHandler
                0x00000000080019c4                TIM2_IRQHandler
                0x00000000080019c4                OTG_FS_WKUP_IRQHandler
                0x00000000080019c4                TIM1_TRG_COM_TIM11_IRQHandler
                0x00000000080019c4                OTG_HS_IRQHandler
                0x00000000080019c4                EXTI1_IRQHandler
                0x00000000080019c4                I2C2_ER_IRQHandler
                0x00000000080019c4                DMA2_Stream1_IRQHandler
                0x00000000080019c4                CAN1_SCE_IRQHandler
                0x00000000080019c4                FLASH_IRQHandler
                0x00000000080019c4                DMA2_Stream4_IRQHandler
                0x00000000080019c4                OTG_FS_IRQHandler
                0x00000000080019c4                SPI3_IRQHandler
                0x00000000080019c4                DMA1_Stream4_IRQHandler
                0x00000000080019c4                I2C1_ER_IRQHandler
                0x00000000080019c4                DMA2_Stream6_IRQHandler
                0x00000000080019c4                DMA1_Stream3_IRQHandler
 *fill*         0x00000000080019c6        0x2 
 .text.SystemInit
                0x00000000080019c8       0x24 ./Drivers/CMSIS/system_stm32f4xx.o
                0x00000000080019c8                SystemInit
 .text.HAL_Init
                0x00000000080019ec       0x44 ./Drivers/STM32F4xx_HAL_Driver/stm32f4xx_hal.o
                0x00000000080019ec                HAL_Init
 .text.HAL_InitTick
                0x0000000008001a30       0x60 ./Drivers/STM32F4xx_HAL_Driver/stm32f4xx_hal.o
                0x0000000008001a30                HAL_InitTick
 .text.HAL_GetTick
                0x0000000008001a90       0x18 ./Drivers/STM32F4xx_HAL_Driver/stm32f4xx_hal.o
                0x0000000008001a90                HAL_GetTick
 .text.__NVIC_SetPriorityGrouping
                0x0000000008001aa8       0x48 ./Drivers/STM32F4xx_HAL_Driver/stm32f4xx_hal_cortex.o
 .text.__NVIC_GetPriorityGrouping
                0x0000000008001af0       0x1c ./Drivers/STM32F4xx_HAL_Driver/stm32f4xx_hal_cortex.o
 .text.__NVIC_EnableIRQ
                0x0000000008001b0c       0x3c ./Drivers/STM32F4xx_HAL_Driver/stm32f4xx_hal_cortex.o
 .text.__NVIC_SetPriority
                0x0000000008001b48       0x54 ./Drivers/STM32F4xx_HAL_Driver/stm32f4xx_hal_cortex.o
 .text.NVIC_EncodePriority
                0x0000000008001b9c       0x66 ./Drivers/STM32F4xx_HAL_Driver/stm32f4xx_hal_cortex.o
 *fill*         0x0000000008001c02        0x2 
 .text.SysTick_Config
                0x0000000008001c04       0x44 ./Drivers/STM32F4xx_HAL_Driver/stm32f4xx_hal_cortex.o
 .text.HAL_NVIC_SetPriorityGrouping
                0x0000000008001c48       0x16 ./Drivers/STM32F4xx_HAL_Driver/stm32f4xx_hal_cortex.o
                0x0000000008001c48                HAL_NVIC_SetPriorityGrouping
 .text.HAL_NVIC_SetPriority
                0x0000000008001c5e       0x38 ./Drivers/STM32F4xx_HAL_Driver/stm32f4xx_hal_cortex.o
                0x0000000008001c5e                HAL_NVIC_SetPriority
 .text.HAL_NVIC_EnableIRQ
                0x0000000008001c96       0x1c ./Drivers/STM32F4xx_HAL_Driver/stm32f4xx_hal_cortex.o
                0x0000000008001c96                HAL_NVIC_EnableIRQ
 .text.HAL_SYSTICK_Config
                0x0000000008001cb2       0x18 ./Drivers/STM32F4xx_HAL_Driver/stm32f4xx_hal_cortex.o
                0x0000000008001cb2                HAL_SYSTICK_Config
 .text.HAL_DMA_Abort
                0x0000000008001cca       0xe0 ./Drivers/STM32F4xx_HAL_Driver/stm32f4xx_hal_dma.o
                0x0000000008001cca                HAL_DMA_Abort
 .text.HAL_DMA_Abort_IT
                0x0000000008001daa       0x44 ./Drivers/STM32F4xx_HAL_Driver/stm32f4xx_hal_dma.o
                0x0000000008001daa                HAL_DMA_Abort_IT
 *fill*         0x0000000008001dee        0x2 
 .text.HAL_GPIO_Init
                0x0000000008001df0      0x338 ./Drivers/STM32F4xx_HAL_Driver/stm32f4xx_hal_gpio.o
                0x0000000008001df0                HAL_GPIO_Init
 .text.HAL_RCC_OscConfig
                0x0000000008002128      0x4f0 ./Drivers/STM32F4xx_HAL_Driver/stm32f4xx_hal_rcc.o
                0x0000000008002128                HAL_RCC_OscConfig
 .text.HAL_RCC_ClockConfig
                0x0000000008002618      0x1cc ./Drivers/STM32F4xx_HAL_Driver/stm32f4xx_hal_rcc.o
                0x0000000008002618                HAL_RCC_ClockConfig
 .text.HAL_RCC_GetSysClockFreq
                0x00000000080027e4      0x20c ./Drivers/STM32F4xx_HAL_Driver/stm32f4xx_hal_rcc.o
                0x00000000080027e4                HAL_RCC_GetSysClockFreq
 .text.HAL_RCC_GetHCLKFreq
                0x00000000080029f0       0x18 ./Drivers/STM32F4xx_HAL_Driver/stm32f4xx_hal_rcc.o
                0x00000000080029f0                HAL_RCC_GetHCLKFreq
 .text.HAL_RCC_GetPCLK1Freq
                0x0000000008002a08       0x28 ./Drivers/STM32F4xx_HAL_Driver/stm32f4xx_hal_rcc.o
                0x0000000008002a08                HAL_RCC_GetPCLK1Freq
 .text.HAL_RCC_GetPCLK2Freq
                0x0000000008002a30       0x28 ./Drivers/STM32F4xx_HAL_Driver/stm32f4xx_hal_rcc.o
                0x0000000008002a30                HAL_RCC_GetPCLK2Freq
 .text.HAL_RCCEx_PeriphCLKConfig
                0x0000000008002a58      0x1c4 ./Drivers/STM32F4xx_HAL_Driver/stm32f4xx_hal_rcc_ex.o
                0x0000000008002a58                HAL_RCCEx_PeriphCLKConfig
 .text.HAL_RTC_Init
                0x0000000008002c1c      0x106 ./Drivers/STM32F4xx_HAL_Driver/stm32f4xx_hal_rtc.o
                0x0000000008002c1c                HAL_RTC_Init
 .text.HAL_RTC_SetTime
                0x0000000008002d22      0x134 ./Drivers/STM32F4xx_HAL_Driver/stm32f4xx_hal_rtc.o
                0x0000000008002d22                HAL_RTC_SetTime
 .text.HAL_RTC_SetDate
                0x0000000008002e56      0x108 ./Drivers/STM32F4xx_HAL_Driver/stm32f4xx_hal_rtc.o
                0x0000000008002e56                HAL_RTC_SetDate
 *fill*         0x0000000008002f5e        0x2 
 .text.HAL_RTC_SetAlarm_IT
                0x0000000008002f60      0x288 ./Drivers/STM32F4xx_HAL_Driver/stm32f4xx_hal_rtc.o
                0x0000000008002f60                HAL_RTC_SetAlarm_IT
 .text.HAL_RTC_AlarmIRQHandler
                0x00000000080031e8       0x8c ./Drivers/STM32F4xx_HAL_Driver/stm32f4xx_hal_rtc.o
                0x00000000080031e8                HAL_RTC_AlarmIRQHandler
 .text.HAL_RTC_AlarmAEventCallback
                0x0000000008003274       0x14 ./Drivers/STM32F4xx_HAL_Driver/stm32f4xx_hal_rtc.o
                0x0000000008003274                HAL_RTC_AlarmAEventCallback
 .text.HAL_RTC_WaitForSynchro
                0x0000000008003288       0x4c ./Drivers/STM32F4xx_HAL_Driver/stm32f4xx_hal_rtc.o
                0x0000000008003288                HAL_RTC_WaitForSynchro
 .text.RTC_EnterInitMode
                0x00000000080032d4       0x6e ./Drivers/STM32F4xx_HAL_Driver/stm32f4xx_hal_rtc.o
                0x00000000080032d4                RTC_EnterInitMode
 .text.RTC_ExitInitMode
                0x0000000008003342       0x4a ./Drivers/STM32F4xx_HAL_Driver/stm32f4xx_hal_rtc.o
                0x0000000008003342                RTC_ExitInitMode
 .text.RTC_ByteToBcd2
                0x000000000800338c       0x3c ./Drivers/STM32F4xx_HAL_Driver/stm32f4xx_hal_rtc.o
                0x000000000800338c                RTC_ByteToBcd2
 .text.HAL_RTCEx_SetWakeUpTimer
                0x00000000080033c8      0x13a ./Drivers/STM32F4xx_HAL_Driver/stm32f4xx_hal_rtc_ex.o
                0x00000000080033c8                HAL_RTCEx_SetWakeUpTimer
 .text.HAL_RTCEx_AlarmBEventCallback
                0x0000000008003502       0x14 ./Drivers/STM32F4xx_HAL_Driver/stm32f4xx_hal_rtc_ex.o
                0x0000000008003502                HAL_RTCEx_AlarmBEventCallback
 .text.HAL_TIM_Base_Init
                0x0000000008003516       0x9e ./Drivers/STM32F4xx_HAL_Driver/stm32f4xx_hal_tim.o
                0x0000000008003516                HAL_TIM_Base_Init
 .text.HAL_TIM_IRQHandler
                0x00000000080035b4      0x1e0 ./Drivers/STM32F4xx_HAL_Driver/stm32f4xx_hal_tim.o
                0x00000000080035b4                HAL_TIM_IRQHandler
 .text.HAL_TIM_ConfigClockSource
                0x0000000008003794      0x18e ./Drivers/STM32F4xx_HAL_Driver/stm32f4xx_hal_tim.o
                0x0000000008003794                HAL_TIM_ConfigClockSource
 .text.HAL_TIM_PeriodElapsedCallback
                0x0000000008003922       0x14 ./Drivers/STM32F4xx_HAL_Driver/stm32f4xx_hal_tim.o
                0x0000000008003922                HAL_TIM_PeriodElapsedCallback
 .text.HAL_TIM_OC_DelayElapsedCallback
                0x0000000008003936       0x14 ./Drivers/STM32F4xx_HAL_Driver/stm32f4xx_hal_tim.o
                0x0000000008003936                HAL_TIM_OC_DelayElapsedCallback
 .text.HAL_TIM_IC_CaptureCallback
                0x000000000800394a       0x14 ./Drivers/STM32F4xx_HAL_Driver/stm32f4xx_hal_tim.o
                0x000000000800394a                HAL_TIM_IC_CaptureCallback
 .text.HAL_TIM_PWM_PulseFinishedCallback
                0x000000000800395e       0x14 ./Drivers/STM32F4xx_HAL_Driver/stm32f4xx_hal_tim.o
                0x000000000800395e                HAL_TIM_PWM_PulseFinishedCallback
 .text.HAL_TIM_TriggerCallback
                0x0000000008003972       0x14 ./Drivers/STM32F4xx_HAL_Driver/stm32f4xx_hal_tim.o
                0x0000000008003972                HAL_TIM_TriggerCallback
 *fill*         0x0000000008003986        0x2 
 .text.TIM_Base_SetConfig
                0x0000000008003988      0x158 ./Drivers/STM32F4xx_HAL_Driver/stm32f4xx_hal_tim.o
                0x0000000008003988                TIM_Base_SetConfig
 .text.TIM_TI1_ConfigInputStage
                0x0000000008003ae0       0x5e ./Drivers/STM32F4xx_HAL_Driver/stm32f4xx_hal_tim.o
 .text.TIM_TI2_ConfigInputStage
                0x0000000008003b3e       0x60 ./Drivers/STM32F4xx_HAL_Driver/stm32f4xx_hal_tim.o
 .text.TIM_ITRx_SetConfig
                0x0000000008003b9e       0x36 ./Drivers/STM32F4xx_HAL_Driver/stm32f4xx_hal_tim.o
 .text.TIM_ETR_SetConfig
                0x0000000008003bd4       0x40 ./Drivers/STM32F4xx_HAL_Driver/stm32f4xx_hal_tim.o
                0x0000000008003bd4                TIM_ETR_SetConfig
 .text.HAL_TIMEx_MasterConfigSynchronization
                0x0000000008003c14       0xf8 ./Drivers/STM32F4xx_HAL_Driver/stm32f4xx_hal_tim_ex.o
                0x0000000008003c14                HAL_TIMEx_MasterConfigSynchronization
 .text.HAL_TIMEx_CommutCallback
                0x0000000008003d0c       0x14 ./Drivers/STM32F4xx_HAL_Driver/stm32f4xx_hal_tim_ex.o
                0x0000000008003d0c                HAL_TIMEx_CommutCallback
 .text.HAL_TIMEx_BreakCallback
                0x0000000008003d20       0x14 ./Drivers/STM32F4xx_HAL_Driver/stm32f4xx_hal_tim_ex.o
                0x0000000008003d20                HAL_TIMEx_BreakCallback
 .text.HAL_UART_Init
                0x0000000008003d34       0xa0 ./Drivers/STM32F4xx_HAL_Driver/stm32f4xx_hal_uart.o
                0x0000000008003d34                HAL_UART_Init
 .text.HAL_UART_IRQHandler
                0x0000000008003dd4      0x524 ./Drivers/STM32F4xx_HAL_Driver/stm32f4xx_hal_uart.o
                0x0000000008003dd4                HAL_UART_IRQHandler
 .text.HAL_UART_TxCpltCallback
                0x00000000080042f8       0x14 ./Drivers/STM32F4xx_HAL_Driver/stm32f4xx_hal_uart.o
                0x00000000080042f8                HAL_UART_TxCpltCallback
 .text.HAL_UART_RxCpltCallback
                0x000000000800430c       0x14 ./Drivers/STM32F4xx_HAL_Driver/stm32f4xx_hal_uart.o
                0x000000000800430c                HAL_UART_RxCpltCallback
 .text.HAL_UART_ErrorCallback
                0x0000000008004320       0x14 ./Drivers/STM32F4xx_HAL_Driver/stm32f4xx_hal_uart.o
                0x0000000008004320                HAL_UART_ErrorCallback
 .text.HAL_UARTEx_RxEventCallback
                0x0000000008004334       0x18 ./Drivers/STM32F4xx_HAL_Driver/stm32f4xx_hal_uart.o
                0x0000000008004334                HAL_UARTEx_RxEventCallback
 .text.UART_EndRxTransfer
                0x000000000800434c       0xc6 ./Drivers/STM32F4xx_HAL_Driver/stm32f4xx_hal_uart.o
 .text.UART_DMAAbortOnError
                0x0000000008004412       0x28 ./Drivers/STM32F4xx_HAL_Driver/stm32f4xx_hal_uart.o
 .text.UART_Transmit_IT
                0x000000000800443a       0xa0 ./Drivers/STM32F4xx_HAL_Driver/stm32f4xx_hal_uart.o
 .text.UART_EndTransmit_IT
                0x00000000080044da       0x30 ./Drivers/STM32F4xx_HAL_Driver/stm32f4xx_hal_uart.o
 .text.UART_Receive_IT
                0x000000000800450a      0x17c ./Drivers/STM32F4xx_HAL_Driver/stm32f4xx_hal_uart.o
 *fill*         0x0000000008004686        0x2 
 .text.UART_SetConfig
                0x0000000008004688      0x4e8 ./Drivers/STM32F4xx_HAL_Driver/stm32f4xx_hal_uart.o
 .text.std      0x0000000008004b70       0x6c C:/ST/STM32CubeIDE_1.14.1/STM32CubeIDE/plugins/com.st.stm32cube.ide.mcu.externaltools.gnu-tools-for-stm32.11.3.rel1.win32_1.1.100.202309141235/tools/bin/../lib/gcc/arm-none-eabi/11.3.1/../../../../arm-none-eabi/lib/thumb/v7e-m+fp/hard\libc_nano.a(libc_a-findfp.o)
 .text.stdio_exit_handler
                0x0000000008004bdc       0x18 C:/ST/STM32CubeIDE_1.14.1/STM32CubeIDE/plugins/com.st.stm32cube.ide.mcu.externaltools.gnu-tools-for-stm32.11.3.rel1.win32_1.1.100.202309141235/tools/bin/../lib/gcc/arm-none-eabi/11.3.1/../../../../arm-none-eabi/lib/thumb/v7e-m+fp/hard\libc_nano.a(libc_a-findfp.o)
 .text.cleanup_stdio
                0x0000000008004bf4       0x40 C:/ST/STM32CubeIDE_1.14.1/STM32CubeIDE/plugins/com.st.stm32cube.ide.mcu.externaltools.gnu-tools-for-stm32.11.3.rel1.win32_1.1.100.202309141235/tools/bin/../lib/gcc/arm-none-eabi/11.3.1/../../../../arm-none-eabi/lib/thumb/v7e-m+fp/hard\libc_nano.a(libc_a-findfp.o)
 .text.global_stdio_init.part.0
                0x0000000008004c34       0x3c C:/ST/STM32CubeIDE_1.14.1/STM32CubeIDE/plugins/com.st.stm32cube.ide.mcu.externaltools.gnu-tools-for-stm32.11.3.rel1.win32_1.1.100.202309141235/tools/bin/../lib/gcc/arm-none-eabi/11.3.1/../../../../arm-none-eabi/lib/thumb/v7e-m+fp/hard\libc_nano.a(libc_a-findfp.o)
 .text.__sfp_lock_acquire
                0x0000000008004c70        0xc C:/ST/STM32CubeIDE_1.14.1/STM32CubeIDE/plugins/com.st.stm32cube.ide.mcu.externaltools.gnu-tools-for-stm32.11.3.rel1.win32_1.1.100.202309141235/tools/bin/../lib/gcc/arm-none-eabi/11.3.1/../../../../arm-none-eabi/lib/thumb/v7e-m+fp/hard\libc_nano.a(libc_a-findfp.o)
                0x0000000008004c70                __sfp_lock_acquire
 .text.__sfp_lock_release
                0x0000000008004c7c        0xc C:/ST/STM32CubeIDE_1.14.1/STM32CubeIDE/plugins/com.st.stm32cube.ide.mcu.externaltools.gnu-tools-for-stm32.11.3.rel1.win32_1.1.100.202309141235/tools/bin/../lib/gcc/arm-none-eabi/11.3.1/../../../../arm-none-eabi/lib/thumb/v7e-m+fp/hard\libc_nano.a(libc_a-findfp.o)
                0x0000000008004c7c                __sfp_lock_release
 .text.__sinit  0x0000000008004c88       0x30 C:/ST/STM32CubeIDE_1.14.1/STM32CubeIDE/plugins/com.st.stm32cube.ide.mcu.externaltools.gnu-tools-for-stm32.11.3.rel1.win32_1.1.100.202309141235/tools/bin/../lib/gcc/arm-none-eabi/11.3.1/../../../../arm-none-eabi/lib/thumb/v7e-m+fp/hard\libc_nano.a(libc_a-findfp.o)
                0x0000000008004c88                __sinit
 .text._fwalk_sglue
                0x0000000008004cb8       0x3c C:/ST/STM32CubeIDE_1.14.1/STM32CubeIDE/plugins/com.st.stm32cube.ide.mcu.externaltools.gnu-tools-for-stm32.11.3.rel1.win32_1.1.100.202309141235/tools/bin/../lib/gcc/arm-none-eabi/11.3.1/../../../../arm-none-eabi/lib/thumb/v7e-m+fp/hard\libc_nano.a(libc_a-fwalk.o)
                0x0000000008004cb8                _fwalk_sglue
 .text.printf   0x0000000008004cf4       0x24 C:/ST/STM32CubeIDE_1.14.1/STM32CubeIDE/plugins/com.st.stm32cube.ide.mcu.externaltools.gnu-tools-for-stm32.11.3.rel1.win32_1.1.100.202309141235/tools/bin/../lib/gcc/arm-none-eabi/11.3.1/../../../../arm-none-eabi/lib/thumb/v7e-m+fp/hard\libc_nano.a(libc_a-printf.o)
                0x0000000008004cf4                iprintf
                0x0000000008004cf4                printf
 .text._puts_r  0x0000000008004d18       0xa8 C:/ST/STM32CubeIDE_1.14.1/STM32CubeIDE/plugins/com.st.stm32cube.ide.mcu.externaltools.gnu-tools-for-stm32.11.3.rel1.win32_1.1.100.202309141235/tools/bin/../lib/gcc/arm-none-eabi/11.3.1/../../../../arm-none-eabi/lib/thumb/v7e-m+fp/hard\libc_nano.a(libc_a-puts.o)
                0x0000000008004d18                _puts_r
 .text.puts     0x0000000008004dc0       0x10 C:/ST/STM32CubeIDE_1.14.1/STM32CubeIDE/plugins/com.st.stm32cube.ide.mcu.externaltools.gnu-tools-for-stm32.11.3.rel1.win32_1.1.100.202309141235/tools/bin/../lib/gcc/arm-none-eabi/11.3.1/../../../../arm-none-eabi/lib/thumb/v7e-m+fp/hard\libc_nano.a(libc_a-puts.o)
                0x0000000008004dc0                puts
 .text.__sread  0x0000000008004dd0       0x22 C:/ST/STM32CubeIDE_1.14.1/STM32CubeIDE/plugins/com.st.stm32cube.ide.mcu.externaltools.gnu-tools-for-stm32.11.3.rel1.win32_1.1.100.202309141235/tools/bin/../lib/gcc/arm-none-eabi/11.3.1/../../../../arm-none-eabi/lib/thumb/v7e-m+fp/hard\libc_nano.a(libc_a-stdio.o)
                0x0000000008004dd0                __sread
 .text.__swrite
                0x0000000008004df2       0x38 C:/ST/STM32CubeIDE_1.14.1/STM32CubeIDE/plugins/com.st.stm32cube.ide.mcu.externaltools.gnu-tools-for-stm32.11.3.rel1.win32_1.1.100.202309141235/tools/bin/../lib/gcc/arm-none-eabi/11.3.1/../../../../arm-none-eabi/lib/thumb/v7e-m+fp/hard\libc_nano.a(libc_a-stdio.o)
                0x0000000008004df2                __swrite
 .text.__sseek  0x0000000008004e2a       0x24 C:/ST/STM32CubeIDE_1.14.1/STM32CubeIDE/plugins/com.st.stm32cube.ide.mcu.externaltools.gnu-tools-for-stm32.11.3.rel1.win32_1.1.100.202309141235/tools/bin/../lib/gcc/arm-none-eabi/11.3.1/../../../../arm-none-eabi/lib/thumb/v7e-m+fp/hard\libc_nano.a(libc_a-stdio.o)
                0x0000000008004e2a                __sseek
 .text.__sclose
                0x0000000008004e4e        0x8 C:/ST/STM32CubeIDE_1.14.1/STM32CubeIDE/plugins/com.st.stm32cube.ide.mcu.externaltools.gnu-tools-for-stm32.11.3.rel1.win32_1.1.100.202309141235/tools/bin/../lib/gcc/arm-none-eabi/11.3.1/../../../../arm-none-eabi/lib/thumb/v7e-m+fp/hard\libc_nano.a(libc_a-stdio.o)
                0x0000000008004e4e                __sclose
 .text.__swbuf_r
                0x0000000008004e56       0x7a C:/ST/STM32CubeIDE_1.14.1/STM32CubeIDE/plugins/com.st.stm32cube.ide.mcu.externaltools.gnu-tools-for-stm32.11.3.rel1.win32_1.1.100.202309141235/tools/bin/../lib/gcc/arm-none-eabi/11.3.1/../../../../arm-none-eabi/lib/thumb/v7e-m+fp/hard\libc_nano.a(libc_a-wbuf.o)
                0x0000000008004e56                __swbuf_r
 .text.__swsetup_r
                0x0000000008004ed0       0xb0 C:/ST/STM32CubeIDE_1.14.1/STM32CubeIDE/plugins/com.st.stm32cube.ide.mcu.externaltools.gnu-tools-for-stm32.11.3.rel1.win32_1.1.100.202309141235/tools/bin/../lib/gcc/arm-none-eabi/11.3.1/../../../../arm-none-eabi/lib/thumb/v7e-m+fp/hard\libc_nano.a(libc_a-wsetup.o)
                0x0000000008004ed0                __swsetup_r
 .text.memset   0x0000000008004f80       0x10 C:/ST/STM32CubeIDE_1.14.1/STM32CubeIDE/plugins/com.st.stm32cube.ide.mcu.externaltools.gnu-tools-for-stm32.11.3.rel1.win32_1.1.100.202309141235/tools/bin/../lib/gcc/arm-none-eabi/11.3.1/../../../../arm-none-eabi/lib/thumb/v7e-m+fp/hard\libc_nano.a(libc_a-memset.o)
                0x0000000008004f80                memset
 .text._close_r
                0x0000000008004f90       0x20 C:/ST/STM32CubeIDE_1.14.1/STM32CubeIDE/plugins/com.st.stm32cube.ide.mcu.externaltools.gnu-tools-for-stm32.11.3.rel1.win32_1.1.100.202309141235/tools/bin/../lib/gcc/arm-none-eabi/11.3.1/../../../../arm-none-eabi/lib/thumb/v7e-m+fp/hard\libc_nano.a(libc_a-closer.o)
                0x0000000008004f90                _close_r
 .text._lseek_r
                0x0000000008004fb0       0x24 C:/ST/STM32CubeIDE_1.14.1/STM32CubeIDE/plugins/com.st.stm32cube.ide.mcu.externaltools.gnu-tools-for-stm32.11.3.rel1.win32_1.1.100.202309141235/tools/bin/../lib/gcc/arm-none-eabi/11.3.1/../../../../arm-none-eabi/lib/thumb/v7e-m+fp/hard\libc_nano.a(libc_a-lseekr.o)
                0x0000000008004fb0                _lseek_r
 .text._read_r  0x0000000008004fd4       0x24 C:/ST/STM32CubeIDE_1.14.1/STM32CubeIDE/plugins/com.st.stm32cube.ide.mcu.externaltools.gnu-tools-for-stm32.11.3.rel1.win32_1.1.100.202309141235/tools/bin/../lib/gcc/arm-none-eabi/11.3.1/../../../../arm-none-eabi/lib/thumb/v7e-m+fp/hard\libc_nano.a(libc_a-readr.o)
                0x0000000008004fd4                _read_r
 .text._write_r
                0x0000000008004ff8       0x24 C:/ST/STM32CubeIDE_1.14.1/STM32CubeIDE/plugins/com.st.stm32cube.ide.mcu.externaltools.gnu-tools-for-stm32.11.3.rel1.win32_1.1.100.202309141235/tools/bin/../lib/gcc/arm-none-eabi/11.3.1/../../../../arm-none-eabi/lib/thumb/v7e-m+fp/hard\libc_nano.a(libc_a-writer.o)
                0x0000000008004ff8                _write_r
 .text.__errno  0x000000000800501c        0xc C:/ST/STM32CubeIDE_1.14.1/STM32CubeIDE/plugins/com.st.stm32cube.ide.mcu.externaltools.gnu-tools-for-stm32.11.3.rel1.win32_1.1.100.202309141235/tools/bin/../lib/gcc/arm-none-eabi/11.3.1/../../../../arm-none-eabi/lib/thumb/v7e-m+fp/hard\libc_nano.a(libc_a-errno.o)
                0x000000000800501c                __errno
 .text.__libc_init_array
                0x0000000008005028       0x48 C:/ST/STM32CubeIDE_1.14.1/STM32CubeIDE/plugins/com.st.stm32cube.ide.mcu.externaltools.gnu-tools-for-stm32.11.3.rel1.win32_1.1.100.202309141235/tools/bin/../lib/gcc/arm-none-eabi/11.3.1/../../../../arm-none-eabi/lib/thumb/v7e-m+fp/hard\libc_nano.a(libc_a-init.o)
                0x0000000008005028                __libc_init_array
 .text.__retarget_lock_init_recursive
                0x0000000008005070        0x2 C:/ST/STM32CubeIDE_1.14.1/STM32CubeIDE/plugins/com.st.stm32cube.ide.mcu.externaltools.gnu-tools-for-stm32.11.3.rel1.win32_1.1.100.202309141235/tools/bin/../lib/gcc/arm-none-eabi/11.3.1/../../../../arm-none-eabi/lib/thumb/v7e-m+fp/hard\libc_nano.a(libc_a-lock.o)
                0x0000000008005070                __retarget_lock_init_recursive
 .text.__retarget_lock_acquire_recursive
                0x0000000008005072        0x2 C:/ST/STM32CubeIDE_1.14.1/STM32CubeIDE/plugins/com.st.stm32cube.ide.mcu.externaltools.gnu-tools-for-stm32.11.3.rel1.win32_1.1.100.202309141235/tools/bin/../lib/gcc/arm-none-eabi/11.3.1/../../../../arm-none-eabi/lib/thumb/v7e-m+fp/hard\libc_nano.a(libc_a-lock.o)
                0x0000000008005072                __retarget_lock_acquire_recursive
 .text.__retarget_lock_release_recursive
                0x0000000008005074        0x2 C:/ST/STM32CubeIDE_1.14.1/STM32CubeIDE/plugins/com.st.stm32cube.ide.mcu.externaltools.gnu-tools-for-stm32.11.3.rel1.win32_1.1.100.202309141235/tools/bin/../lib/gcc/arm-none-eabi/11.3.1/../../../../arm-none-eabi/lib/thumb/v7e-m+fp/hard\libc_nano.a(libc_a-lock.o)
                0x0000000008005074                __retarget_lock_release_recursive
 .text.memcpy   0x0000000008005076       0x1c C:/ST/STM32CubeIDE_1.14.1/STM32CubeIDE/plugins/com.st.stm32cube.ide.mcu.externaltools.gnu-tools-for-stm32.11.3.rel1.win32_1.1.100.202309141235/tools/bin/../lib/gcc/arm-none-eabi/11.3.1/../../../../arm-none-eabi/lib/thumb/v7e-m+fp/hard\libc_nano.a(libc_a-memcpy-stub.o)
                0x0000000008005076                memcpy
 *fill*         0x0000000008005092        0x2 
 .text._free_r  0x0000000008005094       0x98 C:/ST/STM32CubeIDE_1.14.1/STM32CubeIDE/plugins/com.st.stm32cube.ide.mcu.externaltools.gnu-tools-for-stm32.11.3.rel1.win32_1.1.100.202309141235/tools/bin/../lib/gcc/arm-none-eabi/11.3.1/../../../../arm-none-eabi/lib/thumb/v7e-m+fp/hard\libc_nano.a(libc_a-freer.o)
                0x0000000008005094                _free_r
 .text.sbrk_aligned
                0x000000000800512c       0x40 C:/ST/STM32CubeIDE_1.14.1/STM32CubeIDE/plugins/com.st.stm32cube.ide.mcu.externaltools.gnu-tools-for-stm32.11.3.rel1.win32_1.1.100.202309141235/tools/bin/../lib/gcc/arm-none-eabi/11.3.1/../../../../arm-none-eabi/lib/thumb/v7e-m+fp/hard\libc_nano.a(libc_a-mallocr.o)
 .text._malloc_r
                0x000000000800516c      0x100 C:/ST/STM32CubeIDE_1.14.1/STM32CubeIDE/plugins/com.st.stm32cube.ide.mcu.externaltools.gnu-tools-for-stm32.11.3.rel1.win32_1.1.100.202309141235/tools/bin/../lib/gcc/arm-none-eabi/11.3.1/../../../../arm-none-eabi/lib/thumb/v7e-m+fp/hard\libc_nano.a(libc_a-mallocr.o)
                0x000000000800516c                _malloc_r
 .text.__malloc_lock
                0x000000000800526c        0xc C:/ST/STM32CubeIDE_1.14.1/STM32CubeIDE/plugins/com.st.stm32cube.ide.mcu.externaltools.gnu-tools-for-stm32.11.3.rel1.win32_1.1.100.202309141235/tools/bin/../lib/gcc/arm-none-eabi/11.3.1/../../../../arm-none-eabi/lib/thumb/v7e-m+fp/hard\libc_nano.a(libc_a-mlock.o)
                0x000000000800526c                __malloc_lock
 .text.__malloc_unlock
                0x0000000008005278        0xc C:/ST/STM32CubeIDE_1.14.1/STM32CubeIDE/plugins/com.st.stm32cube.ide.mcu.externaltools.gnu-tools-for-stm32.11.3.rel1.win32_1.1.100.202309141235/tools/bin/../lib/gcc/arm-none-eabi/11.3.1/../../../../arm-none-eabi/lib/thumb/v7e-m+fp/hard\libc_nano.a(libc_a-mlock.o)
                0x0000000008005278                __malloc_unlock
 .text.__sfputc_r
                0x0000000008005284       0x2e C:/ST/STM32CubeIDE_1.14.1/STM32CubeIDE/plugins/com.st.stm32cube.ide.mcu.externaltools.gnu-tools-for-stm32.11.3.rel1.win32_1.1.100.202309141235/tools/bin/../lib/gcc/arm-none-eabi/11.3.1/../../../../arm-none-eabi/lib/thumb/v7e-m+fp/hard\libc_nano.a(libc_a-nano-vfprintf.o)
 .text.__sfputs_r
                0x00000000080052b2       0x24 C:/ST/STM32CubeIDE_1.14.1/STM32CubeIDE/plugins/com.st.stm32cube.ide.mcu.externaltools.gnu-tools-for-stm32.11.3.rel1.win32_1.1.100.202309141235/tools/bin/../lib/gcc/arm-none-eabi/11.3.1/../../../../arm-none-eabi/lib/thumb/v7e-m+fp/hard\libc_nano.a(libc_a-nano-vfprintf.o)
                0x00000000080052b2                __sfputs_r
 *fill*         0x00000000080052d6        0x2 
 .text._vfprintf_r
                0x00000000080052d8      0x234 C:/ST/STM32CubeIDE_1.14.1/STM32CubeIDE/plugins/com.st.stm32cube.ide.mcu.externaltools.gnu-tools-for-stm32.11.3.rel1.win32_1.1.100.202309141235/tools/bin/../lib/gcc/arm-none-eabi/11.3.1/../../../../arm-none-eabi/lib/thumb/v7e-m+fp/hard\libc_nano.a(libc_a-nano-vfprintf.o)
                0x00000000080052d8                _vfprintf_r
                0x00000000080052d8                _vfiprintf_r
 .text._printf_common
                0x000000000800550c       0xda C:/ST/STM32CubeIDE_1.14.1/STM32CubeIDE/plugins/com.st.stm32cube.ide.mcu.externaltools.gnu-tools-for-stm32.11.3.rel1.win32_1.1.100.202309141235/tools/bin/../lib/gcc/arm-none-eabi/11.3.1/../../../../arm-none-eabi/lib/thumb/v7e-m+fp/hard\libc_nano.a(libc_a-nano-vfprintf_i.o)
                0x000000000800550c                _printf_common
 *fill*         0x00000000080055e6        0x2 
 .text._printf_i
                0x00000000080055e8      0x244 C:/ST/STM32CubeIDE_1.14.1/STM32CubeIDE/plugins/com.st.stm32cube.ide.mcu.externaltools.gnu-tools-for-stm32.11.3.rel1.win32_1.1.100.202309141235/tools/bin/../lib/gcc/arm-none-eabi/11.3.1/../../../../arm-none-eabi/lib/thumb/v7e-m+fp/hard\libc_nano.a(libc_a-nano-vfprintf_i.o)
                0x00000000080055e8                _printf_i
 .text.__sflush_r
                0x000000000800582c      0x10c C:/ST/STM32CubeIDE_1.14.1/STM32CubeIDE/plugins/com.st.stm32cube.ide.mcu.externaltools.gnu-tools-for-stm32.11.3.rel1.win32_1.1.100.202309141235/tools/bin/../lib/gcc/arm-none-eabi/11.3.1/../../../../arm-none-eabi/lib/thumb/v7e-m+fp/hard\libc_nano.a(libc_a-fflush.o)
                0x000000000800582c                __sflush_r
 .text._fflush_r
                0x0000000008005938       0x50 C:/ST/STM32CubeIDE_1.14.1/STM32CubeIDE/plugins/com.st.stm32cube.ide.mcu.externaltools.gnu-tools-for-stm32.11.3.rel1.win32_1.1.100.202309141235/tools/bin/../lib/gcc/arm-none-eabi/11.3.1/../../../../arm-none-eabi/lib/thumb/v7e-m+fp/hard\libc_nano.a(libc_a-fflush.o)
                0x0000000008005938                _fflush_r
 .text.__swhatbuf_r
                0x0000000008005988       0x4c C:/ST/STM32CubeIDE_1.14.1/STM32CubeIDE/plugins/com.st.stm32cube.ide.mcu.externaltools.gnu-tools-for-stm32.11.3.rel1.win32_1.1.100.202309141235/tools/bin/../lib/gcc/arm-none-eabi/11.3.1/../../../../arm-none-eabi/lib/thumb/v7e-m+fp/hard\libc_nano.a(libc_a-makebuf.o)
                0x0000000008005988                __swhatbuf_r
 .text.__smakebuf_r
                0x00000000080059d4       0x78 C:/ST/STM32CubeIDE_1.14.1/STM32CubeIDE/plugins/com.st.stm32cube.ide.mcu.externaltools.gnu-tools-for-stm32.11.3.rel1.win32_1.1.100.202309141235/tools/bin/../lib/gcc/arm-none-eabi/11.3.1/../../../../arm-none-eabi/lib/thumb/v7e-m+fp/hard\libc_nano.a(libc_a-makebuf.o)
                0x00000000080059d4                __smakebuf_r
 .text._fstat_r
                0x0000000008005a4c       0x24 C:/ST/STM32CubeIDE_1.14.1/STM32CubeIDE/plugins/com.st.stm32cube.ide.mcu.externaltools.gnu-tools-for-stm32.11.3.rel1.win32_1.1.100.202309141235/tools/bin/../lib/gcc/arm-none-eabi/11.3.1/../../../../arm-none-eabi/lib/thumb/v7e-m+fp/hard\libc_nano.a(libc_a-fstatr.o)
                0x0000000008005a4c                _fstat_r
 .text._isatty_r
                0x0000000008005a70       0x20 C:/ST/STM32CubeIDE_1.14.1/STM32CubeIDE/plugins/com.st.stm32cube.ide.mcu.externaltools.gnu-tools-for-stm32.11.3.rel1.win32_1.1.100.202309141235/tools/bin/../lib/gcc/arm-none-eabi/11.3.1/../../../../arm-none-eabi/lib/thumb/v7e-m+fp/hard\libc_nano.a(libc_a-isattyr.o)
                0x0000000008005a70                _isatty_r
 .text._sbrk_r  0x0000000008005a90       0x20 C:/ST/STM32CubeIDE_1.14.1/STM32CubeIDE/plugins/com.st.stm32cube.ide.mcu.externaltools.gnu-tools-for-stm32.11.3.rel1.win32_1.1.100.202309141235/tools/bin/../lib/gcc/arm-none-eabi/11.3.1/../../../../arm-none-eabi/lib/thumb/v7e-m+fp/hard\libc_nano.a(libc_a-sbrkr.o)
                0x0000000008005a90                _sbrk_r
 *(.glue_7)
 .glue_7        0x0000000008005ab0        0x0 linker stubs
 *(.glue_7t)
 .glue_7t       0x0000000008005ab0        0x0 linker stubs
 *(.eh_frame)
 .eh_frame      0x0000000008005ab0        0x0 C:/ST/STM32CubeIDE_1.14.1/STM32CubeIDE/plugins/com.st.stm32cube.ide.mcu.externaltools.gnu-tools-for-stm32.11.3.rel1.win32_1.1.100.202309141235/tools/bin/../lib/gcc/arm-none-eabi/11.3.1/thumb/v7e-m+fp/hard/crtbegin.o
 *(.init)
 .init          0x0000000008005ab0        0x4 C:/ST/STM32CubeIDE_1.14.1/STM32CubeIDE/plugins/com.st.stm32cube.ide.mcu.externaltools.gnu-tools-for-stm32.11.3.rel1.win32_1.1.100.202309141235/tools/bin/../lib/gcc/arm-none-eabi/11.3.1/thumb/v7e-m+fp/hard/crti.o
                0x0000000008005ab0                _init
 .init          0x0000000008005ab4        0x8 C:/ST/STM32CubeIDE_1.14.1/STM32CubeIDE/plugins/com.st.stm32cube.ide.mcu.externaltools.gnu-tools-for-stm32.11.3.rel1.win32_1.1.100.202309141235/tools/bin/../lib/gcc/arm-none-eabi/11.3.1/thumb/v7e-m+fp/hard/crtn.o
 *(.fini)
 .fini          0x0000000008005abc        0x4 C:/ST/STM32CubeIDE_1.14.1/STM32CubeIDE/plugins/com.st.stm32cube.ide.mcu.externaltools.gnu-tools-for-stm32.11.3.rel1.win32_1.1.100.202309141235/tools/bin/../lib/gcc/arm-none-eabi/11.3.1/thumb/v7e-m+fp/hard/crti.o
                0x0000000008005abc                _fini
 .fini          0x0000000008005ac0        0x8 C:/ST/STM32CubeIDE_1.14.1/STM32CubeIDE/plugins/com.st.stm32cube.ide.mcu.externaltools.gnu-tools-for-stm32.11.3.rel1.win32_1.1.100.202309141235/tools/bin/../lib/gcc/arm-none-eabi/11.3.1/thumb/v7e-m+fp/hard/crtn.o
                0x0000000008005ac8                . = ALIGN (0x4)
                0x0000000008005ac8                _etext = .

.vfp11_veneer   0x0000000008005ac8        0x0
 .vfp11_veneer  0x0000000008005ac8        0x0 linker stubs

.v4_bx          0x0000000008005ac8        0x0
 .v4_bx         0x0000000008005ac8        0x0 linker stubs

.iplt           0x0000000008005ac8        0x0
 .iplt          0x0000000008005ac8        0x0 C:/ST/STM32CubeIDE_1.14.1/STM32CubeIDE/plugins/com.st.stm32cube.ide.mcu.externaltools.gnu-tools-for-stm32.11.3.rel1.win32_1.1.100.202309141235/tools/bin/../lib/gcc/arm-none-eabi/11.3.1/thumb/v7e-m+fp/hard/crtbegin.o

.rodata         0x0000000008005ac8      0x6e8
                0x0000000008005ac8                . = ALIGN (0x4)
 *(.rodata)
 .rodata        0x0000000008005ac8      0x472 ./Application/User/Core/main.o
 *(.rodata*)
 *fill*         0x0000000008005f3a        0x2 
 .rodata.c_uiBaud
                0x0000000008005f3c       0x28 ./Application/User/Core/main.o
                0x0000000008005f3c                c_uiBaud
 .rodata.__auchCRCHi
                0x0000000008005f64      0x100 ./Application/User/Core/wit_c_sdk.o
 .rodata.__auchCRCLo
                0x0000000008006064      0x100 ./Application/User/Core/wit_c_sdk.o
 .rodata.AHBPrescTable
                0x0000000008006164       0x10 ./Drivers/CMSIS/system_stm32f4xx.o
                0x0000000008006164                AHBPrescTable
 .rodata.APBPrescTable
                0x0000000008006174        0x8 ./Drivers/CMSIS/system_stm32f4xx.o
                0x0000000008006174                APBPrescTable
 .rodata._vfprintf_r.str1.1
                0x000000000800617c       0x11 C:/ST/STM32CubeIDE_1.14.1/STM32CubeIDE/plugins/com.st.stm32cube.ide.mcu.externaltools.gnu-tools-for-stm32.11.3.rel1.win32_1.1.100.202309141235/tools/bin/../lib/gcc/arm-none-eabi/11.3.1/../../../../arm-none-eabi/lib/thumb/v7e-m+fp/hard\libc_nano.a(libc_a-nano-vfprintf.o)
 .rodata._printf_i.str1.1
                0x000000000800618d       0x22 C:/ST/STM32CubeIDE_1.14.1/STM32CubeIDE/plugins/com.st.stm32cube.ide.mcu.externaltools.gnu-tools-for-stm32.11.3.rel1.win32_1.1.100.202309141235/tools/bin/../lib/gcc/arm-none-eabi/11.3.1/../../../../arm-none-eabi/lib/thumb/v7e-m+fp/hard\libc_nano.a(libc_a-nano-vfprintf_i.o)
                0x00000000080061b0                . = ALIGN (0x4)
 *fill*         0x00000000080061af        0x1 

.ARM.extab      0x00000000080061b0        0x0
                0x00000000080061b0                . = ALIGN (0x4)
 *(.ARM.extab* .gnu.linkonce.armextab.*)
                0x00000000080061b0                . = ALIGN (0x4)

.ARM            0x00000000080061b0        0x8
                0x00000000080061b0                . = ALIGN (0x4)
                0x00000000080061b0                __exidx_start = .
 *(.ARM.exidx*)
 .ARM.exidx     0x00000000080061b0        0x8 C:/ST/STM32CubeIDE_1.14.1/STM32CubeIDE/plugins/com.st.stm32cube.ide.mcu.externaltools.gnu-tools-for-stm32.11.3.rel1.win32_1.1.100.202309141235/tools/bin/../lib/gcc/arm-none-eabi/11.3.1/thumb/v7e-m+fp/hard\libgcc.a(_udivmoddi4.o)
                0x00000000080061b8                __exidx_end = .
                0x00000000080061b8                . = ALIGN (0x4)

.rel.dyn        0x00000000080061b8        0x0
 .rel.iplt      0x00000000080061b8        0x0 C:/ST/STM32CubeIDE_1.14.1/STM32CubeIDE/plugins/com.st.stm32cube.ide.mcu.externaltools.gnu-tools-for-stm32.11.3.rel1.win32_1.1.100.202309141235/tools/bin/../lib/gcc/arm-none-eabi/11.3.1/thumb/v7e-m+fp/hard/crtbegin.o

.preinit_array  0x00000000080061b8        0x0
                0x00000000080061b8                . = ALIGN (0x4)
                0x00000000080061b8                PROVIDE (__preinit_array_start = .)
 *(.preinit_array*)
                0x00000000080061b8                PROVIDE (__preinit_array_end = .)
                0x00000000080061b8                . = ALIGN (0x4)

.init_array     0x00000000080061b8        0x4
                0x00000000080061b8                . = ALIGN (0x4)
                0x00000000080061b8                PROVIDE (__init_array_start = .)
 *(SORT_BY_NAME(.init_array.*))
 *(.init_array*)
 .init_array    0x00000000080061b8        0x4 C:/ST/STM32CubeIDE_1.14.1/STM32CubeIDE/plugins/com.st.stm32cube.ide.mcu.externaltools.gnu-tools-for-stm32.11.3.rel1.win32_1.1.100.202309141235/tools/bin/../lib/gcc/arm-none-eabi/11.3.1/thumb/v7e-m+fp/hard/crtbegin.o
                0x00000000080061bc                PROVIDE (__init_array_end = .)
                0x00000000080061bc                . = ALIGN (0x4)

.fini_array     0x00000000080061bc        0x4
                0x00000000080061bc                . = ALIGN (0x4)
                [!provide]                        PROVIDE (__fini_array_start = .)
 *(SORT_BY_NAME(.fini_array.*))
 *(.fini_array*)
 .fini_array    0x00000000080061bc        0x4 C:/ST/STM32CubeIDE_1.14.1/STM32CubeIDE/plugins/com.st.stm32cube.ide.mcu.externaltools.gnu-tools-for-stm32.11.3.rel1.win32_1.1.100.202309141235/tools/bin/../lib/gcc/arm-none-eabi/11.3.1/thumb/v7e-m+fp/hard/crtbegin.o
                [!provide]                        PROVIDE (__fini_array_end = .)
                0x00000000080061c0                . = ALIGN (0x4)
                0x00000000080061c0                _sidata = LOADADDR (.data)

.data           0x0000000020000000       0x6c load address 0x00000000080061c0
                0x0000000020000000                . = ALIGN (0x4)
                0x0000000020000000                _sdata = .
 *(.data)
 *(.data*)
 .data.s_cCmd   0x0000000020000000        0x1 ./Application/User/Core/main.o
 .data.s_ucAddr
                0x0000000020000001        0x1 ./Application/User/Core/wit_c_sdk.o
 *fill*         0x0000000020000002        0x2 
 .data.SystemCoreClock
                0x0000000020000004        0x4 ./Drivers/CMSIS/system_stm32f4xx.o
                0x0000000020000004                SystemCoreClock
 .data.uwTickPrio
                0x0000000020000008        0x4 ./Drivers/STM32F4xx_HAL_Driver/stm32f4xx_hal.o
                0x0000000020000008                uwTickPrio
 .data.uwTickFreq
                0x000000002000000c        0x1 ./Drivers/STM32F4xx_HAL_Driver/stm32f4xx_hal.o
                0x000000002000000c                uwTickFreq
 *fill*         0x000000002000000d        0x3 
 .data.__sglue  0x0000000020000010        0xc C:/ST/STM32CubeIDE_1.14.1/STM32CubeIDE/plugins/com.st.stm32cube.ide.mcu.externaltools.gnu-tools-for-stm32.11.3.rel1.win32_1.1.100.202309141235/tools/bin/../lib/gcc/arm-none-eabi/11.3.1/../../../../arm-none-eabi/lib/thumb/v7e-m+fp/hard\libc_nano.a(libc_a-findfp.o)
                0x0000000020000010                __sglue
 .data._impure_data
                0x000000002000001c       0x4c C:/ST/STM32CubeIDE_1.14.1/STM32CubeIDE/plugins/com.st.stm32cube.ide.mcu.externaltools.gnu-tools-for-stm32.11.3.rel1.win32_1.1.100.202309141235/tools/bin/../lib/gcc/arm-none-eabi/11.3.1/../../../../arm-none-eabi/lib/thumb/v7e-m+fp/hard\libc_nano.a(libc_a-impure.o)
                0x000000002000001c                _impure_data
 .data._impure_ptr
                0x0000000020000068        0x4 C:/ST/STM32CubeIDE_1.14.1/STM32CubeIDE/plugins/com.st.stm32cube.ide.mcu.externaltools.gnu-tools-for-stm32.11.3.rel1.win32_1.1.100.202309141235/tools/bin/../lib/gcc/arm-none-eabi/11.3.1/../../../../arm-none-eabi/lib/thumb/v7e-m+fp/hard\libc_nano.a(libc_a-impure.o)
                0x0000000020000068                _impure_ptr
 *(.RamFunc)
 *(.RamFunc*)
                0x000000002000006c                . = ALIGN (0x4)
                0x000000002000006c                _edata = .
                0x000000000800622c                _siccmram = LOADADDR (.ccmram)

.igot.plt       0x000000002000006c        0x0 load address 0x000000000800622c
 .igot.plt      0x000000002000006c        0x0 C:/ST/STM32CubeIDE_1.14.1/STM32CubeIDE/plugins/com.st.stm32cube.ide.mcu.externaltools.gnu-tools-for-stm32.11.3.rel1.win32_1.1.100.202309141235/tools/bin/../lib/gcc/arm-none-eabi/11.3.1/thumb/v7e-m+fp/hard/crtbegin.o

.ccmram         0x0000000010000000        0x0 load address 0x000000000800622c
                0x0000000010000000                . = ALIGN (0x4)
                0x0000000010000000                _sccmram = .
 *(.ccmram)
 *(.ccmram*)
                0x0000000010000000                . = ALIGN (0x4)
                0x0000000010000000                _eccmram = .
                0x0000000010000000                . = ALIGN (0x4)

.bss            0x000000002000006c      0x588
                0x000000002000006c                _sbss = .
                0x000000002000006c                __bss_start__ = _sbss
 *(.bss)
 .bss           0x000000002000006c       0x1c C:/ST/STM32CubeIDE_1.14.1/STM32CubeIDE/plugins/com.st.stm32cube.ide.mcu.externaltools.gnu-tools-for-stm32.11.3.rel1.win32_1.1.100.202309141235/tools/bin/../lib/gcc/arm-none-eabi/11.3.1/thumb/v7e-m+fp/hard/crtbegin.o
 *(.bss*)
 .bss.msTicks   0x0000000020000088        0x4 ./Application/User/Core/main.o
                0x0000000020000088                msTicks
 .bss.s_cDataUpdate1
                0x000000002000008c        0x1 ./Application/User/Core/main.o
 .bss.s_cDataUpdate2
                0x000000002000008d        0x1 ./Application/User/Core/main.o
 .bss.s_cDataUpdate3
                0x000000002000008e        0x1 ./Application/User/Core/main.o
 .bss.s_cDataUpdate4
                0x000000002000008f        0x1 ./Application/User/Core/main.o
 .bss.s_ucRxCnt.1
                0x0000000020000090        0x1 ./Application/User/Core/main.o
 *fill*         0x0000000020000091        0x3 
 .bss.s_ucData.0
                0x0000000020000094       0x32 ./Application/User/Core/main.o
 *fill*         0x00000000200000c6        0x2 
 .bss.hrtc      0x00000000200000c8       0x20 ./Application/User/Core/rtc.o
                0x00000000200000c8                hrtc
 .bss.__sbrk_heap_end
                0x00000000200000e8        0x4 ./Application/User/Core/sysmem.o
 .bss.htim2     0x00000000200000ec       0x48 ./Application/User/Core/tim.o
                0x00000000200000ec                htim2
 .bss.htim9     0x0000000020000134       0x48 ./Application/User/Core/tim.o
                0x0000000020000134                htim9
 .bss.huart1    0x000000002000017c       0x48 ./Application/User/Core/usart.o
                0x000000002000017c                huart1
 .bss.huart2    0x00000000200001c4       0x48 ./Application/User/Core/usart.o
                0x00000000200001c4                huart2
 .bss.huart3    0x000000002000020c       0x48 ./Application/User/Core/usart.o
                0x000000002000020c                huart3
 .bss.p_WitSerialWriteFunc
                0x0000000020000254        0x4 ./Application/User/Core/wit_c_sdk.o
 .bss.p_WitI2cReadFunc
                0x0000000020000258        0x4 ./Application/User/Core/wit_c_sdk.o
 .bss.p_WitCanWriteFunc
                0x000000002000025c        0x4 ./Application/User/Core/wit_c_sdk.o
 .bss.p_WitRegUpdateCbFunc
                0x0000000020000260        0x4 ./Application/User/Core/wit_c_sdk.o
 .bss.p_WitDelaymsFunc
                0x0000000020000264        0x4 ./Application/User/Core/wit_c_sdk.o
 .bss.s_ucWitDataBuff
                0x0000000020000268      0x100 ./Application/User/Core/wit_c_sdk.o
 .bss.s_uiWitDataCnt
                0x0000000020000368        0x4 ./Application/User/Core/wit_c_sdk.o
 .bss.s_uiProtoclo
                0x000000002000036c        0x4 ./Application/User/Core/wit_c_sdk.o
 .bss.s_uiReadRegIndex
                0x0000000020000370        0x4 ./Application/User/Core/wit_c_sdk.o
 .bss.sReg      0x0000000020000374      0x120 ./Application/User/Core/wit_c_sdk.o
                0x0000000020000374                sReg
 .bss.ucRegIndex
                0x0000000020000494        0x1 ./Application/User/Core/wit_c_sdk.o
                0x0000000020000494                ucRegIndex
 *fill*         0x0000000020000495        0x3 
 .bss.usRegDataBuff
                0x0000000020000498        0x8 ./Application/User/Core/wit_c_sdk.o
                0x0000000020000498                usRegDataBuff
 .bss.uiRegDataLen
                0x00000000200004a0        0x4 ./Application/User/Core/wit_c_sdk.o
                0x00000000200004a0                uiRegDataLen
 .bss.uwTick    0x00000000200004a4        0x4 ./Drivers/STM32F4xx_HAL_Driver/stm32f4xx_hal.o
                0x00000000200004a4                uwTick
 .bss.__sf      0x00000000200004a8      0x138 C:/ST/STM32CubeIDE_1.14.1/STM32CubeIDE/plugins/com.st.stm32cube.ide.mcu.externaltools.gnu-tools-for-stm32.11.3.rel1.win32_1.1.100.202309141235/tools/bin/../lib/gcc/arm-none-eabi/11.3.1/../../../../arm-none-eabi/lib/thumb/v7e-m+fp/hard\libc_nano.a(libc_a-findfp.o)
                0x00000000200004a8                __sf
 .bss.__stdio_exit_handler
                0x00000000200005e0        0x4 C:/ST/STM32CubeIDE_1.14.1/STM32CubeIDE/plugins/com.st.stm32cube.ide.mcu.externaltools.gnu-tools-for-stm32.11.3.rel1.win32_1.1.100.202309141235/tools/bin/../lib/gcc/arm-none-eabi/11.3.1/../../../../arm-none-eabi/lib/thumb/v7e-m+fp/hard\libc_nano.a(libc_a-findfp.o)
                0x00000000200005e0                __stdio_exit_handler
 .bss.errno     0x00000000200005e4        0x4 C:/ST/STM32CubeIDE_1.14.1/STM32CubeIDE/plugins/com.st.stm32cube.ide.mcu.externaltools.gnu-tools-for-stm32.11.3.rel1.win32_1.1.100.202309141235/tools/bin/../lib/gcc/arm-none-eabi/11.3.1/../../../../arm-none-eabi/lib/thumb/v7e-m+fp/hard\libc_nano.a(libc_a-reent.o)
                0x00000000200005e4                errno
 .bss.__lock___malloc_recursive_mutex
                0x00000000200005e8        0x1 C:/ST/STM32CubeIDE_1.14.1/STM32CubeIDE/plugins/com.st.stm32cube.ide.mcu.externaltools.gnu-tools-for-stm32.11.3.rel1.win32_1.1.100.202309141235/tools/bin/../lib/gcc/arm-none-eabi/11.3.1/../../../../arm-none-eabi/lib/thumb/v7e-m+fp/hard\libc_nano.a(libc_a-lock.o)
                0x00000000200005e8                __lock___malloc_recursive_mutex
 .bss.__lock___sfp_recursive_mutex
                0x00000000200005e9        0x1 C:/ST/STM32CubeIDE_1.14.1/STM32CubeIDE/plugins/com.st.stm32cube.ide.mcu.externaltools.gnu-tools-for-stm32.11.3.rel1.win32_1.1.100.202309141235/tools/bin/../lib/gcc/arm-none-eabi/11.3.1/../../../../arm-none-eabi/lib/thumb/v7e-m+fp/hard\libc_nano.a(libc_a-lock.o)
                0x00000000200005e9                __lock___sfp_recursive_mutex
 *fill*         0x00000000200005ea        0x2 
 .bss.__malloc_free_list
                0x00000000200005ec        0x4 C:/ST/STM32CubeIDE_1.14.1/STM32CubeIDE/plugins/com.st.stm32cube.ide.mcu.externaltools.gnu-tools-for-stm32.11.3.rel1.win32_1.1.100.202309141235/tools/bin/../lib/gcc/arm-none-eabi/11.3.1/../../../../arm-none-eabi/lib/thumb/v7e-m+fp/hard\libc_nano.a(libc_a-mallocr.o)
                0x00000000200005ec                __malloc_free_list
 .bss.__malloc_sbrk_start
                0x00000000200005f0        0x4 C:/ST/STM32CubeIDE_1.14.1/STM32CubeIDE/plugins/com.st.stm32cube.ide.mcu.externaltools.gnu-tools-for-stm32.11.3.rel1.win32_1.1.100.202309141235/tools/bin/../lib/gcc/arm-none-eabi/11.3.1/../../../../arm-none-eabi/lib/thumb/v7e-m+fp/hard\libc_nano.a(libc_a-mallocr.o)
                0x00000000200005f0                __malloc_sbrk_start
 *(COMMON)
                0x00000000200005f4                . = ALIGN (0x4)
                0x00000000200005f4                _ebss = .
                0x00000000200005f4                __bss_end__ = _ebss

._user_heap_stack
                0x00000000200005f4     0x6004
                0x00000000200005f8                . = ALIGN (0x8)
 *fill*         0x00000000200005f4        0x4 
                [!provide]                        PROVIDE (end = .)
                0x00000000200005f8                PROVIDE (_end = .)
                0x00000000200025f8                . = (. + _Min_Heap_Size)
 *fill*         0x00000000200005f8     0x2000 
                0x00000000200065f8                . = (. + _Min_Stack_Size)
 *fill*         0x00000000200025f8     0x4000 
                0x00000000200065f8                . = ALIGN (0x8)

/DISCARD/
 libc.a(*)
 libm.a(*)
 libgcc.a(*)

.ARM.attributes
                0x0000000000000000       0x30
 *(.ARM.attributes)
 .ARM.attributes
                0x0000000000000000       0x1e C:/ST/STM32CubeIDE_1.14.1/STM32CubeIDE/plugins/com.st.stm32cube.ide.mcu.externaltools.gnu-tools-for-stm32.11.3.rel1.win32_1.1.100.202309141235/tools/bin/../lib/gcc/arm-none-eabi/11.3.1/thumb/v7e-m+fp/hard/crti.o
 .ARM.attributes
                0x000000000000001e       0x34 C:/ST/STM32CubeIDE_1.14.1/STM32CubeIDE/plugins/com.st.stm32cube.ide.mcu.externaltools.gnu-tools-for-stm32.11.3.rel1.win32_1.1.100.202309141235/tools/bin/../lib/gcc/arm-none-eabi/11.3.1/thumb/v7e-m+fp/hard/crtbegin.o
 .ARM.attributes
                0x0000000000000052       0x34 ./Application/User/Core/delay.o
 .ARM.attributes
                0x0000000000000086       0x34 ./Application/User/Core/gpio.o
 .ARM.attributes
                0x00000000000000ba       0x34 ./Application/User/Core/main.o
 .ARM.attributes
                0x00000000000000ee       0x34 ./Application/User/Core/rtc.o
 .ARM.attributes
                0x0000000000000122       0x34 ./Application/User/Core/stm32f4xx_hal_msp.o
 .ARM.attributes
                0x0000000000000156       0x34 ./Application/User/Core/stm32f4xx_it.o
 .ARM.attributes
                0x000000000000018a       0x34 ./Application/User/Core/syscalls.o
 .ARM.attributes
                0x00000000000001be       0x34 ./Application/User/Core/sysmem.o
 .ARM.attributes
                0x00000000000001f2       0x34 ./Application/User/Core/tim.o
 .ARM.attributes
                0x0000000000000226       0x34 ./Application/User/Core/usart.o
 .ARM.attributes
                0x000000000000025a       0x34 ./Application/User/Core/wit_c_sdk.o
 .ARM.attributes
                0x000000000000028e       0x21 ./Application/User/Startup/startup_stm32f407vgtx.o
 .ARM.attributes
                0x00000000000002af       0x34 ./Drivers/CMSIS/system_stm32f4xx.o
 .ARM.attributes
                0x00000000000002e3       0x34 ./Drivers/STM32F4xx_HAL_Driver/stm32f4xx_hal.o
 .ARM.attributes
                0x0000000000000317       0x34 ./Drivers/STM32F4xx_HAL_Driver/stm32f4xx_hal_cortex.o
 .ARM.attributes
                0x000000000000034b       0x34 ./Drivers/STM32F4xx_HAL_Driver/stm32f4xx_hal_dma.o
 .ARM.attributes
                0x000000000000037f       0x34 ./Drivers/STM32F4xx_HAL_Driver/stm32f4xx_hal_gpio.o
 .ARM.attributes
                0x00000000000003b3       0x34 ./Drivers/STM32F4xx_HAL_Driver/stm32f4xx_hal_rcc.o
 .ARM.attributes
                0x00000000000003e7       0x34 ./Drivers/STM32F4xx_HAL_Driver/stm32f4xx_hal_rcc_ex.o
 .ARM.attributes
                0x000000000000041b       0x34 ./Drivers/STM32F4xx_HAL_Driver/stm32f4xx_hal_rtc.o
 .ARM.attributes
                0x000000000000044f       0x34 ./Drivers/STM32F4xx_HAL_Driver/stm32f4xx_hal_rtc_ex.o
 .ARM.attributes
                0x0000000000000483       0x34 ./Drivers/STM32F4xx_HAL_Driver/stm32f4xx_hal_tim.o
 .ARM.attributes
                0x00000000000004b7       0x34 ./Drivers/STM32F4xx_HAL_Driver/stm32f4xx_hal_tim_ex.o
 .ARM.attributes
                0x00000000000004eb       0x34 ./Drivers/STM32F4xx_HAL_Driver/stm32f4xx_hal_uart.o
 .ARM.attributes
                0x000000000000051f       0x34 C:/ST/STM32CubeIDE_1.14.1/STM32CubeIDE/plugins/com.st.stm32cube.ide.mcu.externaltools.gnu-tools-for-stm32.11.3.rel1.win32_1.1.100.202309141235/tools/bin/../lib/gcc/arm-none-eabi/11.3.1/../../../../arm-none-eabi/lib/thumb/v7e-m+fp/hard\libc_nano.a(libc_a-findfp.o)
 .ARM.attributes
                0x0000000000000553       0x34 C:/ST/STM32CubeIDE_1.14.1/STM32CubeIDE/plugins/com.st.stm32cube.ide.mcu.externaltools.gnu-tools-for-stm32.11.3.rel1.win32_1.1.100.202309141235/tools/bin/../lib/gcc/arm-none-eabi/11.3.1/../../../../arm-none-eabi/lib/thumb/v7e-m+fp/hard\libc_nano.a(libc_a-fwalk.o)
 .ARM.attributes
                0x0000000000000587       0x34 C:/ST/STM32CubeIDE_1.14.1/STM32CubeIDE/plugins/com.st.stm32cube.ide.mcu.externaltools.gnu-tools-for-stm32.11.3.rel1.win32_1.1.100.202309141235/tools/bin/../lib/gcc/arm-none-eabi/11.3.1/../../../../arm-none-eabi/lib/thumb/v7e-m+fp/hard\libc_nano.a(libc_a-printf.o)
 .ARM.attributes
                0x00000000000005bb       0x34 C:/ST/STM32CubeIDE_1.14.1/STM32CubeIDE/plugins/com.st.stm32cube.ide.mcu.externaltools.gnu-tools-for-stm32.11.3.rel1.win32_1.1.100.202309141235/tools/bin/../lib/gcc/arm-none-eabi/11.3.1/../../../../arm-none-eabi/lib/thumb/v7e-m+fp/hard\libc_nano.a(libc_a-puts.o)
 .ARM.attributes
                0x00000000000005ef       0x34 C:/ST/STM32CubeIDE_1.14.1/STM32CubeIDE/plugins/com.st.stm32cube.ide.mcu.externaltools.gnu-tools-for-stm32.11.3.rel1.win32_1.1.100.202309141235/tools/bin/../lib/gcc/arm-none-eabi/11.3.1/../../../../arm-none-eabi/lib/thumb/v7e-m+fp/hard\libc_nano.a(libc_a-stdio.o)
 .ARM.attributes
                0x0000000000000623       0x34 C:/ST/STM32CubeIDE_1.14.1/STM32CubeIDE/plugins/com.st.stm32cube.ide.mcu.externaltools.gnu-tools-for-stm32.11.3.rel1.win32_1.1.100.202309141235/tools/bin/../lib/gcc/arm-none-eabi/11.3.1/../../../../arm-none-eabi/lib/thumb/v7e-m+fp/hard\libc_nano.a(libc_a-wbuf.o)
 .ARM.attributes
                0x0000000000000657       0x34 C:/ST/STM32CubeIDE_1.14.1/STM32CubeIDE/plugins/com.st.stm32cube.ide.mcu.externaltools.gnu-tools-for-stm32.11.3.rel1.win32_1.1.100.202309141235/tools/bin/../lib/gcc/arm-none-eabi/11.3.1/../../../../arm-none-eabi/lib/thumb/v7e-m+fp/hard\libc_nano.a(libc_a-wsetup.o)
 .ARM.attributes
                0x000000000000068b       0x34 C:/ST/STM32CubeIDE_1.14.1/STM32CubeIDE/plugins/com.st.stm32cube.ide.mcu.externaltools.gnu-tools-for-stm32.11.3.rel1.win32_1.1.100.202309141235/tools/bin/../lib/gcc/arm-none-eabi/11.3.1/../../../../arm-none-eabi/lib/thumb/v7e-m+fp/hard\libc_nano.a(libc_a-memset.o)
 .ARM.attributes
                0x00000000000006bf       0x34 C:/ST/STM32CubeIDE_1.14.1/STM32CubeIDE/plugins/com.st.stm32cube.ide.mcu.externaltools.gnu-tools-for-stm32.11.3.rel1.win32_1.1.100.202309141235/tools/bin/../lib/gcc/arm-none-eabi/11.3.1/../../../../arm-none-eabi/lib/thumb/v7e-m+fp/hard\libc_nano.a(libc_a-closer.o)
 .ARM.attributes
                0x00000000000006f3       0x34 C:/ST/STM32CubeIDE_1.14.1/STM32CubeIDE/plugins/com.st.stm32cube.ide.mcu.externaltools.gnu-tools-for-stm32.11.3.rel1.win32_1.1.100.202309141235/tools/bin/../lib/gcc/arm-none-eabi/11.3.1/../../../../arm-none-eabi/lib/thumb/v7e-m+fp/hard\libc_nano.a(libc_a-reent.o)
 .ARM.attributes
                0x0000000000000727       0x34 C:/ST/STM32CubeIDE_1.14.1/STM32CubeIDE/plugins/com.st.stm32cube.ide.mcu.externaltools.gnu-tools-for-stm32.11.3.rel1.win32_1.1.100.202309141235/tools/bin/../lib/gcc/arm-none-eabi/11.3.1/../../../../arm-none-eabi/lib/thumb/v7e-m+fp/hard\libc_nano.a(libc_a-impure.o)
 .ARM.attributes
                0x000000000000075b       0x34 C:/ST/STM32CubeIDE_1.14.1/STM32CubeIDE/plugins/com.st.stm32cube.ide.mcu.externaltools.gnu-tools-for-stm32.11.3.rel1.win32_1.1.100.202309141235/tools/bin/../lib/gcc/arm-none-eabi/11.3.1/../../../../arm-none-eabi/lib/thumb/v7e-m+fp/hard\libc_nano.a(libc_a-lseekr.o)
 .ARM.attributes
                0x000000000000078f       0x34 C:/ST/STM32CubeIDE_1.14.1/STM32CubeIDE/plugins/com.st.stm32cube.ide.mcu.externaltools.gnu-tools-for-stm32.11.3.rel1.win32_1.1.100.202309141235/tools/bin/../lib/gcc/arm-none-eabi/11.3.1/../../../../arm-none-eabi/lib/thumb/v7e-m+fp/hard\libc_nano.a(libc_a-readr.o)
 .ARM.attributes
                0x00000000000007c3       0x34 C:/ST/STM32CubeIDE_1.14.1/STM32CubeIDE/plugins/com.st.stm32cube.ide.mcu.externaltools.gnu-tools-for-stm32.11.3.rel1.win32_1.1.100.202309141235/tools/bin/../lib/gcc/arm-none-eabi/11.3.1/../../../../arm-none-eabi/lib/thumb/v7e-m+fp/hard\libc_nano.a(libc_a-writer.o)
 .ARM.attributes
                0x00000000000007f7       0x34 C:/ST/STM32CubeIDE_1.14.1/STM32CubeIDE/plugins/com.st.stm32cube.ide.mcu.externaltools.gnu-tools-for-stm32.11.3.rel1.win32_1.1.100.202309141235/tools/bin/../lib/gcc/arm-none-eabi/11.3.1/../../../../arm-none-eabi/lib/thumb/v7e-m+fp/hard\libc_nano.a(libc_a-errno.o)
 .ARM.attributes
                0x000000000000082b       0x34 C:/ST/STM32CubeIDE_1.14.1/STM32CubeIDE/plugins/com.st.stm32cube.ide.mcu.externaltools.gnu-tools-for-stm32.11.3.rel1.win32_1.1.100.202309141235/tools/bin/../lib/gcc/arm-none-eabi/11.3.1/../../../../arm-none-eabi/lib/thumb/v7e-m+fp/hard\libc_nano.a(libc_a-init.o)
 .ARM.attributes
                0x000000000000085f       0x34 C:/ST/STM32CubeIDE_1.14.1/STM32CubeIDE/plugins/com.st.stm32cube.ide.mcu.externaltools.gnu-tools-for-stm32.11.3.rel1.win32_1.1.100.202309141235/tools/bin/../lib/gcc/arm-none-eabi/11.3.1/../../../../arm-none-eabi/lib/thumb/v7e-m+fp/hard\libc_nano.a(libc_a-lock.o)
 .ARM.attributes
                0x0000000000000893       0x34 C:/ST/STM32CubeIDE_1.14.1/STM32CubeIDE/plugins/com.st.stm32cube.ide.mcu.externaltools.gnu-tools-for-stm32.11.3.rel1.win32_1.1.100.202309141235/tools/bin/../lib/gcc/arm-none-eabi/11.3.1/../../../../arm-none-eabi/lib/thumb/v7e-m+fp/hard\libc_nano.a(libc_a-memcpy-stub.o)
 .ARM.attributes
                0x00000000000008c7       0x34 C:/ST/STM32CubeIDE_1.14.1/STM32CubeIDE/plugins/com.st.stm32cube.ide.mcu.externaltools.gnu-tools-for-stm32.11.3.rel1.win32_1.1.100.202309141235/tools/bin/../lib/gcc/arm-none-eabi/11.3.1/../../../../arm-none-eabi/lib/thumb/v7e-m+fp/hard\libc_nano.a(libc_a-freer.o)
 .ARM.attributes
                0x00000000000008fb       0x34 C:/ST/STM32CubeIDE_1.14.1/STM32CubeIDE/plugins/com.st.stm32cube.ide.mcu.externaltools.gnu-tools-for-stm32.11.3.rel1.win32_1.1.100.202309141235/tools/bin/../lib/gcc/arm-none-eabi/11.3.1/../../../../arm-none-eabi/lib/thumb/v7e-m+fp/hard\libc_nano.a(libc_a-mallocr.o)
 .ARM.attributes
                0x000000000000092f       0x34 C:/ST/STM32CubeIDE_1.14.1/STM32CubeIDE/plugins/com.st.stm32cube.ide.mcu.externaltools.gnu-tools-for-stm32.11.3.rel1.win32_1.1.100.202309141235/tools/bin/../lib/gcc/arm-none-eabi/11.3.1/../../../../arm-none-eabi/lib/thumb/v7e-m+fp/hard\libc_nano.a(libc_a-mlock.o)
 .ARM.attributes
                0x0000000000000963       0x34 C:/ST/STM32CubeIDE_1.14.1/STM32CubeIDE/plugins/com.st.stm32cube.ide.mcu.externaltools.gnu-tools-for-stm32.11.3.rel1.win32_1.1.100.202309141235/tools/bin/../lib/gcc/arm-none-eabi/11.3.1/../../../../arm-none-eabi/lib/thumb/v7e-m+fp/hard\libc_nano.a(libc_a-nano-vfprintf.o)
 .ARM.attributes
                0x0000000000000997       0x34 C:/ST/STM32CubeIDE_1.14.1/STM32CubeIDE/plugins/com.st.stm32cube.ide.mcu.externaltools.gnu-tools-for-stm32.11.3.rel1.win32_1.1.100.202309141235/tools/bin/../lib/gcc/arm-none-eabi/11.3.1/../../../../arm-none-eabi/lib/thumb/v7e-m+fp/hard\libc_nano.a(libc_a-nano-vfprintf_i.o)
 .ARM.attributes
                0x00000000000009cb       0x34 C:/ST/STM32CubeIDE_1.14.1/STM32CubeIDE/plugins/com.st.stm32cube.ide.mcu.externaltools.gnu-tools-for-stm32.11.3.rel1.win32_1.1.100.202309141235/tools/bin/../lib/gcc/arm-none-eabi/11.3.1/../../../../arm-none-eabi/lib/thumb/v7e-m+fp/hard\libc_nano.a(libc_a-fflush.o)
 .ARM.attributes
                0x00000000000009ff       0x34 C:/ST/STM32CubeIDE_1.14.1/STM32CubeIDE/plugins/com.st.stm32cube.ide.mcu.externaltools.gnu-tools-for-stm32.11.3.rel1.win32_1.1.100.202309141235/tools/bin/../lib/gcc/arm-none-eabi/11.3.1/../../../../arm-none-eabi/lib/thumb/v7e-m+fp/hard\libc_nano.a(libc_a-makebuf.o)
 .ARM.attributes
                0x0000000000000a33       0x34 C:/ST/STM32CubeIDE_1.14.1/STM32CubeIDE/plugins/com.st.stm32cube.ide.mcu.externaltools.gnu-tools-for-stm32.11.3.rel1.win32_1.1.100.202309141235/tools/bin/../lib/gcc/arm-none-eabi/11.3.1/../../../../arm-none-eabi/lib/thumb/v7e-m+fp/hard\libc_nano.a(libc_a-fstatr.o)
 .ARM.attributes
                0x0000000000000a67       0x34 C:/ST/STM32CubeIDE_1.14.1/STM32CubeIDE/plugins/com.st.stm32cube.ide.mcu.externaltools.gnu-tools-for-stm32.11.3.rel1.win32_1.1.100.202309141235/tools/bin/../lib/gcc/arm-none-eabi/11.3.1/../../../../arm-none-eabi/lib/thumb/v7e-m+fp/hard\libc_nano.a(libc_a-isattyr.o)
 .ARM.attributes
                0x0000000000000a9b       0x34 C:/ST/STM32CubeIDE_1.14.1/STM32CubeIDE/plugins/com.st.stm32cube.ide.mcu.externaltools.gnu-tools-for-stm32.11.3.rel1.win32_1.1.100.202309141235/tools/bin/../lib/gcc/arm-none-eabi/11.3.1/../../../../arm-none-eabi/lib/thumb/v7e-m+fp/hard\libc_nano.a(libc_a-sbrkr.o)
 .ARM.attributes
                0x0000000000000acf       0x1c C:/ST/STM32CubeIDE_1.14.1/STM32CubeIDE/plugins/com.st.stm32cube.ide.mcu.externaltools.gnu-tools-for-stm32.11.3.rel1.win32_1.1.100.202309141235/tools/bin/../lib/gcc/arm-none-eabi/11.3.1/../../../../arm-none-eabi/lib/thumb/v7e-m+fp/hard\libc_nano.a(libc_a-memchr.o)
 .ARM.attributes
                0x0000000000000aeb       0x1e C:/ST/STM32CubeIDE_1.14.1/STM32CubeIDE/plugins/com.st.stm32cube.ide.mcu.externaltools.gnu-tools-for-stm32.11.3.rel1.win32_1.1.100.202309141235/tools/bin/../lib/gcc/arm-none-eabi/11.3.1/thumb/v7e-m+fp/hard\libgcc.a(_aeabi_uldivmod.o)
 .ARM.attributes
                0x0000000000000b09       0x34 C:/ST/STM32CubeIDE_1.14.1/STM32CubeIDE/plugins/com.st.stm32cube.ide.mcu.externaltools.gnu-tools-for-stm32.11.3.rel1.win32_1.1.100.202309141235/tools/bin/../lib/gcc/arm-none-eabi/11.3.1/thumb/v7e-m+fp/hard\libgcc.a(_udivmoddi4.o)
 .ARM.attributes
                0x0000000000000b3d       0x1e C:/ST/STM32CubeIDE_1.14.1/STM32CubeIDE/plugins/com.st.stm32cube.ide.mcu.externaltools.gnu-tools-for-stm32.11.3.rel1.win32_1.1.100.202309141235/tools/bin/../lib/gcc/arm-none-eabi/11.3.1/thumb/v7e-m+fp/hard\libgcc.a(_dvmd_tls.o)
 .ARM.attributes
                0x0000000000000b5b       0x1e C:/ST/STM32CubeIDE_1.14.1/STM32CubeIDE/plugins/com.st.stm32cube.ide.mcu.externaltools.gnu-tools-for-stm32.11.3.rel1.win32_1.1.100.202309141235/tools/bin/../lib/gcc/arm-none-eabi/11.3.1/thumb/v7e-m+fp/hard/crtn.o
OUTPUT(f4_wit.elf elf32-littlearm)
LOAD linker stubs
LOAD C:/ST/STM32CubeIDE_1.14.1/STM32CubeIDE/plugins/com.st.stm32cube.ide.mcu.externaltools.gnu-tools-for-stm32.11.3.rel1.win32_1.1.100.202309141235/tools/bin/../lib/gcc/arm-none-eabi/11.3.1/../../../../arm-none-eabi/lib/thumb/v7e-m+fp/hard\libc.a
LOAD C:/ST/STM32CubeIDE_1.14.1/STM32CubeIDE/plugins/com.st.stm32cube.ide.mcu.externaltools.gnu-tools-for-stm32.11.3.rel1.win32_1.1.100.202309141235/tools/bin/../lib/gcc/arm-none-eabi/11.3.1/../../../../arm-none-eabi/lib/thumb/v7e-m+fp/hard\libm.a
LOAD C:/ST/STM32CubeIDE_1.14.1/STM32CubeIDE/plugins/com.st.stm32cube.ide.mcu.externaltools.gnu-tools-for-stm32.11.3.rel1.win32_1.1.100.202309141235/tools/bin/../lib/gcc/arm-none-eabi/11.3.1/thumb/v7e-m+fp/hard\libgcc.a

.comment        0x0000000000000000       0x43
 .comment       0x0000000000000000       0x43 C:/ST/STM32CubeIDE_1.14.1/STM32CubeIDE/plugins/com.st.stm32cube.ide.mcu.externaltools.gnu-tools-for-stm32.11.3.rel1.win32_1.1.100.202309141235/tools/bin/../lib/gcc/arm-none-eabi/11.3.1/thumb/v7e-m+fp/hard/crtbegin.o
                                         0x44 (size before relaxing)
 .comment       0x0000000000000043       0x44 ./Application/User/Core/delay.o
 .comment       0x0000000000000043       0x44 ./Application/User/Core/gpio.o
 .comment       0x0000000000000043       0x44 ./Application/User/Core/main.o
 .comment       0x0000000000000043       0x44 ./Application/User/Core/rtc.o
 .comment       0x0000000000000043       0x44 ./Application/User/Core/stm32f4xx_hal_msp.o
 .comment       0x0000000000000043       0x44 ./Application/User/Core/stm32f4xx_it.o
 .comment       0x0000000000000043       0x44 ./Application/User/Core/syscalls.o
 .comment       0x0000000000000043       0x44 ./Application/User/Core/sysmem.o
 .comment       0x0000000000000043       0x44 ./Application/User/Core/tim.o
 .comment       0x0000000000000043       0x44 ./Application/User/Core/usart.o
 .comment       0x0000000000000043       0x44 ./Application/User/Core/wit_c_sdk.o
 .comment       0x0000000000000043       0x44 ./Drivers/CMSIS/system_stm32f4xx.o
 .comment       0x0000000000000043       0x44 ./Drivers/STM32F4xx_HAL_Driver/stm32f4xx_hal.o
 .comment       0x0000000000000043       0x44 ./Drivers/STM32F4xx_HAL_Driver/stm32f4xx_hal_cortex.o
 .comment       0x0000000000000043       0x44 ./Drivers/STM32F4xx_HAL_Driver/stm32f4xx_hal_dma.o
 .comment       0x0000000000000043       0x44 ./Drivers/STM32F4xx_HAL_Driver/stm32f4xx_hal_gpio.o
 .comment       0x0000000000000043       0x44 ./Drivers/STM32F4xx_HAL_Driver/stm32f4xx_hal_rcc.o
 .comment       0x0000000000000043       0x44 ./Drivers/STM32F4xx_HAL_Driver/stm32f4xx_hal_rcc_ex.o
 .comment       0x0000000000000043       0x44 ./Drivers/STM32F4xx_HAL_Driver/stm32f4xx_hal_rtc.o
 .comment       0x0000000000000043       0x44 ./Drivers/STM32F4xx_HAL_Driver/stm32f4xx_hal_rtc_ex.o
 .comment       0x0000000000000043       0x44 ./Drivers/STM32F4xx_HAL_Driver/stm32f4xx_hal_tim.o
 .comment       0x0000000000000043       0x44 ./Drivers/STM32F4xx_HAL_Driver/stm32f4xx_hal_tim_ex.o
 .comment       0x0000000000000043       0x44 ./Drivers/STM32F4xx_HAL_Driver/stm32f4xx_hal_uart.o

.debug_info     0x0000000000000000    0x112ef
 .debug_info    0x0000000000000000      0x114 ./Application/User/Core/delay.o
 .debug_info    0x0000000000000114      0x284 ./Application/User/Core/gpio.o
 .debug_info    0x0000000000000398      0x955 ./Application/User/Core/main.o
 .debug_info    0x0000000000000ced      0x9a2 ./Application/User/Core/rtc.o
 .debug_info    0x000000000000168f      0x27c ./Application/User/Core/stm32f4xx_hal_msp.o
 .debug_info    0x000000000000190b      0xccb ./Application/User/Core/stm32f4xx_it.o
 .debug_info    0x00000000000025d6      0x6a3 ./Application/User/Core/syscalls.o
 .debug_info    0x0000000000002c79      0x168 ./Application/User/Core/sysmem.o
 .debug_info    0x0000000000002de1      0xc54 ./Application/User/Core/tim.o
 .debug_info    0x0000000000003a35      0xdf0 ./Application/User/Core/usart.o
 .debug_info    0x0000000000004825      0x8bc ./Application/User/Core/wit_c_sdk.o
 .debug_info    0x00000000000050e1       0x23 ./Application/User/Startup/startup_stm32f407vgtx.o
 .debug_info    0x0000000000005104      0x512 ./Drivers/CMSIS/system_stm32f4xx.o
 .debug_info    0x0000000000005616      0x944 ./Drivers/STM32F4xx_HAL_Driver/stm32f4xx_hal.o
 .debug_info    0x0000000000005f5a      0xd57 ./Drivers/STM32F4xx_HAL_Driver/stm32f4xx_hal_cortex.o
 .debug_info    0x0000000000006cb1      0x8e7 ./Drivers/STM32F4xx_HAL_Driver/stm32f4xx_hal_dma.o
 .debug_info    0x0000000000007598      0x6c3 ./Drivers/STM32F4xx_HAL_Driver/stm32f4xx_hal_gpio.o
 .debug_info    0x0000000000007c5b      0x8b1 ./Drivers/STM32F4xx_HAL_Driver/stm32f4xx_hal_rcc.o
 .debug_info    0x000000000000850c      0x53a ./Drivers/STM32F4xx_HAL_Driver/stm32f4xx_hal_rcc_ex.o
 .debug_info    0x0000000000008a46      0xc20 ./Drivers/STM32F4xx_HAL_Driver/stm32f4xx_hal_rtc.o
 .debug_info    0x0000000000009666      0xec2 ./Drivers/STM32F4xx_HAL_Driver/stm32f4xx_hal_rtc_ex.o
 .debug_info    0x000000000000a528     0x299d ./Drivers/STM32F4xx_HAL_Driver/stm32f4xx_hal_tim.o
 .debug_info    0x000000000000cec5     0x14db ./Drivers/STM32F4xx_HAL_Driver/stm32f4xx_hal_tim_ex.o
 .debug_info    0x000000000000e3a0     0x2f4f ./Drivers/STM32F4xx_HAL_Driver/stm32f4xx_hal_uart.o

.debug_abbrev   0x0000000000000000     0x2d9a
 .debug_abbrev  0x0000000000000000       0xc8 ./Application/User/Core/delay.o
 .debug_abbrev  0x00000000000000c8       0xd8 ./Application/User/Core/gpio.o
 .debug_abbrev  0x00000000000001a0      0x321 ./Application/User/Core/main.o
 .debug_abbrev  0x00000000000004c1      0x19e ./Application/User/Core/rtc.o
 .debug_abbrev  0x000000000000065f       0xf4 ./Application/User/Core/stm32f4xx_hal_msp.o
 .debug_abbrev  0x0000000000000753      0x188 ./Application/User/Core/stm32f4xx_it.o
 .debug_abbrev  0x00000000000008db      0x1b6 ./Application/User/Core/syscalls.o
 .debug_abbrev  0x0000000000000a91       0xbc ./Application/User/Core/sysmem.o
 .debug_abbrev  0x0000000000000b4d      0x206 ./Application/User/Core/tim.o
 .debug_abbrev  0x0000000000000d53      0x2f6 ./Application/User/Core/usart.o
 .debug_abbrev  0x0000000000001049      0x24e ./Application/User/Core/wit_c_sdk.o
 .debug_abbrev  0x0000000000001297       0x12 ./Application/User/Startup/startup_stm32f407vgtx.o
 .debug_abbrev  0x00000000000012a9      0x11a ./Drivers/CMSIS/system_stm32f4xx.o
 .debug_abbrev  0x00000000000013c3      0x214 ./Drivers/STM32F4xx_HAL_Driver/stm32f4xx_hal.o
 .debug_abbrev  0x00000000000015d7      0x328 ./Drivers/STM32F4xx_HAL_Driver/stm32f4xx_hal_cortex.o
 .debug_abbrev  0x00000000000018ff      0x264 ./Drivers/STM32F4xx_HAL_Driver/stm32f4xx_hal_dma.o
 .debug_abbrev  0x0000000000001b63      0x1d4 ./Drivers/STM32F4xx_HAL_Driver/stm32f4xx_hal_gpio.o
 .debug_abbrev  0x0000000000001d37      0x2b6 ./Drivers/STM32F4xx_HAL_Driver/stm32f4xx_hal_rcc.o
 .debug_abbrev  0x0000000000001fed      0x1af ./Drivers/STM32F4xx_HAL_Driver/stm32f4xx_hal_rcc_ex.o
 .debug_abbrev  0x000000000000219c      0x1ee ./Drivers/STM32F4xx_HAL_Driver/stm32f4xx_hal_rtc.o
 .debug_abbrev  0x000000000000238a      0x207 ./Drivers/STM32F4xx_HAL_Driver/stm32f4xx_hal_rtc_ex.o
 .debug_abbrev  0x0000000000002591      0x278 ./Drivers/STM32F4xx_HAL_Driver/stm32f4xx_hal_tim.o
 .debug_abbrev  0x0000000000002809      0x283 ./Drivers/STM32F4xx_HAL_Driver/stm32f4xx_hal_tim_ex.o
 .debug_abbrev  0x0000000000002a8c      0x30e ./Drivers/STM32F4xx_HAL_Driver/stm32f4xx_hal_uart.o

.debug_aranges  0x0000000000000000     0x1138
 .debug_aranges
                0x0000000000000000       0x20 ./Application/User/Core/delay.o
 .debug_aranges
                0x0000000000000020       0x20 ./Application/User/Core/gpio.o
 .debug_aranges
                0x0000000000000040       0x78 ./Application/User/Core/main.o
 .debug_aranges
                0x00000000000000b8       0x30 ./Application/User/Core/rtc.o
 .debug_aranges
                0x00000000000000e8       0x20 ./Application/User/Core/stm32f4xx_hal_msp.o
 .debug_aranges
                0x0000000000000108       0x70 ./Application/User/Core/stm32f4xx_it.o
 .debug_aranges
                0x0000000000000178       0xa8 ./Application/User/Core/syscalls.o
 .debug_aranges
                0x0000000000000220       0x20 ./Application/User/Core/sysmem.o
 .debug_aranges
                0x0000000000000240       0x38 ./Application/User/Core/tim.o
 .debug_aranges
                0x0000000000000278       0x78 ./Application/User/Core/usart.o
 .debug_aranges
                0x00000000000002f0       0xd8 ./Application/User/Core/wit_c_sdk.o
 .debug_aranges
                0x00000000000003c8       0x28 ./Application/User/Startup/startup_stm32f407vgtx.o
 .debug_aranges
                0x00000000000003f0       0x28 ./Drivers/CMSIS/system_stm32f4xx.o
 .debug_aranges
                0x0000000000000418       0xf0 ./Drivers/STM32F4xx_HAL_Driver/stm32f4xx_hal.o
 .debug_aranges
                0x0000000000000508      0x120 ./Drivers/STM32F4xx_HAL_Driver/stm32f4xx_hal_cortex.o
 .debug_aranges
                0x0000000000000628       0x90 ./Drivers/STM32F4xx_HAL_Driver/stm32f4xx_hal_dma.o
 .debug_aranges
                0x00000000000006b8       0x58 ./Drivers/STM32F4xx_HAL_Driver/stm32f4xx_hal_gpio.o
 .debug_aranges
                0x0000000000000710       0x88 ./Drivers/STM32F4xx_HAL_Driver/stm32f4xx_hal_rcc.o
 .debug_aranges
                0x0000000000000798       0x48 ./Drivers/STM32F4xx_HAL_Driver/stm32f4xx_hal_rcc_ex.o
 .debug_aranges
                0x00000000000007e0       0xe8 ./Drivers/STM32F4xx_HAL_Driver/stm32f4xx_hal_rtc.o
 .debug_aranges
                0x00000000000008c8      0x130 ./Drivers/STM32F4xx_HAL_Driver/stm32f4xx_hal_rtc_ex.o
 .debug_aranges
                0x00000000000009f8      0x3d0 ./Drivers/STM32F4xx_HAL_Driver/stm32f4xx_hal_tim.o
 .debug_aranges
                0x0000000000000dc8      0x168 ./Drivers/STM32F4xx_HAL_Driver/stm32f4xx_hal_tim_ex.o
 .debug_aranges
                0x0000000000000f30      0x208 ./Drivers/STM32F4xx_HAL_Driver/stm32f4xx_hal_uart.o

.debug_rnglists
                0x0000000000000000      0xd4f
 .debug_rnglists
                0x0000000000000000       0x13 ./Application/User/Core/delay.o
 .debug_rnglists
                0x0000000000000013       0x13 ./Application/User/Core/gpio.o
 .debug_rnglists
                0x0000000000000026       0x5b ./Application/User/Core/main.o
 .debug_rnglists
                0x0000000000000081       0x20 ./Application/User/Core/rtc.o
 .debug_rnglists
                0x00000000000000a1       0x13 ./Application/User/Core/stm32f4xx_hal_msp.o
 .debug_rnglists
                0x00000000000000b4       0x4f ./Application/User/Core/stm32f4xx_it.o
 .debug_rnglists
                0x0000000000000103       0x79 ./Application/User/Core/syscalls.o
 .debug_rnglists
                0x000000000000017c       0x13 ./Application/User/Core/sysmem.o
 .debug_rnglists
                0x000000000000018f       0x26 ./Application/User/Core/tim.o
 .debug_rnglists
                0x00000000000001b5       0x57 ./Application/User/Core/usart.o
 .debug_rnglists
                0x000000000000020c       0xa7 ./Application/User/Core/wit_c_sdk.o
 .debug_rnglists
                0x00000000000002b3       0x19 ./Application/User/Startup/startup_stm32f407vgtx.o
 .debug_rnglists
                0x00000000000002cc       0x1a ./Drivers/CMSIS/system_stm32f4xx.o
 .debug_rnglists
                0x00000000000002e6       0xaf ./Drivers/STM32F4xx_HAL_Driver/stm32f4xx_hal.o
 .debug_rnglists
                0x0000000000000395       0xd4 ./Drivers/STM32F4xx_HAL_Driver/stm32f4xx_hal_cortex.o
 .debug_rnglists
                0x0000000000000469       0x70 ./Drivers/STM32F4xx_HAL_Driver/stm32f4xx_hal_dma.o
 .debug_rnglists
                0x00000000000004d9       0x3f ./Drivers/STM32F4xx_HAL_Driver/stm32f4xx_hal_gpio.o
 .debug_rnglists
                0x0000000000000518       0x66 ./Drivers/STM32F4xx_HAL_Driver/stm32f4xx_hal_rcc.o
 .debug_rnglists