Component: ARM Compiler 5.06 update 7 (build 960) Tool: armlink [4d3601]

==============================================================================

Section Cross References

    startup_stm32f407xx.o(STACK) refers (Special) to heapauxi.o(.text) for __use_two_region_memory
    startup_stm32f407xx.o(HEAP) refers (Special) to heapauxi.o(.text) for __use_two_region_memory
    startup_stm32f407xx.o(RESET) refers (Special) to heapauxi.o(.text) for __use_two_region_memory
    startup_stm32f407xx.o(RESET) refers to startup_stm32f407xx.o(STACK) for __initial_sp
    startup_stm32f407xx.o(RESET) refers to startup_stm32f407xx.o(.text) for Reset_Handler
    startup_stm32f407xx.o(RESET) refers to stm32f4xx_it.o(i.NMI_Handler) for NMI_Handler
    startup_stm32f407xx.o(RESET) refers to stm32f4xx_it.o(i.HardFault_Handler) for HardFault_Handler
    startup_stm32f407xx.o(RESET) refers to stm32f4xx_it.o(i.MemManage_Handler) for MemManage_Handler
    startup_stm32f407xx.o(RESET) refers to stm32f4xx_it.o(i.BusFault_Handler) for BusFault_Handler
    startup_stm32f407xx.o(RESET) refers to stm32f4xx_it.o(i.UsageFault_Handler) for UsageFault_Handler
    startup_stm32f407xx.o(RESET) refers to stm32f4xx_it.o(i.SVC_Handler) for SVC_Handler
    startup_stm32f407xx.o(RESET) refers to stm32f4xx_it.o(i.DebugMon_Handler) for DebugMon_Handler
    startup_stm32f407xx.o(RESET) refers to stm32f4xx_it.o(i.PendSV_Handler) for PendSV_Handler
    startup_stm32f407xx.o(RESET) refers to main.o(i.SysTick_Handler) for SysTick_Handler
    startup_stm32f407xx.o(RESET) refers to stm32f4xx_it.o(i.TIM1_BRK_TIM9_IRQHandler) for TIM1_BRK_TIM9_IRQHandler
    startup_stm32f407xx.o(RESET) refers to usart.o(i.USART1_IRQHandler) for USART1_IRQHandler
    startup_stm32f407xx.o(RESET) refers to usart.o(i.USART2_IRQHandler) for USART2_IRQHandler
    startup_stm32f407xx.o(RESET) refers to stm32f4xx_it.o(i.USART3_IRQHandler) for USART3_IRQHandler
    startup_stm32f407xx.o(RESET) refers to stm32f4xx_it.o(i.RTC_Alarm_IRQHandler) for RTC_Alarm_IRQHandler
    startup_stm32f407xx.o(.text) refers (Special) to heapauxi.o(.text) for __use_two_region_memory
    startup_stm32f407xx.o(.text) refers to system_stm32f4xx.o(i.SystemInit) for SystemInit
    startup_stm32f407xx.o(.text) refers to __main.o(!!!main) for __main
    startup_stm32f407xx.o(.text) refers to startup_stm32f407xx.o(HEAP) for Heap_Mem
    startup_stm32f407xx.o(.text) refers to startup_stm32f407xx.o(STACK) for Stack_Mem
    main.o(i.AutoScanSensor) refers to _printf_percent.o(.ARM.Collect$$_printf_percent$$00000000) for _printf_percent
    main.o(i.AutoScanSensor) refers to _printf_d.o(.ARM.Collect$$_printf_percent$$00000009) for _printf_d
    main.o(i.AutoScanSensor) refers to _printf_dec.o(.text) for _printf_int_dec
    main.o(i.AutoScanSensor) refers to usart.o(i.Usart2Init) for Usart2Init
    main.o(i.AutoScanSensor) refers to wit_c_sdk.o(i.WitReadReg) for WitReadReg
    main.o(i.AutoScanSensor) refers to main.o(i.delay_ms) for delay_ms
    main.o(i.AutoScanSensor) refers to noretval__2printf.o(.text) for __2printf
    main.o(i.AutoScanSensor) refers to main.o(i.ShowHelp) for ShowHelp
    main.o(i.AutoScanSensor) refers to main.o(.constdata) for .constdata
    main.o(i.AutoScanSensor) refers to main.o(.data) for .data
    main.o(i.CmdProcess) refers to wit_c_sdk.o(i.WitStartAccCali) for WitStartAccCali
    main.o(i.CmdProcess) refers to wit_c_sdk.o(i.WitStartMagCali) for WitStartMagCali
    main.o(i.CmdProcess) refers to wit_c_sdk.o(i.WitStopMagCali) for WitStopMagCali
    main.o(i.CmdProcess) refers to wit_c_sdk.o(i.WitSetBandwidth) for WitSetBandwidth
    main.o(i.CmdProcess) refers to wit_c_sdk.o(i.WitSetUartBaud) for WitSetUartBaud
    main.o(i.CmdProcess) refers to usart.o(i.Usart2Init) for Usart2Init
    main.o(i.CmdProcess) refers to wit_c_sdk.o(i.WitSetOutputRate) for WitSetOutputRate
    main.o(i.CmdProcess) refers to wit_c_sdk.o(i.WitSetContent) for WitSetContent
    main.o(i.CmdProcess) refers to noretval__2printf.o(.text) for __2printf
    main.o(i.CmdProcess) refers to main.o(i.ShowHelp) for ShowHelp
    main.o(i.CmdProcess) refers to main.o(.data) for .data
    main.o(i.CopeCmdData) refers to rt_memclr.o(.text) for __aeabi_memclr
    main.o(i.CopeCmdData) refers to main.o(.bss) for .bss
    main.o(i.CopeCmdData) refers to main.o(.data) for .data
    main.o(i.Delayms) refers to main.o(i.delay_ms) for delay_ms
    main.o(i.SensorDataUpdata) refers to main.o(.data) for .data
    main.o(i.SensorUartSend) refers to usart.o(i.Uart2Send) for Uart2Send
    main.o(i.ShowHelp) refers to noretval__2printf.o(.text) for __2printf
    main.o(i.ShowHelp) refers to main.o(.conststring) for .conststring
    main.o(i.SysTick_Handler) refers to main.o(.data) for .data
    main.o(i.SystemClock_Config) refers to rt_memclr_w.o(.text) for __aeabi_memclr4
    main.o(i.SystemClock_Config) refers to stm32f4xx_hal_rcc.o(i.HAL_RCC_OscConfig) for HAL_RCC_OscConfig
[...]
    i.UsageFault_Handler                     0x08004484   Section        0  stm32f4xx_it.o(i.UsageFault_Handler)
    i.Usart1Init                             0x08004488   Section        0  usart.o(i.Usart1Init)
    i.Usart2Init                             0x080044c0   Section        0  usart.o(i.Usart2Init)
    i.WitDelayMsRegister                     0x080044f8   Section        0  wit_c_sdk.o(i.WitDelayMsRegister)
    i.WitInit                                0x0800450c   Section        0  wit_c_sdk.o(i.WitInit)
    i.WitReadReg                             0x08004528   Section        0  wit_c_sdk.o(i.WitReadReg)
    i.WitRegisterCallBack                    0x08004668   Section        0  wit_c_sdk.o(i.WitRegisterCallBack)
    i.WitSerialDataIn                        0x0800467c   Section        0  wit_c_sdk.o(i.WitSerialDataIn)
    i.WitSerialWriteRegister                 0x08004794   Section        0  wit_c_sdk.o(i.WitSerialWriteRegister)
    i.WitSetBandwidth                        0x080047a8   Section        0  wit_c_sdk.o(i.WitSetBandwidth)
    i.WitSetContent                          0x080047fc   Section        0  wit_c_sdk.o(i.WitSetContent)
    i.WitSetOutputRate                       0x08004850   Section        0  wit_c_sdk.o(i.WitSetOutputRate)
    i.WitSetUartBaud                         0x080048a4   Section        0  wit_c_sdk.o(i.WitSetUartBaud)
    i.WitStartAccCali                        0x080048f8   Section        0  wit_c_sdk.o(i.WitStartAccCali)
    i.WitStartMagCali                        0x08004934   Section        0  wit_c_sdk.o(i.WitStartMagCali)
    i.WitStopMagCali                         0x08004970   Section        0  wit_c_sdk.o(i.WitStopMagCali)
    i.WitWriteReg                            0x080049ac   Section        0  wit_c_sdk.o(i.WitWriteReg)
    i.__ARM_fpclassify                       0x08004a94   Section        0  fpclassify.o(i.__ARM_fpclassify)
    i.__CRC16                                0x08004ac4   Section        0  wit_c_sdk.o(i.__CRC16)
    __CRC16                                  0x08004ac5   Thumb Code    38  wit_c_sdk.o(i.__CRC16)
    i.__NVIC_SetPriority                     0x08004af0   Section        0  stm32f4xx_hal_cortex.o(i.__NVIC_SetPriority)
    __NVIC_SetPriority                       0x08004af1   Thumb Code    32  stm32f4xx_hal_cortex.o(i.__NVIC_SetPriority)
    i._is_digit                              0x08004b10   Section        0  __printf_wp.o(i._is_digit)
    i.delay_ms                               0x08004b20   Section        0  main.o(i.delay_ms)
    i.fputc                                  0x08004b34   Section        0  fputc.o(i.fputc)
    i.main                                   0x08004b50   Section        0  main.o(i.main)
    locale$$code                             0x08004d98   Section       44  lc_numeric_c.o(locale$$code)
    x$fpl$dretinf                            0x08004dc4   Section       12  dretinf.o(x$fpl$dretinf)
    $v0                                      0x08004dc4   Number         0  dretinf.o(x$fpl$dretinf)
    x$fpl$f2d                                0x08004dd0   Section       86  f2d.o(x$fpl$f2d)
    $v0                                      0x08004dd0   Number         0  f2d.o(x$fpl$f2d)
    x$fpl$fnaninf                            0x08004e26   Section      140  fnaninf.o(x$fpl$fnaninf)
    $v0                                      0x08004e26   Number         0  fnaninf.o(x$fpl$fnaninf)
    x$fpl$fpinit                             0x08004eb2   Section       10  fpinit.o(x$fpl$fpinit)
    $v0                                      0x08004eb2   Number         0  fpinit.o(x$fpl$fpinit)
    x$fpl$printf1                            0x08004ebc   Section        4  printf1.o(x$fpl$printf1)
    $v0                                      0x08004ebc   Number         0  printf1.o(x$fpl$printf1)
    .constdata                               0x08004ec0   Section       40  main.o(.constdata)
    x$fpl$usenofp                            0x08004ec0   Section        0  usenofp.o(x$fpl$usenofp)
    .constdata                               0x08004ee8   Section      512  wit_c_sdk.o(.constdata)
    __auchCRCHi                              0x08004ee8   Data         256  wit_c_sdk.o(.constdata)
    __auchCRCLo                              0x08004fe8   Data         256  wit_c_sdk.o(.constdata)
    .constdata                               0x080050e8   Section       16  system_stm32f4xx.o(.constdata)
    .constdata                               0x080050f8   Section        8  system_stm32f4xx.o(.constdata)
    .constdata                               0x08005100   Section      148  bigflt0.o(.constdata)
    tenpwrs_x                                0x08005100   Data          60  bigflt0.o(.constdata)
    tenpwrs_i                                0x0800513c   Data          64  bigflt0.o(.constdata)
    .constdata                               0x08005194   Section        4  sys_io.o(.constdata)
    .constdata                               0x08005198   Section        4  sys_io.o(.constdata)
    .constdata                               0x0800519c   Section        4  sys_io.o(.constdata)
    .conststring                             0x080051a0   Section      514  main.o(.conststring)
    locale$$data                             0x080053c4   Section       28  lc_numeric_c.o(locale$$data)
    __lcnum_c_name                           0x080053c8   Data           2  lc_numeric_c.o(locale$$data)
    __lcnum_c_start                          0x080053d0   Data           0  lc_numeric_c.o(locale$$data)
    __lcnum_c_point                          0x080053dc   Data           0  lc_numeric_c.o(locale$$data)
    __lcnum_c_thousands                      0x080053de   Data           0  lc_numeric_c.o(locale$$data)
    __lcnum_c_grouping                       0x080053df   Data           0  lc_numeric_c.o(locale$$data)
    __lcnum_c_end                            0x080053e0   Data           0  lc_numeric_c.o(locale$$data)
    .data                                    0x20000000   Section       12  main.o(.data)
    s_cDataUpdate1                           0x20000000   Data           1  main.o(.data)
    s_cDataUpdate2                           0x20000001   Data           1  main.o(.data)
    s_cDataUpdate3                           0x20000002   Data           1  main.o(.data)
    s_cDataUpdate4                           0x20000003   Data           1  main.o(.data)
    s_cCmd                                   0x20000004   Data           1  main.o(.data)
    s_ucRxCnt                                0x20000005   Data           1  main.o(.data)
    .data                                    0x2000000c   Section       52  wit_c_sdk.o(.data)
    s_ucAddr                                 0x2000000c   Data           1  wit_c_sdk.o(.data)
    p_WitSerialWriteFunc                     0x20000010   Data           4  wit_c_sdk.o(.data)
    p_WitI2cWriteFunc                        0x20000014   Data           4  wit_c_sdk.o(.data)
    p_WitI2cReadFunc                         0x20000018   Data           4  wit_c_sdk.o(.data)
    p_WitCanWriteFunc                        0x2000001c   Data           4  wit_c_sdk.o(.data)
    p_WitRegUpdateCbFunc                     0x20000020   Data           4  wit_c_sdk.o(.data)
    p_WitDelaymsFunc                         0x20000024   Data           4  wit_c_sdk.o(.data)
    s_uiWitDataCnt                           0x20000028   Data           4  wit_c_sdk.o(.data)
    s_uiProtoclo                             0x2000002c   Data           4  wit_c_sdk.o(.data)
    s_uiReadRegIndex                         0x20000030   Data           4  wit_c_sdk.o(.data)
    .data                                    0x20000040   Section       12  stm32f4xx_hal.o(.data)
    .data                                    0x2000004c   Section        4  system_stm32f4xx.o(.data)
    .data                                    0x20000050   Section        4  stdio_streams.o(.data)
    .data                                    0x20000054   Section        4  stdio_streams.o(.data)
    .data                                    0x20000058   Section        4  stdio_streams.o(.data)
    .bss                                     0x2000005c   Section       50  main.o(.bss)
    s_ucData                                 0x2000005c   Data          50  main.o(.bss)
    .bss                                     0x20000090   Section       32  rtc.o(.bss)
    .bss                                     0x200000b0   Section      144  tim.o(.bss)
    .bss                                     0x20000140   Section      216  usart.o(.bss)
    .bss                                     0x20000218   Section      544  wit_c_sdk.o(.bss)
    s_ucWitDataBuff                          0x20000218   Data         256  wit_c_sdk.o(.bss)
    .bss                                     0x20000438   Section       84  stdio_streams.o(.bss)
    .bss                                     0x2000048c   Section       84  stdio_streams.o(.bss)
    .bss                                     0x200004e0   Section       84  stdio_streams.o(.bss)
    .bss                                     0x20000534   Section       96  libspace.o(.bss)
    HEAP                                     0x20000598   Section     8192  startup_stm32f407xx.o(HEAP)
    Heap_Mem                                 0x20000598   Data        8192  startup_stm32f407xx.o(HEAP)
    STACK                                    0x20002598   Section    16384  startup_stm32f407xx.o(STACK)
    Stack_Mem                                0x20002598   Data       16384  startup_stm32f407xx.o(STACK)
    __initial_sp                             0x20006598   Data           0  startup_stm32f407xx.o(STACK)

    Global Symbols

    Symbol Name                              Value     Ov Type        Size  Object(Section)

    BuildAttributes$$THM_ISAv4$E$P$D$K$B$S$7EM$VFPi3$EXTD16$VFPS$VFMA$PE$A:L22UL41UL21$X:L11$S22US41US21$IEEE1$IW$USESV6$~STKCKD$USESV7$~SHL$OTIME$ROPI$IEEEJ$EBA8$UX$STANDARDLIB$REQ8$PRES8$EABIv2 0x00000000   Number         0  anon$$obj.o ABSOLUTE
    __ARM_use_no_argv                        0x00000000   Number         0  main.o ABSOLUTE
    _printf_flags                            0x00000000   Number         0  printf_stubs.o ABSOLUTE
    _printf_return_value                     0x00000000   Number         0  printf_stubs.o ABSOLUTE
    _printf_sizespec                         0x00000000   Number         0  printf_stubs.o ABSOLUTE
    _printf_widthprec                        0x00000000   Number         0  printf_stubs.o ABSOLUTE
    __ARM_exceptions_init                     - Undefined Weak Reference
    __alloca_initialize                       - Undefined Weak Reference
    __arm_fini_                               - Undefined Weak Reference
    __arm_preinit_                            - Undefined Weak Reference
    __cpp_initialize__aeabi_                  - Undefined Weak Reference
    __cxa_finalize                            - Undefined Weak Reference
    __sigvec_lookup                           - Undefined Weak Reference
    __user_heap_extent                        - Undefined Weak Reference
    _atexit_init                              - Undefined Weak Reference
    _call_atexit_fns                          - Undefined Weak Reference
    _clock_init                               - Undefined Weak Reference
    _fp_trap_init                             - Undefined Weak Reference
    _fp_trap_shutdown                         - Undefined Weak Reference
    _get_lc_collate                           - Undefined Weak Reference
    _get_lc_ctype                             - Undefined Weak Reference
    _get_lc_monetary                          - Undefined Weak Reference
    _get_lc_time                              - Undefined Weak Reference
    _getenv_init                              - Undefined Weak Reference
    _handle_redirection                       - Undefined Weak Reference
    _mutex_acquire                            - Undefined Weak Reference
    _mutex_free                               - Undefined Weak Reference
    _mutex_release                            - Undefined Weak Reference
    _printf_post_padding                      - Undefined Weak Reference
    _printf_pre_padding                       - Undefined Weak Reference
    _printf_truncate_signed                   - Undefined Weak Reference
    _printf_truncate_unsigned                 - Undefined Weak Reference
    _rand_init                                - Undefined Weak Reference
    _signal_finish                            - Undefined Weak Reference
    _signal_init                              - Undefined Weak Reference
    __Vectors_Size                           0x00000188   Number         0  startup_stm32f407xx.o ABSOLUTE
    __Vectors                                0x08000000   Data           4  startup_stm32f407xx.o(RESET)
    __Vectors_End                            0x08000188   Data           0  startup_stm32f407xx.o(RESET)
    __main                                   0x08000189   Thumb Code     8  __main.o(!!!main)
    __scatterload                            0x08000191   Thumb Code     0  __scatter.o(!!!scatter)
    __scatterload_rt2                        0x08000191   Thumb Code    44  __scatter.o(!!!scatter)
    __scatterload_rt2_thumb_only             0x08000191   Thumb Code     0  __scatter.o(!!!scatter)
    __scatterload_null                       0x0800019f   Thumb Code     0  __scatter.o(!!!scatter)
    __scatterload_copy                       0x080001c5   Thumb Code    26  __scatter_copy.o(!!handler_copy)
    __scatterload_zeroinit                   0x080001e1   Thumb Code    28  __scatter_zi.o(!!handler_zi)
    _printf_f                                0x080001fd   Thumb Code     0  _printf_f.o(.ARM.Collect$$_printf_percent$$00000003)
    _printf_percent                          0x080001fd   Thumb Code     0  _printf_percent.o(.ARM.Collect$$_printf_percent$$00000000)
    _printf_d                                0x08000203   Thumb Code     0  _printf_d.o(.ARM.Collect$$_printf_percent$$00000009)
    _printf_percent_end                      0x08000209   Thumb Code     0  _printf_percent_end.o(.ARM.Collect$$_printf_percent$$00000017)
    __rt_lib_init                            0x0800020d   Thumb Code     0  libinit.o(.ARM.Collect$$libinit$$00000000)
    __rt_lib_init_fp_1                       0x0800020f   Thumb Code     0  libinit2.o(.ARM.Collect$$libinit$$00000001)
    __rt_lib_init_heap_2                     0x08000213   Thumb Code     0  libinit2.o(.ARM.Collect$$libinit$$00000005)
    __rt_lib_init_preinit_1                  0x08000213   Thumb Code     0  libinit2.o(.ARM.Collect$$libinit$$00000004)
    __rt_lib_init_heap_1                     0x0800021b   Thumb Code     0  libinit2.o(.ARM.Collect$$libinit$$0000000A)
    __rt_lib_init_lc_common                  0x0800021b   Thumb Code     0  libinit2.o(.ARM.Collect$$libinit$$0000000F)
    __rt_lib_init_rand_1                     0x0800021b   Thumb Code     0  libinit2.o(.ARM.Collect$$libinit$$0000000E)
    __rt_lib_init_user_alloc_1               0x0800021b   Thumb Code     0  libinit2.o(.ARM.Collect$$libinit$$0000000C)
    __rt_lib_init_lc_collate_1               0x08000221   Thumb Code     0  libinit2.o(.ARM.Collect$$libinit$$00000011)
    __rt_lib_init_lc_ctype_1                 0x08000221   Thumb Code     0  libinit2.o(.ARM.Collect$$libinit$$00000013)
    __rt_lib_init_lc_monetary_1              0x08000221   Thumb Code     0  libinit2.o(.ARM.Collect$$libinit$$00000015)
    __rt_lib_init_lc_numeric_2               0x08000221   Thumb Code     0  libinit2.o(.ARM.Collect$$libinit$$00000016)
    __rt_lib_init_atexit_1                   0x0800022b   Thumb Code     0  libinit2.o(.ARM.Collect$$libinit$$0000001B)
    __rt_lib_init_clock_1                    0x0800022b   Thumb Code     0  libinit2.o(.ARM.Collect$$libinit$$00000021)
    __rt_lib_init_fp_trap_1                  0x0800022b   Thumb Code     0  libinit2.o(.ARM.Collect$$libinit$$0000001F)
    __rt_lib_init_getenv_1                   0x0800022b   Thumb Code     0  libinit2.o(.ARM.Collect$$libinit$$00000023)
    __rt_lib_init_lc_numeric_1               0x0800022b   Thumb Code     0  libinit2.o(.ARM.Collect$$libinit$$00000017)
    __rt_lib_init_lc_time_1                  0x0800022b   Thumb Code     0  libinit2.o(.ARM.Collect$$libinit$$00000019)
    __rt_lib_init_signal_1                   0x0800022b   Thumb Code     0  libinit2.o(.ARM.Collect$$libinit$$0000001D)
    __rt_lib_init_stdio_2                    0x0800022b   Thumb Code     0  libinit2.o(.ARM.Collect$$libinit$$00000024)
    __rt_lib_init_alloca_1                   0x0800022f   Thumb Code     0  libinit2.o(.ARM.Collect$$libinit$$0000002E)
    __rt_lib_init_argv_1                     0x0800022f   Thumb Code     0  libinit2.o(.ARM.Collect$$libinit$$0000002C)
    __rt_lib_init_cpp_1                      0x0800022f   Thumb Code     0  libinit2.o(.ARM.Collect$$libinit$$00000032)
    __rt_lib_init_exceptions_1               0x0800022f   Thumb Code     0  libinit2.o(.ARM.Collect$$libinit$$00000030)
    __rt_lib_init_return                     0x0800022f   Thumb Code     0  libinit2.o(.ARM.Collect$$libinit$$00000033)
    __rt_lib_init_stdio_1                    0x0800022f   Thumb Code     0  libinit2.o(.ARM.Collect$$libinit$$00000025)
    __rt_lib_shutdown                        0x08000231   Thumb Code     0  libshutdown.o(.ARM.Collect$$libshutdown$$00000000)
    __rt_lib_shutdown_cpp_1                  0x08000233   Thumb Code     0  libshutdown2.o(.ARM.Collect$$libshutdown$$00000004)
    __rt_lib_shutdown_fini_1                 0x08000233   Thumb Code     0  libshutdown2.o(.ARM.Collect$$libshutdown$$00000002)
    __rt_lib_shutdown_stdio_2                0x08000233   Thumb Code     0  libshutdown2.o(.ARM.Collect$$libshutdown$$00000005)
    __rt_lib_shutdown_fp_trap_1              0x08000237   Thumb Code     0  libshutdown2.o(.ARM.Collect$$libshutdown$$00000009)
    __rt_lib_shutdown_heap_1                 0x08000237   Thumb Code     0  libshutdown2.o(.ARM.Collect$$libshutdown$$00000011)
    __rt_lib_shutdown_return                 0x08000237   Thumb Code     0  libshutdown2.o(.ARM.Collect$$libshutdown$$00000012)
    __rt_lib_shutdown_signal_1               0x08000237   Thumb Code     0  libshutdown2.o(.ARM.Collect$$libshutdown$$0000000C)
    __rt_lib_shutdown_stdio_1                0x08000237   Thumb Code     0  libshutdown2.o(.ARM.Collect$$libshutdown$$00000006)
    __rt_lib_shutdown_user_alloc_1           0x08000237   Thumb Code     0  libshutdown2.o(.ARM.Collect$$libshutdown$$0000000E)
    __rt_entry                               0x08000239   Thumb Code     0  __rtentry.o(.ARM.Collect$$rtentry$$00000000)
    __rt_entry_presh_1                       0x08000239   Thumb Code     0  __rtentry2.o(.ARM.Collect$$rtentry$$00000002)
    __rt_entry_sh                            0x08000239   Thumb Code     0  __rtentry4.o(.ARM.Collect$$rtentry$$00000004)
    __rt_entry_li                            0x0800023f   Thumb Code     0  __rtentry2.o(.ARM.Collect$$rtentry$$0000000A)
    __rt_entry_postsh_1                      0x0800023f   Thumb Code     0  __rtentry2.o(.ARM.Collect$$rtentry$$00000009)
    __rt_entry_main                          0x08000243   Thumb Code     0  __rtentry2.o(.ARM.Collect$$rtentry$$0000000D)
    __rt_entry_postli_1                      0x08000243   Thumb Code     0  __rtentry2.o(.ARM.Collect$$rtentry$$0000000C)
    __rt_exit                                0x0800024b   Thumb Code     0  rtexit.o(.ARM.Collect$$rtexit$$00000000)
    __rt_exit_ls                             0x0800024d   Thumb Code     0  rtexit2.o(.ARM.Collect$$rtexit$$00000003)
    __rt_exit_prels_1                        0x0800024d   Thumb Code     0  rtexit2.o(.ARM.Collect$$rtexit$$00000002)
    __rt_exit_exit                           0x08000251   Thumb Code     0  rtexit2.o(.ARM.Collect$$rtexit$$00000004)
    Reset_Handler                            0x08000259   Thumb Code     8  startup_stm32f407xx.o(.text)
    _maybe_terminate_alloc                   0x08000259   Thumb Code     0  maybetermalloc1.o(.emb_text)
    ADC_IRQHandler                           0x08000273   Thumb Code     0  startup_stm32f407xx.o(.text)
    CAN1_RX0_IRQHandler                      0x08000273   Thumb Code     0  startup_stm32f407xx.o(.text)
    CAN1_RX1_IRQHandler                      0x08000273   Thumb Code     0  startup_stm32f407xx.o(.text)
    CAN1_SCE_IRQHandler                      0x08000273   Thumb Code     0  startup_stm32f407xx.o(.text)
    CAN1_TX_IRQHandler                       0x08000273   Thumb Code     0  startup_stm32f407xx.o(.text)
    CAN2_RX0_IRQHandler                      0x08000273   Thumb Code     0  startup_stm32f407xx.o(.text)
    CAN2_RX1_IRQHandler                      0x08000273   Thumb Code     0  startup_stm32f407xx.o(.text)
    CAN2_SCE_IRQHandler                      0x08000273   Thumb Code     0  startup_stm32f407xx.o(.text)
    CAN2_TX_IRQHandler                       0x08000273   Thumb Code     0  startup_stm32f407xx.o(.text)
    DCMI_IRQHandler                          0x08000273   Thumb Code     0  startup_stm32f407xx.o(.text)
    DMA1_Stream0_IRQHandler                  0x08000273   Thumb Code     0  startup_stm32f407xx.o(.text)
    DMA1_Stream1_IRQHandler                  0x08000273   Thumb Code     0  startup_stm32f407xx.o(.text)
    DMA1_Stream2_IRQHandler                  0x08000273   Thumb Code     0  startup_stm32f407xx.o(.text)
    DMA1_Stream3_IRQHandler                  0x08000273   Thumb Code     0  startup_stm32f407xx.o(.text)
    DMA1_Stream4_IRQHandler                  0x08000273   Thumb Code     0  startup_stm32f407xx.o(.text)
    DMA1_Stream5_IRQHandler                  0x08000273   Thumb Code     0  startup_stm32f407xx.o(.text)
    DMA1_Stream6_IRQHandler                  0x08000273   Thumb Code     0  startup_stm32f407xx.o(.text)
    DMA1_Stream7_IRQHandler                  0x08000273   Thumb Code     0  startup_stm32f407xx.o(.text)
    DMA2_Stream0_IRQHandler                  0x08000273   Thumb Code     0  startup_stm32f407xx.o(.text)
    DMA2_Stream1_IRQHandler                  0x08000273   Thumb Code     0  startup_stm32f407xx.o(.text)
    DMA2_Stream2_IRQHandler                  0x08000273   Thumb Code     0  startup_stm32f407xx.o(.text)
    DMA2_Stream3_IRQHandler                  0x08000273   Thumb Code     0  startup_stm32f407xx.o(.text)
    DMA2_Stream4_IRQHandler                  0x08000273   Thumb Code     0  startup_stm32f407xx.o(.text)
    DMA2_Stream5_IRQHandler                  0x08000273   Thumb Code     0  startup_stm32f407xx.o(.text)
    DMA2_Stream6_IRQHandler                  0x08000273   Thumb Code     0  startup_stm32f407xx.o(.text)
    DMA2_Stream7_IRQHandler                  0x08000273   Thumb Code     0  startup_stm32f407xx.o(.text)
    ETH_IRQHandler                           0x08000273   Thumb Code     0  startup_stm32f407xx.o(.text)
    ETH_WKUP_IRQHandler                      0x08000273   Thumb Code     0  startup_stm32f407xx.o(.text)
    EXTI0_IRQHandler                         0x08000273   Thumb Code     0  startup_stm32f407xx.o(.text)
    EXTI15_10_IRQHandler                     0x08000273   Thumb Code     0  startup_stm32f407xx.o(.text)
    EXTI1_IRQHandler                         0x08000273   Thumb Code     0  startup_stm32f407xx.o(.text)
    EXTI2_IRQHandler                         0x08000273   Thumb Code     0  startup_stm32f407xx.o(.text)
    EXTI3_IRQHandler                         0x08000273   Thumb Code     0  startup_stm32f407xx.o(.text)
    EXTI4_IRQHandler                         0x08000273   Thumb Code     0  startup_stm32f407xx.o(.text)
    EXTI9_5_IRQHandler                       0x08000273   Thumb Code     0  startup_stm32f407xx.o(.text)
    FLASH_IRQHandler                         0x08000273   Thumb Code     0  startup_stm32f407xx.o(.text)
    FMC_IRQHandler                           0x08000273   Thumb Code     0  startup_stm32f407xx.o(.text)
    FPU_IRQHandler                           0x08000273   Thumb Code     0  startup_stm32f407xx.o(.text)
    HASH_RNG_IRQHandler                      0x08000273   Thumb Code     0  startup_stm32f407xx.o(.text)
    I2C1_ER_IRQHandler                       0x08000273   Thumb Code     0  startup_stm32f407xx.o(.text)
    I2C1_EV_IRQHandler                       0x08000273   Thumb Code     0  startup_stm32f407xx.o(.text)
    I2C2_ER_IRQHandler                       0x08000273   Thumb Code     0  startup_stm32f407xx.o(.text)
    I2C2_EV_IRQHandler                       0x08000273   Thumb Code     0  startup_stm32f407xx.o(.text)
    I2C3_ER_IRQHandler                       0x08000273   Thumb Code     0  startup_stm32f407xx.o(.text)
    I2C3_EV_IRQHandler                       0x08000273   Thumb Code     0  startup_stm32f407xx.o(.text)
    OTG_FS_IRQHandler                        0x08000273   Thumb Code     0  startup_stm32f407xx.o(.text)
    OTG_FS_WKUP_IRQHandler                   0x08000273   Thumb Code     0  startup_stm32f407xx.o(.text)
    OTG_HS_EP1_IN_IRQHandler                 0x08000273   Thumb Code     0  startup_stm32f407xx.o(.text)
    OTG_HS_EP1_OUT_IRQHandler                0x08000273   Thumb Code     0  startup_stm32f407xx.o(.text)
    OTG_HS_IRQHandler                        0x08000273   Thumb Code     0  startup_stm32f407xx.o(.text)
    OTG_HS_WKUP_IRQHandler                   0x08000273   Thumb Code     0  startup_stm32f407xx.o(.text)
    PVD_IRQHandler                           0x08000273   Thumb Code     0  startup_stm32f407xx.o(.text)
    RCC_IRQHandler                           0x08000273   Thumb Code     0  startup_stm32f407xx.o(.text)
    RTC_WKUP_IRQHandler                      0x08000273   Thumb Code     0  startup_stm32f407xx.o(.text)
    SDIO_IRQHandler                          0x08000273   Thumb Code     0  startup_stm32f407xx.o(.text)
    SPI1_IRQHandler                          0x08000273   Thumb Code     0  startup_stm32f407xx.o(.text)
    SPI2_IRQHandler                          0x08000273   Thumb Code     0  startup_stm32f407xx.o(.text)
    SPI3_IRQHandler                          0x08000273   Thumb Code     0  startup_stm32f407xx.o(.text)
    TAMP_STAMP_IRQHandler                    0x08000273   Thumb Code     0  startup_stm32f407xx.o(.text)
    TIM1_CC_IRQHandler                       0x08000273   Thumb Code     0  startup_stm32f407xx.o(.text)
    TIM1_TRG_COM_TIM11_IRQHandler            0x08000273   Thumb Code     0  startup_stm32f407xx.o(.text)
    TIM1_UP_TIM10_IRQHandler                 0x08000273   Thumb Code     0  startup_stm32f407xx.o(.text)
    TIM2_IRQHandler                          0x08000273   Thumb Code     0  startup_stm32f407xx.o(.text)
    TIM3_IRQHandler                          0x08000273   Thumb Code     0  startup_stm32f407xx.o(.text)
    TIM4_IRQHandler                          0x08000273   Thumb Code     0  startup_stm32f407xx.o(.text)
    TIM5_IRQHandler                          0x08000273   Thumb Code     0  startup_stm32f407xx.o(.text)
    TIM6_DAC_IRQHandler                      0x08000273   Thumb Code     0  startup_stm32f407xx.o(.text)
    TIM7_IRQHandler                          0x08000273   Thumb Code     0  startup_stm32f407xx.o(.text)
    TIM8_BRK_TIM12_IRQHandler                0x08000273   Thumb Code     0  startup_stm32f407xx.o(.text)
    TIM8_CC_IRQHandler                       0x08000273   Thumb Code     0  startup_stm32f407xx.o(.text)
    TIM8_TRG_COM_TIM14_IRQHandler            0x08000273   Thumb Code     0  startup_stm32f407xx.o(.text)
    TIM8_UP_TIM13_IRQHandler                 0x08000273   Thumb Code     0  startup_stm32f407xx.o(.text)
    UART4_IRQHandler                         0x08000273   Thumb Code     0  startup_stm32f407xx.o(.text)
    UART5_IRQHandler                         0x08000273   Thumb Code     0  startup_stm32f407xx.o(.text)
    USART6_IRQHandler                        0x08000273   Thumb Code     0  startup_stm32f407xx.o(.text)
    WWDG_IRQHandler                          0x08000273   Thumb Code     0  startup_stm32f407xx.o(.text)
    __user_initial_stackheap                 0x08000275   Thumb Code     0  startup_stm32f407xx.o(.text)
    __aeabi_uldivmod                         0x08000299   Thumb Code     0  lludivv7m.o(.text)
    _ll_udiv                                 0x08000299   Thumb Code   238  lludivv7m.o(.text)
    __2printf                                0x08000389   Thumb Code    20  noretval__2printf.o(.text)
    _printf_int_dec                          0x080003a1   Thumb Code   104  _printf_dec.o(.text)
    __printf                                 0x08000419   Thumb Code   270  __printf_wp.o(.text)
    __aeabi_memcpy                           0x08000527   Thumb Code     0  rt_memcpy_v6.o(.text)
    __rt_memcpy                              0x08000527   Thumb Code   138  rt_memcpy_v6.o(.text)
    _memcpy_lastbytes                        0x0800058d   Thumb Code     0  rt_memcpy_v6.o(.text)
    __aeabi_memclr                           0x080005b1   Thumb Code     0  rt_memclr.o(.text)
    __rt_memclr                              0x080005b1   Thumb Code    68  rt_memclr.o(.text)
    _memset                                  0x080005b5   Thumb Code     0  rt_memclr.o(.text)
    __aeabi_memclr4                          0x080005f5   Thumb Code     0  rt_memclr_w.o(.text)
    __aeabi_memclr8                          0x080005f5   Thumb Code     0  rt_memclr_w.o(.text)
    __rt_memclr_w                            0x080005f5   Thumb Code    78  rt_memclr_w.o(.text)
    _memset_w                                0x080005f9   Thumb Code     0  rt_memclr_w.o(.text)
    __use_two_region_memory                  0x08000643   Thumb Code     2  heapauxi.o(.text)
    __rt_heap_escrow                         0x08000645   Thumb Code     2  heapauxi.o(.text)
    __rt_heap_expand                         0x08000647   Thumb Code     2  heapauxi.o(.text)
    _printf_int_common                       0x08000649   Thumb Code   178  _printf_intcommon.o(.text)
    __lib_sel_fp_printf                      0x080006fb   Thumb Code     2  _printf_fp_dec.o(.text)
    _printf_fp_dec_real                      0x080008ad   Thumb Code   620  _printf_fp_dec.o(.text)
    _printf_char_file                        0x08000b19   Thumb Code    32  _printf_char_file.o(.text)
    __aeabi_memcpy4                          0x08000b3d   Thumb Code     0  rt_memcpy_w.o(.text)
    __aeabi_memcpy8                          0x08000b3d   Thumb Code     0  rt_memcpy_w.o(.text)
    __rt_memcpy_w                            0x08000b3d   Thumb Code   100  rt_memcpy_w.o(.text)
    _memcpy_lastbytes_aligned                0x08000b85   Thumb Code     0  rt_memcpy_w.o(.text)
    __rt_locale                              0x08000ba1   Thumb Code     8  rt_locale_intlibspace.o(.text)
    _ll_udiv10                               0x08000ba9   Thumb Code   138  lludiv10.o(.text)
    _printf_char_common                      0x08000c3f   Thumb Code    32  _printf_char_common.o(.text)
    _printf_fp_infnan                        0x08000c65   Thumb Code   112  _printf_fp_infnan.o(.text)
    _btod_etento                             0x08000ce5   Thumb Code   224  bigflt0.o(.text)
    ferror                                   0x08000dc9   Thumb Code     8  ferror.o(.text)
    _initio                                  0x08000dd1   Thumb Code   210  initio.o(.text)
    _terminateio                             0x08000ea3   Thumb Code    56  initio.o(.text)
    _sys_open                                0x08000f09   Thumb Code    20  sys_io.o(.text)
    _sys_close                               0x08000f1d   Thumb Code    12  sys_io.o(.text)
    _sys_write                               0x08000f29   Thumb Code    16  sys_io.o(.text)
    _sys_read                                0x08000f39   Thumb Code    14  sys_io.o(.text)
    _sys_istty                               0x08000f47   Thumb Code    12  sys_io.o(.text)
    _sys_seek                                0x08000f53   Thumb Code    14  sys_io.o(.text)
    _sys_ensure                              0x08000f61   Thumb Code     2  sys_io.o(.text)
    _sys_flen                                0x08000f63   Thumb Code    12  sys_io.o(.text)
    __user_libspace                          0x08000f71   Thumb Code     8  libspace.o(.text)
    __user_perproc_libspace                  0x08000f71   Thumb Code     0  libspace.o(.text)
    __user_perthread_libspace                0x08000f71   Thumb Code     0  libspace.o(.text)
    __user_setup_stackheap                   0x08000f79   Thumb Code    74  sys_stackheap_outer.o(.text)
    free                                     0x08000fc3   Thumb Code    78  h1_free.o(.text)
    __flsbuf                                 0x08001011   Thumb Code   470  flsbuf.o(.text)
    __flsbuf_byte                            0x08001011   Thumb Code     0  flsbuf.o(.text)
    __flsbuf_wide                            0x08001011   Thumb Code     0  flsbuf.o(.text)
    setvbuf                                  0x080011e7   Thumb Code    70  setvbuf.o(.text)
    freopen                                  0x0800122d   Thumb Code   158  fopen.o(.text)
    fopen                                    0x080012cb   Thumb Code    74  fopen.o(.text)
    _fclose_internal                         0x08001319   Thumb Code    76  fclose.o(.text)
    fclose                                   0x08001319   Thumb Code     0  fclose.o(.text)
    exit                                     0x08001365   Thumb Code    18  exit.o(.text)
    __rt_SIGRTRED                            0x08001377   Thumb Code    14  defsig_rtred_outer.o(.text)
    strcmp                                   0x08001385   Thumb Code   128  strcmpv7m.o(.text)
    __I$use$semihosting                      0x08001405   Thumb Code     0  use_no_semi.o(.text)
    __use_no_semihosting_swi                 0x08001405   Thumb Code     2  use_no_semi.o(.text)
    __semihosting_library_function           0x08001407   Thumb Code     0  indicate_semi.o(.text)
    __rt_heap_descriptor                     0x08001409   Thumb Code     8  rt_heap_descriptor_intlibspace.o(.text)
    __use_no_heap                            0x08001411   Thumb Code     2  hguard.o(.text)
    __heap$guard                             0x08001413   Thumb Code     2  hguard.o(.text)
    _terminate_user_alloc                    0x08001415   Thumb Code     2  init_alloc.o(.text)
    _init_user_alloc                         0x08001417   Thumb Code     2  init_alloc.o(.text)
    __Heap_Full                              0x08001419   Thumb Code    34  init_alloc.o(.text)
    __Heap_Broken                            0x0800143b   Thumb Code     6  init_alloc.o(.text)
    _init_alloc                              0x08001441   Thumb Code    94  init_alloc.o(.text)
    malloc                                   0x0800149f   Thumb Code    94  h1_alloc.o(.text)
    _fseek                                   0x080014fd   Thumb Code   242  fseek.o(.text)
    fseek                                    0x080014fd   Thumb Code     0  fseek.o(.text)
    _seterr                                  0x080015f5   Thumb Code    20  stdio.o(.text)
    _writebuf                                0x08001609   Thumb Code    84  stdio.o(.text)
    _fflush                                  0x0800165d   Thumb Code    70  stdio.o(.text)
    _deferredlazyseek                        0x080016a3   Thumb Code    60  stdio.o(.text)
    __sig_exit                               0x080016e5   Thumb Code    10  defsig_exit.o(.text)
    __rt_SIGRTRED_inner                      0x080016f1   Thumb Code    14  defsig_rtred_inner.o(.text)
    strlen                                   0x08001725   Thumb Code    62  strlen.o(.text)
    _sys_exit                                0x08001765   Thumb Code     8  sys_exit.o(.text)
    __Heap_Initialize                        0x08001771   Thumb Code    10  h1_init.o(.text)
    __Heap_DescSize                          0x0800177b   Thumb Code     4  h1_init.o(.text)
    __Heap_ProvideMemory                     0x0800177f   Thumb Code    52  h1_extend.o(.text)
    _ftell_internal                          0x080017b3   Thumb Code    66  ftell.o(.text)
    ftell                                    0x080017b3   Thumb Code     0  ftell.o(.text)
    __default_signal_display                 0x080017f5   Thumb Code    50  defsig_general.o(.text)
    __rt_SIGRTMEM                            0x08001827   Thumb Code    14  defsig_rtmem_outer.o(.text)
    _ttywrch                                 0x08001835   Thumb Code    14  sys_wrch.o(.text)
    __aeabi_errno_addr                       0x08001845   Thumb Code     8  rt_errno_addr_intlibspace.o(.text)
    __errno$intlibspace                      0x08001845   Thumb Code     0  rt_errno_addr_intlibspace.o(.text)
    __rt_errno_addr$intlibspace              0x08001845   Thumb Code     0  rt_errno_addr_intlibspace.o(.text)
    __rt_SIGRTMEM_inner                      0x0800184d   Thumb Code    22  defsig_rtmem_inner.o(.text)
    _btod_d2e                                0x0800189d   Thumb Code    62  btod.o(CL$$btod_d2e)
    _d2e_denorm_low                          0x080018db   Thumb Code    70  btod.o(CL$$btod_d2e_denorm_low)
    _d2e_norm_op1                            0x08001921   Thumb Code    96  btod.o(CL$$btod_d2e_norm_op1)
    __btod_div_common                        0x08001981   Thumb Code   696  btod.o(CL$$btod_div_common)
    _e2e                                     0x08001cb9   Thumb Code   220  btod.o(CL$$btod_e2e)
    _btod_ediv                               0x08001d95   Thumb Code    42  btod.o(CL$$btod_ediv)
    _btod_emul                               0x08001dbf   Thumb Code    42  btod.o(CL$$btod_emul)
    __btod_mult_common                       0x08001de9   Thumb Code   580  btod.o(CL$$btod_mult_common)
    BusFault_Handler                         0x080020e1   Thumb Code     2  stm32f4xx_it.o(i.BusFault_Handler)
    CheckRange                               0x080020e3   Thumb Code    16  wit_c_sdk.o(i.CheckRange)
    CopeCmdData                              0x0800224d   Thumb Code    68  main.o(i.CopeCmdData)
    CopeWitData                              0x08002299   Thumb Code   172  wit_c_sdk.o(i.CopeWitData)
    DebugMon_Handler                         0x0800234d   Thumb Code     2  stm32f4xx_it.o(i.DebugMon_Handler)
    Error_Handler                            0x08002353   Thumb Code     4  main.o(i.Error_Handler)
    HAL_DMA_Abort                            0x08002357   Thumb Code   146  stm32f4xx_hal_dma.o(i.HAL_DMA_Abort)
    HAL_DMA_Abort_IT                         0x080023e9   Thumb Code    36  stm32f4xx_hal_dma.o(i.HAL_DMA_Abort_IT)
    HAL_GPIO_Init                            0x0800240d   Thumb Code   450  stm32f4xx_hal_gpio.o(i.HAL_GPIO_Init)
    HAL_GetTick                              0x080025fd   Thumb Code     6  stm32f4xx_hal.o(i.HAL_GetTick)
    HAL_Init                                 0x08002609   Thumb Code    48  stm32f4xx_hal.o(i.HAL_Init)
    HAL_InitTick                             0x0800263d   Thumb Code    54  stm32f4xx_hal.o(i.HAL_InitTick)
    HAL_MspInit                              0x0800267d   Thumb Code    48  stm32f4xx_hal_msp.o(i.HAL_MspInit)
    HAL_NVIC_EnableIRQ                       0x080026b1   Thumb Code    26  stm32f4xx_hal_cortex.o(i.HAL_NVIC_EnableIRQ)
    HAL_NVIC_SetPriority                     0x080026cd   Thumb Code    60  stm32f4xx_hal_cortex.o(i.HAL_NVIC_SetPriority)
    HAL_NVIC_SetPriorityGrouping             0x0800270d   Thumb Code    26  stm32f4xx_hal_cortex.o(i.HAL_NVIC_SetPriorityGrouping)
    HAL_RCCEx_PeriphCLKConfig                0x08002731   Thumb Code   296  stm32f4xx_hal_rcc_ex.o(i.HAL_RCCEx_PeriphCLKConfig)
    HAL_RCC_ClockConfig                      0x0800286d   Thumb Code   288  stm32f4xx_hal_rcc.o(i.HAL_RCC_ClockConfig)
    HAL_RCC_GetPCLK1Freq                     0x080029a1   Thumb Code    20  stm32f4xx_hal_rcc.o(i.HAL_RCC_GetPCLK1Freq)
    HAL_RCC_GetPCLK2Freq                     0x080029c1   Thumb Code    20  stm32f4xx_hal_rcc.o(i.HAL_RCC_GetPCLK2Freq)
    HAL_RCC_GetSysClockFreq                  0x080029e1   Thumb Code    88  stm32f4xx_hal_rcc.o(i.HAL_RCC_GetSysClockFreq)
    HAL_RCC_OscConfig                        0x08002a41   Thumb Code   856  stm32f4xx_hal_rcc.o(i.HAL_RCC_OscConfig)
    HAL_RTCEx_AlarmBEventCallback            0x08002dad   Thumb Code     2  stm32f4xx_hal_rtc_ex.o(i.HAL_RTCEx_AlarmBEventCallback)
    HAL_RTCEx_SetWakeUpTimer                 0x08002db1   Thumb Code   210  stm32f4xx_hal_rtc_ex.o(i.HAL_RTCEx_SetWakeUpTimer)
    HAL_RTC_AlarmAEventCallback              0x08002e83   Thumb Code     2  stm32f4xx_hal_rtc.o(i.HAL_RTC_AlarmAEventCallback)
    HAL_RTC_AlarmIRQHandler                  0x08002e85   Thumb Code    82  stm32f4xx_hal_rtc.o(i.HAL_RTC_AlarmIRQHandler)
    HAL_RTC_Init                             0x08002edd   Thumb Code   150  stm32f4xx_hal_rtc.o(i.HAL_RTC_Init)
    HAL_RTC_MspInit                          0x08002f79   Thumb Code    64  rtc.o(i.HAL_RTC_MspInit)
    HAL_RTC_SetAlarm_IT                      0x08002fc1   Thumb Code   406  stm32f4xx_hal_rtc.o(i.HAL_RTC_SetAlarm_IT)
    HAL_RTC_SetDate                          0x08003161   Thumb Code   146  stm32f4xx_hal_rtc.o(i.HAL_RTC_SetDate)
    HAL_RTC_SetTime                          0x080031f9   Thumb Code   186  stm32f4xx_hal_rtc.o(i.HAL_RTC_SetTime)
    HAL_RTC_WaitForSynchro                   0x080032b9   Thumb Code    50  stm32f4xx_hal_rtc.o(i.HAL_RTC_WaitForSynchro)
    HAL_SYSTICK_Config                       0x080032f1   Thumb Code    40  stm32f4xx_hal_cortex.o(i.HAL_SYSTICK_Config)
    HAL_TIMEx_BreakCallback                  0x08003319   Thumb Code     2  stm32f4xx_hal_tim_ex.o(i.HAL_TIMEx_BreakCallback)
    HAL_TIMEx_CommutCallback                 0x0800331b   Thumb Code     2  stm32f4xx_hal_tim_ex.o(i.HAL_TIMEx_CommutCallback)
    HAL_TIMEx_MasterConfigSynchronization    0x0800331d   Thumb Code   116  stm32f4xx_hal_tim_ex.o(i.HAL_TIMEx_MasterConfigSynchronization)
    HAL_TIM_Base_Init                        0x080033ad   Thumb Code    90  stm32f4xx_hal_tim.o(i.HAL_TIM_Base_Init)
    HAL_TIM_Base_MspInit                     0x08003409   Thumb Code    76  tim.o(i.HAL_TIM_Base_MspInit)
    HAL_TIM_ConfigClockSource                0x0800345d   Thumb Code   220  stm32f4xx_hal_tim.o(i.HAL_TIM_ConfigClockSource)
    HAL_TIM_IC_CaptureCallback               0x08003539   Thumb Code     2  stm32f4xx_hal_tim.o(i.HAL_TIM_IC_CaptureCallback)
    HAL_TIM_IRQHandler                       0x0800353b   Thumb Code   304  stm32f4xx_hal_tim.o(i.HAL_TIM_IRQHandler)
    HAL_TIM_OC_DelayElapsedCallback          0x0800366b   Thumb Code     2  stm32f4xx_hal_tim.o(i.HAL_TIM_OC_DelayElapsedCallback)
    HAL_TIM_PWM_PulseFinishedCallback        0x0800366d   Thumb Code     2  stm32f4xx_hal_tim.o(i.HAL_TIM_PWM_PulseFinishedCallback)
    HAL_TIM_PeriodElapsedCallback            0x0800366f   Thumb Code     2  stm32f4xx_hal_tim.o(i.HAL_TIM_PeriodElapsedCallback)
    HAL_TIM_TriggerCallback                  0x08003671   Thumb Code     2  stm32f4xx_hal_tim.o(i.HAL_TIM_TriggerCallback)
    HAL_UARTEx_RxEventCallback               0x08003673   Thumb Code     2  stm32f4xx_hal_uart.o(i.HAL_UARTEx_RxEventCallback)
    HAL_UART_ErrorCallback                   0x08003675   Thumb Code     2  stm32f4xx_hal_uart.o(i.HAL_UART_ErrorCallback)
    HAL_UART_IRQHandler                      0x08003679   Thumb Code   618  stm32f4xx_hal_uart.o(i.HAL_UART_IRQHandler)
    HAL_UART_Init                            0x080038e9   Thumb Code   100  stm32f4xx_hal_uart.o(i.HAL_UART_Init)
    HAL_UART_MspInit                         0x0800394d   Thumb Code   258  usart.o(i.HAL_UART_MspInit)
    HAL_UART_RxCpltCallback                  0x08003a69   Thumb Code     2  stm32f4xx_hal_uart.o(i.HAL_UART_RxCpltCallback)
    HAL_UART_TxCpltCallback                  0x08003a6b   Thumb Code     2  stm32f4xx_hal_uart.o(i.HAL_UART_TxCpltCallback)
    HardFault_Handler                        0x08003a6d   Thumb Code     2  stm32f4xx_it.o(i.HardFault_Handler)
    MX_GPIO_Init                             0x08003a71   Thumb Code    54  gpio.o(i.MX_GPIO_Init)
    MX_RTC_Init                              0x08003aad   Thumb Code   204  rtc.o(i.MX_RTC_Init)
    MX_TIM2_Init                             0x08003b81   Thumb Code   100  tim.o(i.MX_TIM2_Init)
    MX_TIM9_Init                             0x08003be9   Thumb Code    68  tim.o(i.MX_TIM9_Init)
    MX_USART3_UART_Init                      0x08003c35   Thumb Code    48  usart.o(i.MX_USART3_UART_Init)
    MemManage_Handler                        0x08003c6d   Thumb Code     2  stm32f4xx_it.o(i.MemManage_Handler)
    NMI_Handler                              0x08003c6f   Thumb Code     2  stm32f4xx_it.o(i.NMI_Handler)
    PendSV_Handler                           0x08003c71   Thumb Code     2  stm32f4xx_it.o(i.PendSV_Handler)
    RTC_Alarm_IRQHandler                     0x08003c75   Thumb Code     6  stm32f4xx_it.o(i.RTC_Alarm_IRQHandler)
    RTC_ByteToBcd2                           0x08003c81   Thumb Code    22  stm32f4xx_hal_rtc.o(i.RTC_ByteToBcd2)
    RTC_EnterInitMode                        0x08003c99   Thumb Code    72  stm32f4xx_hal_rtc.o(i.RTC_EnterInitMode)
    RTC_ExitInitMode                         0x08003ce1   Thumb Code    42  stm32f4xx_hal_rtc.o(i.RTC_ExitInitMode)
    SVC_Handler                              0x08003d0b   Thumb Code     2  stm32f4xx_it.o(i.SVC_Handler)
    SysTick_Handler                          0x08003f7d   Thumb Code    10  main.o(i.SysTick_Handler)
    SysTick_Init                             0x08003f8d   Thumb Code    30  delay.o(i.SysTick_Init)
    SystemClock_Config                       0x08003fb1   Thumb Code   148  main.o(i.SystemClock_Config)
    SystemInit                               0x0800404d   Thumb Code    12  system_stm32f4xx.o(i.SystemInit)
    TIM1_BRK_TIM9_IRQHandler                 0x0800405d   Thumb Code     6  stm32f4xx_it.o(i.TIM1_BRK_TIM9_IRQHandler)
    TIM_Base_SetConfig                       0x08004069   Thumb Code   170  stm32f4xx_hal_tim.o(i.TIM_Base_SetConfig)
    TIM_ETR_SetConfig                        0x08004141   Thumb Code    20  stm32f4xx_hal_tim.o(i.TIM_ETR_SetConfig)
    USART1_IRQHandler                        0x080043d9   Thumb Code    42  usart.o(i.USART1_IRQHandler)
    USART2_IRQHandler                        0x08004411   Thumb Code    38  usart.o(i.USART2_IRQHandler)
    USART3_IRQHandler                        0x08004445   Thumb Code     6  stm32f4xx_it.o(i.USART3_IRQHandler)
    Uart2Send                                0x08004451   Thumb Code    42  usart.o(i.Uart2Send)
    UsageFault_Handler                       0x08004485   Thumb Code     2  stm32f4xx_it.o(i.UsageFault_Handler)
    Usart1Init                               0x08004489   Thumb Code    48  usart.o(i.Usart1Init)
    Usart2Init                               0x080044c1   Thumb Code    48  usart.o(i.Usart2Init)
    WitDelayMsRegister                       0x080044f9   Thumb Code    16  wit_c_sdk.o(i.WitDelayMsRegister)
    WitInit                                  0x0800450d   Thumb Code    22  wit_c_sdk.o(i.WitInit)
    WitReadReg                               0x08004529   Thumb Code   312  wit_c_sdk.o(i.WitReadReg)
    WitRegisterCallBack                      0x08004669   Thumb Code    16  wit_c_sdk.o(i.WitRegisterCallBack)
    WitSerialDataIn                          0x0800467d   Thumb Code   266  wit_c_sdk.o(i.WitSerialDataIn)
    WitSerialWriteRegister                   0x08004795   Thumb Code    16  wit_c_sdk.o(i.WitSerialWriteRegister)
    WitSetBandwidth                          0x080047a9   Thumb Code    78  wit_c_sdk.o(i.WitSetBandwidth)
    WitSetContent                            0x080047fd   Thumb Code    80  wit_c_sdk.o(i.WitSetContent)
    WitSetOutputRate                         0x08004851   Thumb Code    78  wit_c_sdk.o(i.WitSetOutputRate)
    WitSetUartBaud                           0x080048a5   Thumb Code    78  wit_c_sdk.o(i.WitSetUartBaud)
    WitStartAccCali                          0x080048f9   Thumb Code    56  wit_c_sdk.o(i.WitStartAccCali)
    WitStartMagCali                          0x08004935   Thumb Code    56  wit_c_sdk.o(i.WitStartMagCali)
    WitStopMagCali                           0x08004971   Thumb Code    56  wit_c_sdk.o(i.WitStopMagCali)
    WitWriteReg                              0x080049ad   Thumb Code   228  wit_c_sdk.o(i.WitWriteReg)
    __ARM_fpclassify                         0x08004a95   Thumb Code    48  fpclassify.o(i.__ARM_fpclassify)
    _is_digit                                0x08004b11   Thumb Code    14  __printf_wp.o(i._is_digit)
    delay_ms                                 0x08004b21   Thumb Code    14  main.o(i.delay_ms)
    fputc                                    0x08004b35   Thumb Code    26  fputc.o(i.fputc)
    main                                     0x08004b51   Thumb Code   446  main.o(i.main)
    _get_lc_numeric                          0x08004d99   Thumb Code    44  lc_numeric_c.o(locale$$code)
    __fpl_dretinf                            0x08004dc5   Thumb Code    12  dretinf.o(x$fpl$dretinf)
    __aeabi_f2d                              0x08004dd1   Thumb Code     0  f2d.o(x$fpl$f2d)
    _f2d                                     0x08004dd1   Thumb Code    86  f2d.o(x$fpl$f2d)
    __fpl_fnaninf                            0x08004e27   Thumb Code   140  fnaninf.o(x$fpl$fnaninf)
    _fp_init                                 0x08004eb3   Thumb Code    10  fpinit.o(x$fpl$fpinit)
    __fplib_config_fpu_vfp                   0x08004ebb   Thumb Code     0  fpinit.o(x$fpl$fpinit)
    __fplib_config_pureend_doubles           0x08004ebb   Thumb Code     0  fpinit.o(x$fpl$fpinit)
    _printf_fp_dec                           0x08004ebd   Thumb Code     4  printf1.o(x$fpl$printf1)
    __I$use$fp                               0x08004ec0   Number         0  usenofp.o(x$fpl$usenofp)
    c_uiBaud                                 0x08004ec0   Data          40  main.o(.constdata)
    AHBPrescTable                            0x080050e8   Data          16  system_stm32f4xx.o(.constdata)
    APBPrescTable                            0x080050f8   Data           8  system_stm32f4xx.o(.constdata)
    __stdin_name                             0x08005194   Data           4  sys_io.o(.constdata)
    __stdout_name                            0x08005198   Data           4  sys_io.o(.constdata)
    __stderr_name                            0x0800519c   Data           4  sys_io.o(.constdata)
    Region$$Table$$Base                      0x080053a4   Number         0  anon$$obj.o(Region$$Table)
    Region$$Table$$Limit                     0x080053c4   Number         0  anon$$obj.o(Region$$Table)
    msTicks                                  0x20000008   Data           4  main.o(.data)
    ucRegIndex                               0x2000000d   Data           1  wit_c_sdk.o(.data)
    uiRegDataLen                             0x20000034   Data           4  wit_c_sdk.o(.data)
    usRegDataBuff                            0x20000038   Data           8  wit_c_sdk.o(.data)
    uwTickFreq                               0x20000040   Data           1  stm32f4xx_hal.o(.data)
    uwTickPrio                               0x20000044   Data           4  stm32f4xx_hal.o(.data)
    uwTick                                   0x20000048   Data           4  stm32f4xx_hal.o(.data)
    SystemCoreClock                          0x2000004c   Data           4  system_stm32f4xx.o(.data)
    __aeabi_stdin                            0x20000050   Data           4  stdio_streams.o(.data)
    __aeabi_stdout                           0x20000054   Data           4  stdio_streams.o(.data)
    __aeabi_stderr                           0x20000058   Data           4  stdio_streams.o(.data)
    hrtc                                     0x20000090   Data          32  rtc.o(.bss)
    htim2                                    0x200000b0   Data          72  tim.o(.bss)
    htim9                                    0x200000f8   Data          72  tim.o(.bss)
    huart1                                   0x20000140   Data          72  usart.o(.bss)
    huart2                                   0x20000188   Data          72  usart.o(.bss)
    huart3                                   0x200001d0   Data          72  usart.o(.bss)
    sReg                                     0x20000318   Data         288  wit_c_sdk.o(.bss)
    __stdin                                  0x20000438   Data          84  stdio_streams.o(.bss)
    __stdout                                 0x2000048c   Data          84  stdio_streams.o(.bss)
    __stderr                                 0x200004e0   Data          84  stdio_streams.o(.bss)
    __libspace_start                         0x20000534   Data          96  libspace.o(.bss)
    __temporary_stack_top$libspace           0x20000594   Data           0  libspace.o(.bss)



==============================================================================

Memory Map of the image

  Image Entry point : 0x08000189

  Load Region LR_IROM1 (Base: 0x08000000, Size: 0x0000543c, Max: 0x00100000, ABSOLUTE)

    Execution Region ER_IROM1 (Exec base: 0x08000000, Load base: 0x08000000, Size: 0x000053e0, Max: 0x00100000, ABSOLUTE)

    Exec Addr    Load Addr    Size         Type   Attr      Idx    E Section Name        Object

    0x08000000   0x08000000   0x00000188   Data   RO            3    RESET               startup_stm32f407xx.o
    0x08000188   0x08000188   0x00000008   Code   RO         3680  * !!!main             c_w.l(__main.o)
    0x08000190   0x08000190   0x00000034   Code   RO         4093    !!!scatter          c_w.l(__scatter.o)
    0x080001c4   0x080001c4   0x0000001a   Code   RO         4095    !!handler_copy      c_w.l(__scatter_copy.o)
    0x080001de   0x080001de   0x00000002   PAD
    0x080001e0   0x080001e0   0x0000001c   Code   RO         4097    !!handler_zi        c_w.l(__scatter_zi.o)
    0x080001fc   0x080001fc   0x00000000   Code   RO         3671    .ARM.Collect$$_printf_percent$$00000000  c_w.l(_printf_percent.o)
    0x080001fc   0x080001fc   0x00000006   Code   RO         3670    .ARM.Collect$$_printf_percent$$00000003  c_w.l(_printf_f.o)
    0x08000202   0x08000202   0x00000006   Code   RO         3669    .ARM.Collect$$_printf_percent$$00000009  c_w.l(_printf_d.o)
    0x08000208   0x08000208   0x00000004   Code   RO         3697    .ARM.Collect$$_printf_percent$$00000017  c_w.l(_printf_percent_end.o)
    0x0800020c   0x0800020c   0x00000002   Code   RO         3885    .ARM.Collect$$libinit$$00000000  c_w.l(libinit.o)
    0x0800020e   0x0800020e   0x00000004   Code   RO         3886    .ARM.Collect$$libinit$$00000001  c_w.l(libinit2.o)
    0x08000212   0x08000212   0x00000000   Code   RO         3889    .ARM.Collect$$libinit$$00000004  c_w.l(libinit2.o)
    0x08000212   0x08000212   0x00000008   Code   RO         3890    .ARM.Collect$$libinit$$00000005  c_w.l(libinit2.o)
    0x0800021a   0x0800021a   0x00000000   Code   RO         3892    .ARM.Collect$$libinit$$0000000A  c_w.l(libinit2.o)
    0x0800021a   0x0800021a   0x00000000   Code   RO         3894    .ARM.Collect$$libinit$$0000000C  c_w.l(libinit2.o)
    0x0800021a   0x0800021a   0x00000000   Code   RO         3896    .ARM.Collect$$libinit$$0000000E  c_w.l(libinit2.o)
    0x0800021a   0x0800021a   0x00000006   Code   RO         3897    .ARM.Collect$$libinit$$0000000F  c_w.l(libinit2.o)
    0x08000220   0x08000220   0x00000000   Code   RO         3899    .ARM.Collect$$libinit$$00000011  c_w.l(libinit2.o)
    0x08000220   0x08000220   0x00000000   Code   RO         3901    .ARM.Collect$$libinit$$00000013  c_w.l(libinit2.o)
    0x08000220   0x08000220   0x00000000   Code   RO         3903    .ARM.Collect$$libinit$$00000015  c_w.l(libinit2.o)
    0x08000220   0x08000220   0x0000000a   Code   RO         3904    .ARM.Collect$$libinit$$00000016  c_w.l(libinit2.o)
    0x0800022a   0x0800022a   0x00000000   Code   RO         3905    .ARM.Collect$$libinit$$00000017  c_w.l(libinit2.o)
    0x0800022a   0x0800022a   0x00000000   Code   RO         3907    .ARM.Collect$$libinit$$00000019  c_w.l(libinit2.o)
    0x0800022a   0x0800022a   0x00000000   Code   RO         3909    .ARM.Collect$$libinit$$0000001B  c_w.l(libinit2.o)
    0x0800022a   0x0800022a   0x00000000   Code   RO         3911    .ARM.Collect$$libinit$$0000001D  c_w.l(libinit2.o)
    0x0800022a   0x0800022a   0x00000000   Code   RO         3913    .ARM.Collect$$libinit$$0000001F  c_w.l(libinit2.o)
    0x0800022a   0x0800022a   0x00000000   Code   RO         3915    .ARM.Collect$$libinit$$00000021  c_w.l(libinit2.o)
    0x0800022a   0x0800022a   0x00000000   Code   RO         3917    .ARM.Collect$$libinit$$00000023  c_w.l(libinit2.o)
    0x0800022a   0x0800022a   0x00000004   Code   RO         3918    .ARM.Collect$$libinit$$00000024  c_w.l(libinit2.o)
    0x0800022e   0x0800022e   0x00000000   Code   RO         3919    .ARM.Collect$$libinit$$00000025  c_w.l(libinit2.o)
    0x0800022e   0x0800022e   0x00000000   Code   RO         3923    .ARM.Collect$$libinit$$0000002C  c_w.l(libinit2.o)
    0x0800022e   0x0800022e   0x00000000   Code   RO         3925    .ARM.Collect$$libinit$$0000002E  c_w.l(libinit2.o)
    0x0800022e   0x0800022e   0x00000000   Code   RO         3927    .ARM.Collect$$libinit$$00000030  c_w.l(libinit2.o)
    0x0800022e   0x0800022e   0x00000000   Code   RO         3929    .ARM.Collect$$libinit$$00000032  c_w.l(libinit2.o)
    0x0800022e   0x0800022e   0x00000002   Code   RO         3930    .ARM.Collect$$libinit$$00000033  c_w.l(libinit2.o)
    0x08000230   0x08000230   0x00000002   Code   RO         4074    .ARM.Collect$$libshutdown$$00000000  c_w.l(libshutdown.o)
    0x08000232   0x08000232   0x00000000   Code   RO         3932    .ARM.Collect$$libshutdown$$00000002  c_w.l(libshutdown2.o)
    0x08000232   0x08000232   0x00000000   Code   RO         3934    .ARM.Collect$$libshutdown$$00000004  c_w.l(libshutdown2.o)
    0x08000232   0x08000232   0x00000004   Code   RO         3935    .ARM.Collect$$libshutdown$$00000005  c_w.l(libshutdown2.o)
    0x08000236   0x08000236   0x00000000   Code   RO         3936    .ARM.Collect$$libshutdown$$00000006  c_w.l(libshutdown2.o)
    0x08000236   0x08000236   0x00000000   Code   RO         3939    .ARM.Collect$$libshutdown$$00000009  c_w.l(libshutdown2.o)
    0x08000236   0x08000236   0x00000000   Code   RO         3942    .ARM.Collect$$libshutdown$$0000000C  c_w.l(libshutdown2.o)
    0x08000236   0x08000236   0x00000000   Code   RO         3944    .ARM.Collect$$libshutdown$$0000000E  c_w.l(libshutdown2.o)
    0x08000236   0x08000236   0x00000000   Code   RO         3947    .ARM.Collect$$libshutdown$$00000011  c_w.l(libshutdown2.o)
    0x08000236   0x08000236   0x00000002   Code   RO         3948    .ARM.Collect$$libshutdown$$00000012  c_w.l(libshutdown2.o)
    0x08000238   0x08000238   0x00000000   Code   RO         3686    .ARM.Collect$$rtentry$$00000000  c_w.l(__rtentry.o)
    0x08000238   0x08000238   0x00000000   Code   RO         3712    .ARM.Collect$$rtentry$$00000002  c_w.l(__rtentry2.o)
    0x08000238   0x08000238   0x00000006   Code   RO         3724    .ARM.Collect$$rtentry$$00000004  c_w.l(__rtentry4.o)
    0x0800023e   0x0800023e   0x00000000   Code   RO         3714    .ARM.Collect$$rtentry$$00000009  c_w.l(__rtentry2.o)
    0x0800023e   0x0800023e   0x00000004   Code   RO         3715    .ARM.Collect$$rtentry$$0000000A  c_w.l(__rtentry2.o)
    0x08000242   0x08000242   0x00000000   Code   RO         3717    .ARM.Collect$$rtentry$$0000000C  c_w.l(__rtentry2.o)
    0x08000242   0x08000242   0x00000008   Code   RO         3718    .ARM.Collect$$rtentry$$0000000D  c_w.l(__rtentry2.o)
    0x0800024a   0x0800024a   0x00000002   Code   RO         3954    .ARM.Collect$$rtexit$$00000000  c_w.l(rtexit.o)
    0x0800024c   0x0800024c   0x00000000   Code   RO         4012    .ARM.Collect$$rtexit$$00000002  c_w.l(rtexit2.o)
    0x0800024c   0x0800024c   0x00000004   Code   RO         4013    .ARM.Collect$$rtexit$$00000003  c_w.l(rtexit2.o)
    0x08000250   0x08000250   0x00000006   Code   RO         4014    .ARM.Collect$$rtexit$$00000004  c_w.l(rtexit2.o)
    0x08000256   0x08000256   0x00000002   PAD
    0x08000258   0x08000258   0x00000000   Code   RO         4018    .emb_text           c_w.l(maybetermalloc1.o)
    0x08000258   0x08000258   0x00000040   Code   RO            4    .text               startup_stm32f407xx.o
    0x08000298   0x08000298   0x000000ee   Code   RO         3639    .text               c_w.l(lludivv7m.o)
    0x08000386   0x08000386   0x00000002   PAD
    0x08000388   0x08000388   0x00000018   Code   RO         3643    .text               c_w.l(noretval__2printf.o)
    0x080003a0   0x080003a0   0x00000078   Code   RO         3647    .text               c_w.l(_printf_dec.o)
    0x08000418   0x08000418   0x0000010e   Code   RO         3657    .text               c_w.l(__printf_wp.o)
    0x08000526   0x08000526   0x0000008a   Code   RO         3672    .text               c_w.l(rt_memcpy_v6.o)
    0x080005b0   0x080005b0   0x00000044   Code   RO         3674    .text               c_w.l(rt_memclr.o)
    0x080005f4   0x080005f4   0x0000004e   Code   RO         3676    .text               c_w.l(rt_memclr_w.o)
    0x08000642   0x08000642   0x00000006   Code   RO         3678    .text               c_w.l(heapauxi.o)
    0x08000648   0x08000648   0x000000b2   Code   RO         3691    .text               c_w.l(_printf_intcommon.o)
    0x080006fa   0x080006fa   0x0000041e   Code   RO         3693    .text               c_w.l(_printf_fp_dec.o)
    0x08000b18   0x08000b18   0x00000024   Code   RO         3695    .text               c_w.l(_printf_char_file.o)
    0x08000b3c   0x08000b3c   0x00000064   Code   RO         3704    .text               c_w.l(rt_memcpy_w.o)
    0x08000ba0   0x08000ba0   0x00000008   Code   RO         3731    .text               c_w.l(rt_locale_intlibspace.o)
    0x08000ba8   0x08000ba8   0x0000008a   Code   RO         3733    .text               c_w.l(lludiv10.o)
    0x08000c32   0x08000c32   0x00000002   PAD
    0x08000c34   0x08000c34   0x00000030   Code   RO         3735    .text               c_w.l(_printf_char_common.o)
    0x08000c64   0x08000c64   0x00000080   Code   RO         3737    .text               c_w.l(_printf_fp_infnan.o)
    0x08000ce4   0x08000ce4   0x000000e4   Code   RO         3739    .text               c_w.l(bigflt0.o)
    0x08000dc8   0x08000dc8   0x00000008   Code   RO         3764    .text               c_w.l(ferror.o)
    0x08000dd0   0x08000dd0   0x00000138   Code   RO         3770    .text               c_w.l(initio.o)
    0x08000f08   0x08000f08   0x00000066   Code   RO         3785    .text               c_w.l(sys_io.o)
    0x08000f6e   0x08000f6e   0x00000002   PAD
    0x08000f70   0x08000f70   0x00000008   Code   RO         3790    .text               c_w.l(libspace.o)
    0x08000f78   0x08000f78   0x0000004a   Code   RO         3795    .text               c_w.l(sys_stackheap_outer.o)
    0x08000fc2   0x08000fc2   0x0000004e   Code   RO         3799    .text               c_w.l(h1_free.o)
    0x08001010   0x08001010   0x000001d6   Code   RO         3855    .text               c_w.l(flsbuf.o)
    0x080011e6   0x080011e6   0x00000046   Code   RO         3857    .text               c_w.l(setvbuf.o)
    0x0800122c   0x0800122c   0x000000ec   Code   RO         3860    .text               c_w.l(fopen.o)
    0x08001318   0x08001318   0x0000004c   Code   RO         3862    .text               c_w.l(fclose.o)
    0x08001364   0x08001364   0x00000012   Code   RO         3868    .text               c_w.l(exit.o)
    0x08001376   0x08001376   0x0000000e   Code   RO         3874    .text               c_w.l(defsig_rtred_outer.o)
    0x08001384   0x08001384   0x00000080   Code   RO         3878    .text               c_w.l(strcmpv7m.o)
    0x08001404   0x08001404   0x00000002   Code   RO         3951    .text               c_w.l(use_no_semi.o)
    0x08001406   0x08001406   0x00000000   Code   RO         3953    .text               c_w.l(indicate_semi.o)
    0x08001406   0x08001406   0x00000002   PAD
    0x08001408   0x08001408   0x00000008   Code   RO         3961    .text               c_w.l(rt_heap_descriptor_intlibspace.o)
    0x08001410   0x08001410   0x00000004   Code   RO         3963    .text               c_w.l(hguard.o)
    0x08001414   0x08001414   0x0000008a   Code   RO         3965    .text               c_w.l(init_alloc.o)
    0x0800149e   0x0800149e   0x0000005e   Code   RO         3971    .text               c_w.l(h1_alloc.o)
    0x080014fc   0x080014fc   0x000000f8   Code   RO         3987    .text               c_w.l(fseek.o)
    0x080015f4   0x080015f4   0x000000f0   Code   RO         3989    .text               c_w.l(stdio.o)
    0x080016e4   0x080016e4   0x0000000a   Code   RO         3995    .text               c_w.l(defsig_exit.o)
    0x080016ee   0x080016ee   0x00000002   PAD
    0x080016f0   0x080016f0   0x00000034   Code   RO         3999    .text               c_w.l(defsig_rtred_inner.o)
    0x08001724   0x08001724   0x0000003e   Code   RO         4003    .text               c_w.l(strlen.o)
    0x08001762   0x08001762   0x00000002   PAD
    0x08001764   0x08001764   0x0000000c   Code   RO         4009    .text               c_w.l(sys_exit.o)
    0x08001770   0x08001770   0x0000000e   Code   RO         4020    .text               c_w.l(h1_init.o)
    0x0800177e   0x0800177e   0x00000034   Code   RO         4022    .text               c_w.l(h1_extend.o)
    0x080017b2   0x080017b2   0x00000042   Code   RO         4032    .text               c_w.l(ftell.o)
    0x080017f4   0x080017f4   0x00000032   Code   RO         4040    .text               c_w.l(defsig_general.o)
    0x08001826   0x08001826   0x0000000e   Code   RO         4042    .text               c_w.l(defsig_rtmem_outer.o)
    0x08001834   0x08001834   0x0000000e   Code   RO         4055    .text               c_w.l(sys_wrch.o)
    0x08001842   0x08001842   0x00000002   PAD
    0x08001844   0x08001844   0x00000008   Code   RO         4062    .text               c_w.l(rt_errno_addr_intlibspace.o)
    0x0800184c   0x0800184c   0x00000050   Code   RO         4068    .text               c_w.l(defsig_rtmem_inner.o)
    0x0800189c   0x0800189c   0x0000003e   Code   RO         3742    CL$$btod_d2e        c_w.l(btod.o)
    0x080018da   0x080018da   0x00000046   Code   RO         3744    CL$$btod_d2e_denorm_low  c_w.l(btod.o)
    0x08001920   0x08001920   0x00000060   Code   RO         3743    CL$$btod_d2e_norm_op1  c_w.l(btod.o)
    0x08001980   0x08001980   0x00000338   Code   RO         3752    CL$$btod_div_common  c_w.l(btod.o)
    0x08001cb8   0x08001cb8   0x000000dc   Code   RO         3749    CL$$btod_e2e        c_w.l(btod.o)
    0x08001d94   0x08001d94   0x0000002a   Code   RO         3746    CL$$btod_ediv       c_w.l(btod.o)
    0x08001dbe   0x08001dbe   0x0000002a   Code   RO         3745    CL$$btod_emul       c_w.l(btod.o)
    0x08001de8   0x08001de8   0x00000244   Code   RO         3751    CL$$btod_mult_common  c_w.l(btod.o)
    0x0800202c   0x0800202c   0x000000b4   Code   RO           13    i.AutoScanSensor    main.o
    0x080020e0   0x080020e0   0x00000002   Code   RO          434    i.BusFault_Handler  stm32f4xx_it.o
    0x080020e2   0x080020e2   0x00000010   Code   RO          567    i.CheckRange        wit_c_sdk.o
    0x080020f2   0x080020f2   0x00000002   PAD
    0x080020f4   0x080020f4   0x00000158   Code   RO           14    i.CmdProcess        main.o
    0x0800224c   0x0800224c   0x0000004c   Code   RO           15    i.CopeCmdData       main.o
    0x08002298   0x08002298   0x000000b4   Code   RO          568    i.CopeWitData       wit_c_sdk.o
    0x0800234c   0x0800234c   0x00000002   Code   RO          435    i.DebugMon_Handler  stm32f4xx_it.o
    0x0800234e   0x0800234e   0x00000004   Code   RO           16    i.Delayms           main.o
    0x08002352   0x08002352   0x00000004   Code   RO           17    i.Error_Handler     main.o
    0x08002356   0x08002356   0x00000092   Code   RO         1590    i.HAL_DMA_Abort     stm32f4xx_hal_dma.o
    0x080023e8   0x080023e8   0x00000024   Code   RO         1591    i.HAL_DMA_Abort_IT  stm32f4xx_hal_dma.o
    0x0800240c   0x0800240c   0x000001f0   Code   RO         1483    i.HAL_GPIO_Init     stm32f4xx_hal_gpio.o
    0x080025fc   0x080025fc   0x0000000c   Code   RO         2021    i.HAL_GetTick       stm32f4xx_hal.o
    0x08002608   0x08002608   0x00000034   Code   RO         2028    i.HAL_Init          stm32f4xx_hal.o
    0x0800263c   0x0800263c   0x00000040   Code   RO         2029    i.HAL_InitTick      stm32f4xx_hal.o
    0x0800267c   0x0800267c   0x00000034   Code   RO          522    i.HAL_MspInit       stm32f4xx_hal_msp.o
    0x080026b0   0x080026b0   0x0000001a   Code   RO         1873    i.HAL_NVIC_EnableIRQ  stm32f4xx_hal_cortex.o
    0x080026ca   0x080026ca   0x00000002   PAD
    0x080026cc   0x080026cc   0x00000040   Code   RO         1879    i.HAL_NVIC_SetPriority  stm32f4xx_hal_cortex.o
    0x0800270c   0x0800270c   0x00000024   Code   RO         1880    i.HAL_NVIC_SetPriorityGrouping  stm32f4xx_hal_cortex.o
    0x08002730   0x08002730   0x0000013c   Code   RO         1234    i.HAL_RCCEx_PeriphCLKConfig  stm32f4xx_hal_rcc_ex.o
    0x0800286c   0x0800286c   0x00000134   Code   RO         1129    i.HAL_RCC_ClockConfig  stm32f4xx_hal_rcc.o
    0x080029a0   0x080029a0   0x00000020   Code   RO         1136    i.HAL_RCC_GetPCLK1Freq  stm32f4xx_hal_rcc.o
    0x080029c0   0x080029c0   0x00000020   Code   RO         1137    i.HAL_RCC_GetPCLK2Freq  stm32f4xx_hal_rcc.o
    0x080029e0   0x080029e0   0x00000060   Code   RO         1138    i.HAL_RCC_GetSysClockFreq  stm32f4xx_hal_rcc.o
    0x08002a40   0x08002a40   0x0000036c   Code   RO         1141    i.HAL_RCC_OscConfig  stm32f4xx_hal_rcc.o
    0x08002dac   0x08002dac   0x00000002   Code   RO          900    i.HAL_RTCEx_AlarmBEventCallback  stm32f4xx_hal_rtc_ex.o
    0x08002dae   0x08002dae   0x00000002   PAD
    0x08002db0   0x08002db0   0x000000d2   Code   RO          927    i.HAL_RTCEx_SetWakeUpTimer  stm32f4xx_hal_rtc_ex.o
    0x08002e82   0x08002e82   0x00000002   Code   RO          728    i.HAL_RTC_AlarmAEventCallback  stm32f4xx_hal_rtc.o
    0x08002e84   0x08002e84   0x00000058   Code   RO          729    i.HAL_RTC_AlarmIRQHandler  stm32f4xx_hal_rtc.o
    0x08002edc   0x08002edc   0x0000009c   Code   RO          741    i.HAL_RTC_Init      stm32f4xx_hal_rtc.o
    0x08002f78   0x08002f78   0x00000048   Code   RO          262    i.HAL_RTC_MspInit   rtc.o
    0x08002fc0   0x08002fc0   0x000001a0   Code   RO          746    i.HAL_RTC_SetAlarm_IT  stm32f4xx_hal_rtc.o
    0x08003160   0x08003160   0x00000098   Code   RO          747    i.HAL_RTC_SetDate   stm32f4xx_hal_rtc.o
    0x080031f8   0x080031f8   0x000000c0   Code   RO          748    i.HAL_RTC_SetTime   stm32f4xx_hal_rtc.o
    0x080032b8   0x080032b8   0x00000038   Code   RO          749    i.HAL_RTC_WaitForSynchro  stm32f4xx_hal_rtc.o
    0x080032f0   0x080032f0   0x00000028   Code   RO         1884    i.HAL_SYSTICK_Config  stm32f4xx_hal_cortex.o
    0x08003318   0x08003318   0x00000002   Code   RO         2972    i.HAL_TIMEx_BreakCallback  stm32f4xx_hal_tim_ex.o
    0x0800331a   0x0800331a   0x00000002   Code   RO         2973    i.HAL_TIMEx_CommutCallback  stm32f4xx_hal_tim_ex.o
    0x0800331c   0x0800331c   0x00000090   Code   RO         2991    i.HAL_TIMEx_MasterConfigSynchronization  stm32f4xx_hal_tim_ex.o
    0x080033ac   0x080033ac   0x0000005a   Code   RO         2268    i.HAL_TIM_Base_Init  stm32f4xx_hal_tim.o
    0x08003406   0x08003406   0x00000002   PAD
    0x08003408   0x08003408   0x00000054   Code   RO          304    i.HAL_TIM_Base_MspInit  tim.o
    0x0800345c   0x0800345c   0x000000dc   Code   RO         2277    i.HAL_TIM_ConfigClockSource  stm32f4xx_hal_tim.o
    0x08003538   0x08003538   0x00000002   Code   RO         2302    i.HAL_TIM_IC_CaptureCallback  stm32f4xx_hal_tim.o
    0x0800353a   0x0800353a   0x00000130   Code   RO         2316    i.HAL_TIM_IRQHandler  stm32f4xx_hal_tim.o
    0x0800366a   0x0800366a   0x00000002   Code   RO         2319    i.HAL_TIM_OC_DelayElapsedCallback  stm32f4xx_hal_tim.o
    0x0800366c   0x0800366c   0x00000002   Code   RO         2346    i.HAL_TIM_PWM_PulseFinishedCallback  stm32f4xx_hal_tim.o
    0x0800366e   0x0800366e   0x00000002   Code   RO         2354    i.HAL_TIM_PeriodElapsedCallback  stm32f4xx_hal_tim.o
    0x08003670   0x08003670   0x00000002   Code   RO         2359    i.HAL_TIM_TriggerCallback  stm32f4xx_hal_tim.o
    0x08003672   0x08003672   0x00000002   Code   RO         3251    i.HAL_UARTEx_RxEventCallback  stm32f4xx_hal_uart.o
    0x08003674   0x08003674   0x00000002   Code   RO         3265    i.HAL_UART_ErrorCallback  stm32f4xx_hal_uart.o
    0x08003676   0x08003676   0x00000002   PAD
    0x08003678   0x08003678   0x00000270   Code   RO         3268    i.HAL_UART_IRQHandler  stm32f4xx_hal_uart.o
    0x080038e8   0x080038e8   0x00000064   Code   RO         3269    i.HAL_UART_Init     stm32f4xx_hal_uart.o
    0x0800394c   0x0800394c   0x0000011c   Code   RO          352    i.HAL_UART_MspInit  usart.o
    0x08003a68   0x08003a68   0x00000002   Code   RO         3275    i.HAL_UART_RxCpltCallback  stm32f4xx_hal_uart.o
    0x08003a6a   0x08003a6a   0x00000002   Code   RO         3280    i.HAL_UART_TxCpltCallback  stm32f4xx_hal_uart.o
    0x08003a6c   0x08003a6c   0x00000002   Code   RO          436    i.HardFault_Handler  stm32f4xx_it.o
    0x08003a6e   0x08003a6e   0x00000002   PAD
    0x08003a70   0x08003a70   0x0000003c   Code   RO          237    i.MX_GPIO_Init      gpio.o
    0x08003aac   0x08003aac   0x000000d4   Code   RO          263    i.MX_RTC_Init       rtc.o
    0x08003b80   0x08003b80   0x00000068   Code   RO          305    i.MX_TIM2_Init      tim.o
    0x08003be8   0x08003be8   0x0000004c   Code   RO          306    i.MX_TIM9_Init      tim.o
    0x08003c34   0x08003c34   0x00000038   Code   RO          353    i.MX_USART3_UART_Init  usart.o
    0x08003c6c   0x08003c6c   0x00000002   Code   RO          437    i.MemManage_Handler  stm32f4xx_it.o
    0x08003c6e   0x08003c6e   0x00000002   Code   RO          438    i.NMI_Handler       stm32f4xx_it.o
    0x08003c70   0x08003c70   0x00000002   Code   RO          439    i.PendSV_Handler    stm32f4xx_it.o
    0x08003c72   0x08003c72   0x00000002   PAD
    0x08003c74   0x08003c74   0x0000000c   Code   RO          440    i.RTC_Alarm_IRQHandler  stm32f4xx_it.o
    0x08003c80   0x08003c80   0x00000016   Code   RO          751    i.RTC_ByteToBcd2    stm32f4xx_hal_rtc.o
    0x08003c96   0x08003c96   0x00000002   PAD
    0x08003c98   0x08003c98   0x00000048   Code   RO          752    i.RTC_EnterInitMode  stm32f4xx_hal_rtc.o
    0x08003ce0   0x08003ce0   0x0000002a   Code   RO          753    i.RTC_ExitInitMode  stm32f4xx_hal_rtc.o
    0x08003d0a   0x08003d0a   0x00000002   Code   RO          441    i.SVC_Handler       stm32f4xx_it.o
    0x08003d0c   0x08003d0c   0x00000050   Code   RO           18    i.SensorDataUpdata  main.o
    0x08003d5c   0x08003d5c   0x00000004   Code   RO           19    i.SensorUartSend    main.o
    0x08003d60   0x08003d60   0x0000021c   Code   RO           20    i.ShowHelp          main.o
    0x08003f7c   0x08003f7c   0x00000010   Code   RO           21    i.SysTick_Handler   main.o
    0x08003f8c   0x08003f8c   0x00000024   Code   RO          546    i.SysTick_Init      delay.o
    0x08003fb0   0x08003fb0   0x0000009c   Code   RO           22    i.SystemClock_Config  main.o
    0x0800404c   0x0800404c   0x00000010   Code   RO         3603    i.SystemInit        system_stm32f4xx.o
    0x0800405c   0x0800405c   0x0000000c   Code   RO          442    i.TIM1_BRK_TIM9_IRQHandler  stm32f4xx_it.o
    0x08004068   0x08004068   0x000000d8   Code   RO         2361    i.TIM_Base_SetConfig  stm32f4xx_hal_tim.o
    0x08004140   0x08004140   0x00000014   Code   RO         2372    i.TIM_ETR_SetConfig  stm32f4xx_hal_tim.o
    0x08004154   0x08004154   0x00000010   Code   RO         2373    i.TIM_ITRx_SetConfig  stm32f4xx_hal_tim.o
    0x08004164   0x08004164   0x00000022   Code   RO         2379    i.TIM_TI1_ConfigInputStage  stm32f4xx_hal_tim.o
    0x08004186   0x08004186   0x00000024   Code   RO         2381    i.TIM_TI2_ConfigInputStage  stm32f4xx_hal_tim.o
    0x080041aa   0x080041aa   0x00000010   Code   RO         3282    i.UART_DMAAbortOnError  stm32f4xx_hal_uart.o
    0x080041ba   0x080041ba   0x0000004e   Code   RO         3292    i.UART_EndRxTransfer  stm32f4xx_hal_uart.o
    0x08004208   0x08004208   0x000000c2   Code   RO         3294    i.UART_Receive_IT   stm32f4xx_hal_uart.o
    0x080042ca   0x080042ca   0x00000002   PAD
    0x080042cc   0x080042cc   0x0000010c   Code   RO         3295    i.UART_SetConfig    stm32f4xx_hal_uart.o
    0x080043d8   0x080043d8   0x00000038   Code   RO          354    i.USART1_IRQHandler  usart.o
    0x08004410   0x08004410   0x00000034   Code   RO          355    i.USART2_IRQHandler  usart.o
    0x08004444   0x08004444   0x0000000c   Code   RO          443    i.USART3_IRQHandler  stm32f4xx_it.o
    0x08004450   0x08004450   0x00000034   Code   RO          358    i.Uart2Send         usart.o
    0x08004484   0x08004484   0x00000002   Code   RO          444    i.UsageFault_Handler  stm32f4xx_it.o
    0x08004486   0x08004486   0x00000002   PAD
    0x08004488   0x08004488   0x00000038   Code   RO          359    i.Usart1Init        usart.o
    0x080044c0   0x080044c0   0x00000038   Code   RO          360    i.Usart2Init        usart.o
    0x080044f8   0x080044f8   0x00000014   Code   RO          572    i.WitDelayMsRegister  wit_c_sdk.o
    0x0800450c   0x0800450c   0x0000001c   Code   RO          574    i.WitInit           wit_c_sdk.o
    0x08004528   0x08004528   0x00000140   Code   RO          575    i.WitReadReg        wit_c_sdk.o
    0x08004668   0x08004668   0x00000014   Code   RO          576    i.WitRegisterCallBack  wit_c_sdk.o
    0x0800467c   0x0800467c   0x00000118   Code   RO          577    i.WitSerialDataIn   wit_c_sdk.o
    0x08004794   0x08004794   0x00000014   Code   RO          578    i.WitSerialWriteRegister  wit_c_sdk.o
    0x080047a8   0x080047a8   0x00000054   Code   RO          579    i.WitSetBandwidth   wit_c_sdk.o
    0x080047fc   0x080047fc   0x00000054   Code   RO          581    i.WitSetContent     wit_c_sdk.o
    0x08004850   0x08004850   0x00000054   Code   RO          582    i.WitSetOutputRate  wit_c_sdk.o
    0x080048a4   0x080048a4   0x00000054   Code   RO          583    i.WitSetUartBaud    wit_c_sdk.o
    0x080048f8   0x080048f8   0x0000003c   Code   RO          584    i.WitStartAccCali   wit_c_sdk.o
    0x08004934   0x08004934   0x0000003c   Code   RO          585    i.WitStartMagCali   wit_c_sdk.o
    0x08004970   0x08004970   0x0000003c   Code   RO          587    i.WitStopMagCali    wit_c_sdk.o
    0x080049ac   0x080049ac   0x000000e8   Code   RO          588    i.WitWriteReg       wit_c_sdk.o
    0x08004a94   0x08004a94   0x00000030   Code   RO         3783    i.__ARM_fpclassify  m_wm.l(fpclassify.o)
    0x08004ac4   0x08004ac4   0x0000002c   Code   RO          589    i.__CRC16           wit_c_sdk.o
    0x08004af0   0x08004af0   0x00000020   Code   RO         1886    i.__NVIC_SetPriority  stm32f4xx_hal_cortex.o
    0x08004b10   0x08004b10   0x0000000e   Code   RO         3659    i._is_digit         c_w.l(__printf_wp.o)
    0x08004b1e   0x08004b1e   0x00000002   PAD
    0x08004b20   0x08004b20   0x00000014   Code   RO           23    i.delay_ms          main.o
    0x08004b34   0x08004b34   0x0000001a   Code   RO         3767    i.fputc             c_w.l(fputc.o)
    0x08004b4e   0x08004b4e   0x00000002   PAD
    0x08004b50   0x08004b50   0x00000248   Code   RO           24    i.main              main.o
    0x08004d98   0x08004d98   0x0000002c   Code   RO         3779    locale$$code        c_w.l(lc_numeric_c.o)
    0x08004dc4   0x08004dc4   0x0000000c   Code   RO         3706    x$fpl$dretinf       fz_wm.l(dretinf.o)
    0x08004dd0   0x08004dd0   0x00000056   Code   RO         3682    x$fpl$f2d           fz_wm.l(f2d.o)
    0x08004e26   0x08004e26   0x0000008c   Code   RO         3708    x$fpl$fnaninf       fz_wm.l(fnaninf.o)
    0x08004eb2   0x08004eb2   0x0000000a   Code   RO         4007    x$fpl$fpinit        fz_wm.l(fpinit.o)
    0x08004ebc   0x08004ebc   0x00000004   Code   RO         3684    x$fpl$printf1       fz_wm.l(printf1.o)
    0x08004ec0   0x08004ec0   0x00000000   Code   RO         3710    x$fpl$usenofp       fz_wm.l(usenofp.o)
    0x08004ec0   0x08004ec0   0x00000028   Data   RO           26    .constdata          main.o
    0x08004ee8   0x08004ee8   0x00000200   Data   RO          591    .constdata          wit_c_sdk.o
    0x080050e8   0x080050e8   0x00000010   Data   RO         3604    .constdata          system_stm32f4xx.o
    0x080050f8   0x080050f8   0x00000008   Data   RO         3605    .constdata          system_stm32f4xx.o
    0x08005100   0x08005100   0x00000094   Data   RO         3740    .constdata          c_w.l(bigflt0.o)
    0x08005194   0x08005194   0x00000004   Data   RO         3786    .constdata          c_w.l(sys_io.o)
    0x08005198   0x08005198   0x00000004   Data   RO         3787    .constdata          c_w.l(sys_io.o)
    0x0800519c   0x0800519c   0x00000004   Data   RO         3788    .constdata          c_w.l(sys_io.o)
    0x080051a0   0x080051a0   0x00000202   Data   RO           27    .conststring        main.o
    0x080053a2   0x080053a2   0x00000002   PAD
    0x080053a4   0x080053a4   0x00000020   Data   RO         4091    Region$$Table       anon$$obj.o
    0x080053c4   0x080053c4   0x0000001c   Data   RO         3778    locale$$data        c_w.l(lc_numeric_c.o)


    Execution Region RW_IRAM1 (Exec base: 0x20000000, Load base: 0x080053e0, Size: 0x00006598, Max: 0x0001c000, ABSOLUTE)

    Exec Addr    Load Addr    Size         Type   Attr      Idx    E Section Name        Object

    0x20000000   0x080053e0   0x0000000c   Data   RW           28    .data               main.o
    0x2000000c   0x080053ec   0x00000034   Data   RW          592    .data               wit_c_sdk.o
    0x20000040   0x08005420   0x0000000c   Data   RW         2035    .data               stm32f4xx_hal.o
    0x2000004c   0x0800542c   0x00000004   Data   RW         3606    .data               system_stm32f4xx.o
    0x20000050   0x08005430   0x00000004   Data   RW         3701    .data               c_w.l(stdio_streams.o)
    0x20000054   0x08005434   0x00000004   Data   RW         3702    .data               c_w.l(stdio_streams.o)
    0x20000058   0x08005438   0x00000004   Data   RW         3703    .data               c_w.l(stdio_streams.o)
    0x2000005c        -       0x00000032   Zero   RW           25    .bss                main.o
    0x2000008e   0x0800543c   0x00000002   PAD
    0x20000090        -       0x00000020   Zero   RW          264    .bss                rtc.o
    0x200000b0        -       0x00000090   Zero   RW          307    .bss                tim.o
    0x20000140        -       0x000000d8   Zero   RW          361    .bss                usart.o
    0x20000218        -       0x00000220   Zero   RW          590    .bss                wit_c_sdk.o
    0x20000438        -       0x00000054   Zero   RW         3698    .bss                c_w.l(stdio_streams.o)
    0x2000048c        -       0x00000054   Zero   RW         3699    .bss                c_w.l(stdio_streams.o)
    0x200004e0        -       0x00000054   Zero   RW         3700    .bss                c_w.l(stdio_streams.o)
    0x20000534        -       0x00000060   Zero   RW         3791    .bss                c_w.l(libspace.o)
    0x20000594   0x0800543c   0x00000004   PAD
    0x20000598        -       0x00002000   Zero   RW            2    HEAP                startup_stm32f407xx.o
    0x20002598        -       0x00004000   Zero   RW            1    STACK               startup_stm32f407xx.o


    Execution Region RW_IRAM2 (Exec base: 0x2001c000, Load base: 0x0800543c, Size: 0x00000000, Max: 0x00004000, ABSOLUTE)

    **** No section assigned to this execution region ****


==============================================================================

Image component sizes


      Code (inc. data)   RO Data    RW Data    ZI Data      Debug   Object Name

        36          6          0          0          0        467   delay.o
        60          6          0          0          0        819   gpio.o
      2008        848        554         12         50     723842   main.o
       284         16          0          0         32       1699   rtc.o
        64         26        392          0      24576        836   startup_stm32f407xx.o
       128         20          0         12          0       8211   stm32f4xx_hal.o
       198         14          0          0          0      33775   stm32f4xx_hal_cortex.o
       182          0          0          0          0       2075   stm32f4xx_hal_dma.o
       496         46          0          0          0       1516   stm32f4xx_hal_gpio.o
        52          4          0          0          0        850   stm32f4xx_hal_msp.o
      1344         72          0          0          0       5192   stm32f4xx_hal_rcc.o
       316         20          0          0          0       1376   stm32f4xx_hal_rcc_ex.o
      1198         40          0          0          0       8595   stm32f4xx_hal_rtc.o
       212          0          0          0          0       2011   stm32f4xx_hal_rtc_ex.o
       946         46          0          0          0      10061   stm32f4xx_hal_tim.o
       148         28          0          0          0       2453   stm32f4xx_hal_tim_ex.o
      1288         16          0          0          0       8276   stm32f4xx_hal_uart.o
        52         18          0          0          0       5042   stm32f4xx_it.o
        16          4         24          4          0       1103   system_stm32f4xx.o
       264         20          0          0        144       2291   tim.o
       612         88          0          0        216       5209   usart.o
      1676        108        512         52        544      14470   wit_c_sdk.o

    ----------------------------------------------------------------------
     11600       1446       1516         80      25564     840169   Object Totals
         0          0         32          0          0          0   (incl. Generated)
        20          0          2          0          2          0   (incl. Padding)

    ----------------------------------------------------------------------

      Code (inc. data)   RO Data    RW Data    ZI Data      Debug   Library Member Name

         8          0          0          0          0         68   __main.o
       284          0          0          0          0        156   __printf_wp.o
         0          0          0          0          0          0   __rtentry.o
        12          0          0          0          0          0   __rtentry2.o
         6          0          0          0          0          0   __rtentry4.o
        52          8          0          0          0          0   __scatter.o
        26          0          0          0          0          0   __scatter_copy.o
        28          0          0          0          0          0   __scatter_zi.o
        48          6          0          0          0         96   _printf_char_common.o
        36          4          0          0          0         80   _printf_char_file.o
         6          0          0          0          0          0   _printf_d.o
       120         16          0          0          0         92   _printf_dec.o
         6          0          0          0          0          0   _printf_f.o
      1054          0          0          0          0        216   _printf_fp_dec.o
       128         16          0          0          0         84   _printf_fp_infnan.o
       178          0          0          0          0         88   _printf_intcommon.o
         0          0          0          0          0          0   _printf_percent.o
         4          0          0          0          0          0   _printf_percent_end.o
       228          4        148          0          0         96   bigflt0.o
      1936        128          0          0          0        672   btod.o
        10          0          0          0          0         68   defsig_exit.o
        50          0          0          0          0         88   defsig_general.o
        80         58          0          0          0         76   defsig_rtmem_inner.o
        14          0          0          0          0         80   defsig_rtmem_outer.o
        52         38          0          0          0         76   defsig_rtred_inner.o
        14          0          0          0          0         80   defsig_rtred_outer.o
        18          0          0          0          0         80   exit.o
        76          0          0          0          0         88   fclose.o
         8          0          0          0          0         68   ferror.o
       470          0          0          0          0         88   flsbuf.o
       236          4          0          0          0        128   fopen.o
        26          0          0          0          0         68   fputc.o
       248          6          0          0          0         84   fseek.o
        66          0          0          0          0         76   ftell.o
        94          0          0          0          0         80   h1_alloc.o
        52          0          0          0          0         68   h1_extend.o
        78          0          0          0          0         80   h1_free.o
        14          0          0          0          0         84   h1_init.o
         6          0          0          0          0        152   heapauxi.o
         4          0          0          0          0        136   hguard.o
         0          0          0          0          0          0   indicate_semi.o
       138          0          0          0          0        168   init_alloc.o
       312         46          0          0          0        112   initio.o
        44         10         28          0          0         76   lc_numeric_c.o
         2          0          0          0          0          0   libinit.o
        34          0          0          0          0          0   libinit2.o
         2          0          0          0          0          0   libshutdown.o
         6          0          0          0          0          0   libshutdown2.o
         8          4          0          0         96         68   libspace.o
       138          0          0          0          0         80   lludiv10.o
       238          0          0          0          0        100   lludivv7m.o
         0          0          0          0          0          0   maybetermalloc1.o
        24          4          0          0          0         84   noretval__2printf.o
         8          4          0          0          0         68   rt_errno_addr_intlibspace.o
         8          4          0          0          0         68   rt_heap_descriptor_intlibspace.o
         8          4          0          0          0         68   rt_locale_intlibspace.o
        68          0          0          0          0         68   rt_memclr.o
        78          0          0          0          0         80   rt_memclr_w.o
       138          0          0          0          0         68   rt_memcpy_v6.o
       100          0          0          0          0         80   rt_memcpy_w.o
         2          0          0          0          0          0   rtexit.o
        10          0          0          0          0          0   rtexit2.o
        70          0          0          0          0         80   setvbuf.o
       240          6          0          0          0        156   stdio.o
         0          0          0         12        252          0   stdio_streams.o
       128          0          0          0          0         68   strcmpv7m.o
        62          0          0          0          0         76   strlen.o
        12          4          0          0          0         68   sys_exit.o
       102          0         12          0          0        240   sys_io.o
        74          0          0          0          0         80   sys_stackheap_outer.o
        14          0          0          0          0         76   sys_wrch.o
         2          0          0          0          0         68   use_no_semi.o
        12          0          0          0          0        116   dretinf.o
        86          4          0          0          0        132   f2d.o
       140          4          0          0          0        132   fnaninf.o
        10          0          0          0          0        116   fpinit.o
         4          0          0          0          0        116   printf1.o
         0          0          0          0          0          0   usenofp.o
        48          0          0          0          0        124   fpclassify.o

    ----------------------------------------------------------------------
      8168        382        188         12        352       6232   Library Totals
        22          0          0          0          4          0   (incl. Padding)

    ----------------------------------------------------------------------

      Code (inc. data)   RO Data    RW Data    ZI Data      Debug   Library Name

      7846        374        188         12        348       5496   c_w.l
       252          8          0          0          0        612   fz_wm.l
        48          0          0          0          0        124   m_wm.l

    ----------------------------------------------------------------------
      8168        382        188         12        352       6232   Library Totals

    ----------------------------------------------------------------------

==============================================================================


      Code (inc. data)   RO Data    RW Data    ZI Data      Debug   

     19768       1828       1704         92      25916     832433   Grand Totals
     19768       1828       1704         92      25916     832433   ELF Image Totals
     19768       1828       1704         92          0          0   ROM Totals

==============================================================================

    Total RO  Size (Code + RO Data)                21472 (  20.97kB)
    Total RW  Size (RW Data + ZI Data)             26008 (  25.40kB)
    Total ROM Size (Code + RO Data + RW Data)      21564 (  21.06kB)

==============================================================================

