C:/Users/User/Desktop/f4_wit/Core/Src/main.c:37:6:delay_ms	24	static
C:/Users/User/Desktop/f4_wit/Core/Src/main.c:90:5:main	48	static
C:/Users/User/Desktop/f4_wit/Core/Src/main.c:149:6:SystemClock_Config	88	static
C:/Users/User/Desktop/f4_wit/Core/Src/main.c:193:6:CopeCmdData	16	static
C:/Users/User/Desktop/f4_wit/Core/Src/main.c:218:13:ShowHelp	8	static
C:/Users/User/Desktop/f4_wit/Core/Src/main.c:236:13:CmdProcess	8	static
C:/Users/User/Desktop/f4_wit/Core/Src/main.c:295:13:SensorUartSend	16	static
C:/Users/User/Desktop/f4_wit/Core/Src/main.c:300:13:Delayms	16	static
C:/Users/User/Desktop/f4_wit/Core/Src/main.c:305:13:SensorDataUpdata	24	static
C:/Users/User/Desktop/f4_wit/Core/Src/main.c:340:13:AutoScanSensor	16	static
C:/Users/User/Desktop/f4_wit/Core/Src/main.c:365:6:SysTick_Handler	4	static
C:/Users/User/Desktop/f4_wit/Core/Src/main.c:375:6:Error_Handler	4	static,ignoring_inline_asm
