C:/Users/User/Desktop/f4_wit/Core/Src/main.c:37:6:delay_ms	2
C:/Users/User/Desktop/f4_wit/Core/Src/main.c:90:5:main	1
C:/Users/User/Desktop/f4_wit/Core/Src/main.c:149:6:SystemClock_Config	3
C:/Users/User/Desktop/f4_wit/Core/Src/main.c:193:6:CopeCmdData	6
C:/Users/User/Desktop/f4_wit/Core/Src/main.c:218:13:ShowHelp	1
C:/Users/User/Desktop/f4_wit/Core/Src/main.c:236:13:CmdProcess	24
C:/Users/User/Desktop/f4_wit/Core/Src/main.c:295:13:SensorUartSend	1
C:/Users/User/Desktop/f4_wit/Core/Src/main.c:300:13:Delayms	1
C:/Users/User/Desktop/f4_wit/Core/Src/main.c:305:13:SensorDataUpdata	6
C:/Users/User/Desktop/f4_wit/Core/Src/main.c:340:13:AutoScanSensor	4
C:/Users/User/Desktop/f4_wit/Core/Src/main.c:365:6:SysTick_Handler	1
C:/Users/User/Desktop/f4_wit/Core/Src/main.c:375:6:Error_Handler	1
