C:/Users/User/Desktop/f4_wit/Core/Src/usart.c:33:6:MX_USART1_UART_Init	4	static
C:/Users/User/Desktop/f4_wit/Core/Src/usart.c:34:6:Usart1Init	16	static
C:/Users/User/Desktop/f4_wit/Core/Src/usart.c:63:6:MX_USART2_UART_Init	4	static
C:/Users/User/Desktop/f4_wit/Core/Src/usart.c:64:6:Usart၂Init	16	static
C:/Users/User/Desktop/f4_wit/Core/Src/usart.c:93:6:MX_USART3_UART_Init	8	static
C:/Users/User/Desktop/f4_wit/Core/Src/usart.c:121:6:HAL_UART_MspInit	64	static
C:/Users/User/Desktop/f4_wit/Core/Src/usart.c:208:6:HAL_UART_MspDeInit	16	static
C:/Users/User/Desktop/f4_wit/Core/Src/usart.c:275:10:USART_ReceiveData	16	static
C:/Users/User/Desktop/f4_wit/Core/Src/usart.c:286:6:USART1_IRQHandler	16	static
C:/Users/User/Desktop/f4_wit/Core/Src/usart.c:302:6:USART_SendData	16	static
C:/Users/User/Desktop/f4_wit/Core/Src/usart.c:311:6:USART2_IRQHandler	16	static
C:/Users/User/Desktop/f4_wit/Core/Src/usart.c:323:6:Uart2Send	24	static
