../Application/User/Core/wit_c_sdk.c:64:17:__CRC16	32	static
../Application/User/Core/wit_c_sdk.c:80:16:__CaliSum	24	static
../Application/User/Core/wit_c_sdk.c:87:9:WitSerialWriteRegister	16	static
../Application/User/Core/wit_c_sdk.c:93:6:CopeWitData	48	static
../Application/User/Core/wit_c_sdk.c:135:6:WitSerialDataIn	32	static
../Application/User/Core/wit_c_sdk.c:205:9:WitI2cFuncRegister	16	static
../Application/User/Core/wit_c_sdk.c:213:9:WitCanWriteRegister	16	static
../Application/User/Core/wit_c_sdk.c:219:6:WitCanDataIn	24	static
../Application/User/Core/wit_c_sdk.c:239:9:WitRegisterCallBack	16	static
../Application/User/Core/wit_c_sdk.c:245:9:WitWriteReg	40	static
../Application/User/Core/wit_c_sdk.c:297:9:WitReadReg	40	static
../Application/User/Core/wit_c_sdk.c:361:9:WitInit	16	static
../Application/User/Core/wit_c_sdk.c:369:6:WitDeInit	4	static
../Application/User/Core/wit_c_sdk.c:381:9:WitDelayMsRegister	16	static
../Application/User/Core/wit_c_sdk.c:388:6:CheckRange	16	static
../Application/User/Core/wit_c_sdk.c:394:9:WitStartAccCali	8	static
../Application/User/Core/wit_c_sdk.c:406:9:WitStopAccCali	8	static
../Application/User/Core/wit_c_sdk.c:416:9:WitStartMagCali	8	static
../Application/User/Core/wit_c_sdk.c:425:9:WitStopMagCali	8	static
../Application/User/Core/wit_c_sdk.c:435:9:WitSetUartBaud	16	static
../Application/User/Core/wit_c_sdk.c:449:9:WitSetCanBaud	16	static
../Application/User/Core/wit_c_sdk.c:463:9:WitSetBandwidth	16	static
../Application/User/Core/wit_c_sdk.c:478:9:WitSetOutputRate	16	static
../Application/User/Core/wit_c_sdk.c:493:9:WitSetContent	16	static
